Archive member included to satisfy reference by file (symbol)

c:/st/stm32cubeide_1.3.0/stm32cubeide/plugins/com.st.stm32cube.ide.mcu.externaltools.gnu-tools-for-stm32.7-2018-q2-update.win32_1.5.0.202011040924/tools/bin/../lib/gcc/arm-none-eabi/7.3.1/../../../../arm-none-eabi/lib/thumb/v7e-m/fpv4-sp/hard\libc_nano.a(lib_a-errno.o)
                              Core/Src/syscalls.o (__errno)
c:/st/stm32cubeide_1.3.0/stm32cubeide/plugins/com.st.stm32cube.ide.mcu.externaltools.gnu-tools-for-stm32.7-2018-q2-update.win32_1.5.0.202011040924/tools/bin/../lib/gcc/arm-none-eabi/7.3.1/../../../../arm-none-eabi/lib/thumb/v7e-m/fpv4-sp/hard\libc_nano.a(lib_a-exit.o)
                              c:/st/stm32cubeide_1.3.0/stm32cubeide/plugins/com.st.stm32cube.ide.mcu.externaltools.gnu-tools-for-stm32.7-2018-q2-update.win32_1.5.0.202011040924/tools/bin/../lib/gcc/arm-none-eabi/7.3.1/../../../../arm-none-eabi/lib/thumb/v7e-m/fpv4-sp/hard/crt0.o (exit)
c:/st/stm32cubeide_1.3.0/stm32cubeide/plugins/com.st.stm32cube.ide.mcu.externaltools.gnu-tools-for-stm32.7-2018-q2-update.win32_1.5.0.202011040924/tools/bin/../lib/gcc/arm-none-eabi/7.3.1/../../../../arm-none-eabi/lib/thumb/v7e-m/fpv4-sp/hard\libc_nano.a(lib_a-impure.o)
                              c:/st/stm32cubeide_1.3.0/stm32cubeide/plugins/com.st.stm32cube.ide.mcu.externaltools.gnu-tools-for-stm32.7-2018-q2-update.win32_1.5.0.202011040924/tools/bin/../lib/gcc/arm-none-eabi/7.3.1/../../../../arm-none-eabi/lib/thumb/v7e-m/fpv4-sp/hard\libc_nano.a(lib_a-exit.o) (_global_impure_ptr)
c:/st/stm32cubeide_1.3.0/stm32cubeide/plugins/com.st.stm32cube.ide.mcu.externaltools.gnu-tools-for-stm32.7-2018-q2-update.win32_1.5.0.202011040924/tools/bin/../lib/gcc/arm-none-eabi/7.3.1/../../../../arm-none-eabi/lib/thumb/v7e-m/fpv4-sp/hard\libc_nano.a(lib_a-init.o)
                              c:/st/stm32cubeide_1.3.0/stm32cubeide/plugins/com.st.stm32cube.ide.mcu.externaltools.gnu-tools-for-stm32.7-2018-q2-update.win32_1.5.0.202011040924/tools/bin/../lib/gcc/arm-none-eabi/7.3.1/../../../../arm-none-eabi/lib/thumb/v7e-m/fpv4-sp/hard/crt0.o (__libc_init_array)
c:/st/stm32cubeide_1.3.0/stm32cubeide/plugins/com.st.stm32cube.ide.mcu.externaltools.gnu-tools-for-stm32.7-2018-q2-update.win32_1.5.0.202011040924/tools/bin/../lib/gcc/arm-none-eabi/7.3.1/../../../../arm-none-eabi/lib/thumb/v7e-m/fpv4-sp/hard\libc_nano.a(lib_a-malloc.o)
                              Middlewares/ST/STM32_USB_Device_Library/Class/CDC/Src/usbd_cdc.o (malloc)
c:/st/stm32cubeide_1.3.0/stm32cubeide/plugins/com.st.stm32cube.ide.mcu.externaltools.gnu-tools-for-stm32.7-2018-q2-update.win32_1.5.0.202011040924/tools/bin/../lib/gcc/arm-none-eabi/7.3.1/../../../../arm-none-eabi/lib/thumb/v7e-m/fpv4-sp/hard\libc_nano.a(lib_a-memcpy-stub.o)
                              Core/Src/command_respond.o (memcpy)
c:/st/stm32cubeide_1.3.0/stm32cubeide/plugins/com.st.stm32cube.ide.mcu.externaltools.gnu-tools-for-stm32.7-2018-q2-update.win32_1.5.0.202011040924/tools/bin/../lib/gcc/arm-none-eabi/7.3.1/../../../../arm-none-eabi/lib/thumb/v7e-m/fpv4-sp/hard\libc_nano.a(lib_a-memmove.o)
                              Core/Src/communicate_payload.o (memmove)
c:/st/stm32cubeide_1.3.0/stm32cubeide/plugins/com.st.stm32cube.ide.mcu.externaltools.gnu-tools-for-stm32.7-2018-q2-update.win32_1.5.0.202011040924/tools/bin/../lib/gcc/arm-none-eabi/7.3.1/../../../../arm-none-eabi/lib/thumb/v7e-m/fpv4-sp/hard\libc_nano.a(lib_a-memset.o)
                              c:/st/stm32cubeide_1.3.0/stm32cubeide/plugins/com.st.stm32cube.ide.mcu.externaltools.gnu-tools-for-stm32.7-2018-q2-update.win32_1.5.0.202011040924/tools/bin/../lib/gcc/arm-none-eabi/7.3.1/../../../../arm-none-eabi/lib/thumb/v7e-m/fpv4-sp/hard/crt0.o (memset)
c:/st/stm32cubeide_1.3.0/stm32cubeide/plugins/com.st.stm32cube.ide.mcu.externaltools.gnu-tools-for-stm32.7-2018-q2-update.win32_1.5.0.202011040924/tools/bin/../lib/gcc/arm-none-eabi/7.3.1/../../../../arm-none-eabi/lib/thumb/v7e-m/fpv4-sp/hard\libc_nano.a(lib_a-nano-freer.o)
                              c:/st/stm32cubeide_1.3.0/stm32cubeide/plugins/com.st.stm32cube.ide.mcu.externaltools.gnu-tools-for-stm32.7-2018-q2-update.win32_1.5.0.202011040924/tools/bin/../lib/gcc/arm-none-eabi/7.3.1/../../../../arm-none-eabi/lib/thumb/v7e-m/fpv4-sp/hard\libc_nano.a(lib_a-malloc.o) (_free_r)
c:/st/stm32cubeide_1.3.0/stm32cubeide/plugins/com.st.stm32cube.ide.mcu.externaltools.gnu-tools-for-stm32.7-2018-q2-update.win32_1.5.0.202011040924/tools/bin/../lib/gcc/arm-none-eabi/7.3.1/../../../../arm-none-eabi/lib/thumb/v7e-m/fpv4-sp/hard\libc_nano.a(lib_a-nano-mallocr.o)
                              c:/st/stm32cubeide_1.3.0/stm32cubeide/plugins/com.st.stm32cube.ide.mcu.externaltools.gnu-tools-for-stm32.7-2018-q2-update.win32_1.5.0.202011040924/tools/bin/../lib/gcc/arm-none-eabi/7.3.1/../../../../arm-none-eabi/lib/thumb/v7e-m/fpv4-sp/hard\libc_nano.a(lib_a-malloc.o) (_malloc_r)
[...]
Memory Configuration

Name             Origin             Length             Attributes
CCMRAM           0x0000000010000000 0x0000000000010000 xrw
RAM              0x0000000020000000 0x0000000000020000 xrw
FLASH            0x0000000008000000 0x0000000000100000 xr
*default*        0x0000000000000000 0xffffffffffffffff

Linker script and memory map

LOAD c:/st/stm32cubeide_1.3.0/stm32cubeide/plugins/com.st.stm32cube.ide.mcu.externaltools.gnu-tools-for-stm32.7-2018-q2-update.win32_1.5.0.202011040924/tools/bin/../lib/gcc/arm-none-eabi/7.3.1/thumb/v7e-m/fpv4-sp/hard/crti.o
LOAD c:/st/stm32cubeide_1.3.0/stm32cubeide/plugins/com.st.stm32cube.ide.mcu.externaltools.gnu-tools-for-stm32.7-2018-q2-update.win32_1.5.0.202011040924/tools/bin/../lib/gcc/arm-none-eabi/7.3.1/thumb/v7e-m/fpv4-sp/hard/crtbegin.o
LOAD c:/st/stm32cubeide_1.3.0/stm32cubeide/plugins/com.st.stm32cube.ide.mcu.externaltools.gnu-tools-for-stm32.7-2018-q2-update.win32_1.5.0.202011040924/tools/bin/../lib/gcc/arm-none-eabi/7.3.1/../../../../arm-none-eabi/lib/thumb/v7e-m/fpv4-sp/hard/crt0.o
LOAD Core/Src/command_respond.o
LOAD Core/Src/common_def.o
LOAD Core/Src/communicate_payload.o
LOAD Core/Src/dma.o
LOAD Core/Src/freertos.o
LOAD Core/Src/fsmc.o
LOAD Core/Src/gpio.o
LOAD Core/Src/kinematic.o
LOAD Core/Src/main.o
LOAD Core/Src/ringbuffer.o
LOAD Core/Src/robot_lowlayler.o
LOAD Core/Src/robot_scara.o
LOAD Core/Src/stm32f4xx_hal_msp.o
LOAD Core/Src/stm32f4xx_hal_timebase_tim.o
LOAD Core/Src/stm32f4xx_it.o
LOAD Core/Src/sys.o
LOAD Core/Src/syscalls.o
LOAD Core/Src/sysmem.o
LOAD Core/Src/system_stm32f4xx.o
LOAD Core/Src/tim.o
LOAD Core/Src/usart.o
LOAD Core/Startup/startup_stm32f407vgtx.o
LOAD Drivers/STM32F4xx_HAL_Driver/Src/stm32f4xx_hal.o
LOAD Drivers/STM32F4xx_HAL_Driver/Src/stm32f4xx_hal_cortex.o
LOAD Drivers/STM32F4xx_HAL_Driver/Src/stm32f4xx_hal_dma.o
LOAD Drivers/STM32F4xx_HAL_Driver/Src/stm32f4xx_hal_dma_ex.o
LOAD Drivers/STM32F4xx_HAL_Driver/Src/stm32f4xx_hal_exti.o
LOAD Drivers/STM32F4xx_HAL_Driver/Src/stm32f4xx_hal_flash.o
LOAD Drivers/STM32F4xx_HAL_Driver/Src/stm32f4xx_hal_flash_ex.o
LOAD Drivers/STM32F4xx_HAL_Driver/Src/stm32f4xx_hal_flash_ramfunc.o
LOAD Drivers/STM32F4xx_HAL_Driver/Src/stm32f4xx_hal_gpio.o
LOAD Drivers/STM32F4xx_HAL_Driver/Src/stm32f4xx_hal_nor.o
LOAD Drivers/STM32F4xx_HAL_Driver/Src/stm32f4xx_hal_pcd.o
LOAD Drivers/STM32F4xx_HAL_Driver/Src/stm32f4xx_hal_pcd_ex.o
LOAD Drivers/STM32F4xx_HAL_Driver/Src/stm32f4xx_hal_pwr.o
LOAD Drivers/STM32F4xx_HAL_Driver/Src/stm32f4xx_hal_pwr_ex.o
LOAD Drivers/STM32F4xx_HAL_Driver/Src/stm32f4xx_hal_rcc.o
LOAD Drivers/STM32F4xx_HAL_Driver/Src/stm32f4xx_hal_rcc_ex.o
LOAD Drivers/STM32F4xx_HAL_Driver/Src/stm32f4xx_hal_tim.o
LOAD Drivers/STM32F4xx_HAL_Driver/Src/stm32f4xx_hal_tim_ex.o
LOAD Drivers/STM32F4xx_HAL_Driver/Src/stm32f4xx_hal_uart.o
LOAD Drivers/STM32F4xx_HAL_Driver/Src/stm32f4xx_ll_fsmc.o
LOAD Drivers/STM32F4xx_HAL_Driver/Src/stm32f4xx_ll_usb.o
LOAD Middlewares/ST/STM32_USB_Device_Library/Class/CDC/Src/usbd_cdc.o
LOAD Middlewares/ST/STM32_USB_Device_Library/Core/Src/usbd_core.o
LOAD Middlewares/ST/STM32_USB_Device_Library/Core/Src/usbd_ctlreq.o
LOAD Middlewares/ST/STM32_USB_Device_Library/Core/Src/usbd_ioreq.o
LOAD Middlewares/Third_Party/FreeRTOS/Source/CMSIS_RTOS/cmsis_os.o
LOAD Middlewares/Third_Party/FreeRTOS/Source/croutine.o
LOAD Middlewares/Third_Party/FreeRTOS/Source/event_groups.o
LOAD Middlewares/Third_Party/FreeRTOS/Source/list.o
LOAD Middlewares/Third_Party/FreeRTOS/Source/queue.o
LOAD Middlewares/Third_Party/FreeRTOS/Source/stream_buffer.o
LOAD Middlewares/Third_Party/FreeRTOS/Source/tasks.o
LOAD Middlewares/Third_Party/FreeRTOS/Source/timers.o
LOAD Middlewares/Third_Party/FreeRTOS/Source/portable/GCC/ARM_CM4F/port.o
LOAD Middlewares/Third_Party/FreeRTOS/Source/portable/MemMang/heap_4.o
LOAD USB_DEVICE/App/usb_device.o
LOAD USB_DEVICE/App/usbd_cdc_if.o
LOAD USB_DEVICE/App/usbd_desc.o
LOAD USB_DEVICE/Target/usbd_conf.o
START GROUP
LOAD c:/st/stm32cubeide_1.3.0/stm32cubeide/plugins/com.st.stm32cube.ide.mcu.externaltools.gnu-tools-for-stm32.7-2018-q2-update.win32_1.5.0.202011040924/tools/bin/../lib/gcc/arm-none-eabi/7.3.1/../../../../arm-none-eabi/lib/thumb/v7e-m/fpv4-sp/hard\libc_nano.a
LOAD c:/st/stm32cubeide_1.3.0/stm32cubeide/plugins/com.st.stm32cube.ide.mcu.externaltools.gnu-tools-for-stm32.7-2018-q2-update.win32_1.5.0.202011040924/tools/bin/../lib/gcc/arm-none-eabi/7.3.1/../../../../arm-none-eabi/lib/thumb/v7e-m/fpv4-sp/hard\libm.a
END GROUP
START GROUP
LOAD c:/st/stm32cubeide_1.3.0/stm32cubeide/plugins/com.st.stm32cube.ide.mcu.externaltools.gnu-tools-for-stm32.7-2018-q2-update.win32_1.5.0.202011040924/tools/bin/../lib/gcc/arm-none-eabi/7.3.1/thumb/v7e-m/fpv4-sp/hard\libgcc.a
LOAD c:/st/stm32cubeide_1.3.0/stm32cubeide/plugins/com.st.stm32cube.ide.mcu.externaltools.gnu-tools-for-stm32.7-2018-q2-update.win32_1.5.0.202011040924/tools/bin/../lib/gcc/arm-none-eabi/7.3.1/../../../../arm-none-eabi/lib/thumb/v7e-m/fpv4-sp/hard\libc_nano.a
END GROUP
START GROUP
LOAD c:/st/stm32cubeide_1.3.0/stm32cubeide/plugins/com.st.stm32cube.ide.mcu.externaltools.gnu-tools-for-stm32.7-2018-q2-update.win32_1.5.0.202011040924/tools/bin/../lib/gcc/arm-none-eabi/7.3.1/thumb/v7e-m/fpv4-sp/hard\libgcc.a
LOAD c:/st/stm32cubeide_1.3.0/stm32cubeide/plugins/com.st.stm32cube.ide.mcu.externaltools.gnu-tools-for-stm32.7-2018-q2-update.win32_1.5.0.202011040924/tools/bin/../lib/gcc/arm-none-eabi/7.3.1/../../../../arm-none-eabi/lib/thumb/v7e-m/fpv4-sp/hard\libc_nano.a
LOAD c:/st/stm32cubeide_1.3.0/stm32cubeide/plugins/com.st.stm32cube.ide.mcu.externaltools.gnu-tools-for-stm32.7-2018-q2-update.win32_1.5.0.202011040924/tools/bin/../lib/gcc/arm-none-eabi/7.3.1/../../../../arm-none-eabi/lib/thumb/v7e-m/fpv4-sp/hard\libnosys.a
END GROUP
START GROUP
LOAD c:/st/stm32cubeide_1.3.0/stm32cubeide/plugins/com.st.stm32cube.ide.mcu.externaltools.gnu-tools-for-stm32.7-2018-q2-update.win32_1.5.0.202011040924/tools/bin/../lib/gcc/arm-none-eabi/7.3.1/thumb/v7e-m/fpv4-sp/hard\libgcc.a
LOAD c:/st/stm32cubeide_1.3.0/stm32cubeide/plugins/com.st.stm32cube.ide.mcu.externaltools.gnu-tools-for-stm32.7-2018-q2-update.win32_1.5.0.202011040924/tools/bin/../lib/gcc/arm-none-eabi/7.3.1/../../../../arm-none-eabi/lib/thumb/v7e-m/fpv4-sp/hard\libc_nano.a
LOAD c:/st/stm32cubeide_1.3.0/stm32cubeide/plugins/com.st.stm32cube.ide.mcu.externaltools.gnu-tools-for-stm32.7-2018-q2-update.win32_1.5.0.202011040924/tools/bin/../lib/gcc/arm-none-eabi/7.3.1/../../../../arm-none-eabi/lib/thumb/v7e-m/fpv4-sp/hard\libnosys.a
END GROUP
LOAD c:/st/stm32cubeide_1.3.0/stm32cubeide/plugins/com.st.stm32cube.ide.mcu.externaltools.gnu-tools-for-stm32.7-2018-q2-update.win32_1.5.0.202011040924/tools/bin/../lib/gcc/arm-none-eabi/7.3.1/thumb/v7e-m/fpv4-sp/hard/crtend.o
LOAD c:/st/stm32cubeide_1.3.0/stm32cubeide/plugins/com.st.stm32cube.ide.mcu.externaltools.gnu-tools-for-stm32.7-2018-q2-update.win32_1.5.0.202011040924/tools/bin/../lib/gcc/arm-none-eabi/7.3.1/thumb/v7e-m/fpv4-sp/hard/crtn.o
                0x0000000020020000                _estack = (ORIGIN (RAM) + LENGTH (RAM))
                0x0000000000000200                _Min_Heap_Size = 0x200
                0x0000000000000400                _Min_Stack_Size = 0x400

.isr_vector     0x0000000008000000      0x188
                0x0000000008000000                . = ALIGN (0x4)
 *(.isr_vector)
 .isr_vector    0x0000000008000000      0x188 Core/Startup/startup_stm32f407vgtx.o
                0x0000000008000000                g_pfnVectors
                0x0000000008000188                . = ALIGN (0x4)

.text           0x0000000008000190    0x1afac
                0x0000000008000190                . = ALIGN (0x4)
 *(.text)
 .text          0x0000000008000190       0x40 c:/st/stm32cubeide_1.3.0/stm32cubeide/plugins/com.st.stm32cube.ide.mcu.externaltools.gnu-tools-for-stm32.7-2018-q2-update.win32_1.5.0.202011040924/tools/bin/../lib/gcc/arm-none-eabi/7.3.1/thumb/v7e-m/fpv4-sp/hard/crtbegin.o
 .text          0x00000000080001d0       0x10 c:/st/stm32cubeide_1.3.0/stm32cubeide/plugins/com.st.stm32cube.ide.mcu.externaltools.gnu-tools-for-stm32.7-2018-q2-update.win32_1.5.0.202011040924/tools/bin/../lib/gcc/arm-none-eabi/7.3.1/../../../../arm-none-eabi/lib/thumb/v7e-m/fpv4-sp/hard\libc_nano.a(lib_a-strlen.o)
                0x00000000080001d0                strlen
 .text          0x00000000080001e0       0xa0 c:/st/stm32cubeide_1.3.0/stm32cubeide/plugins/com.st.stm32cube.ide.mcu.externaltools.gnu-tools-for-stm32.7-2018-q2-update.win32_1.5.0.202011040924/tools/bin/../lib/gcc/arm-none-eabi/7.3.1/../../../../arm-none-eabi/lib/thumb/v7e-m/fpv4-sp/hard\libc_nano.a(lib_a-memchr.o)
                0x00000000080001e0                memchr
 .text          0x0000000008000280      0x378 c:/st/stm32cubeide_1.3.0/stm32cubeide/plugins/com.st.stm32cube.ide.mcu.externaltools.gnu-tools-for-stm32.7-2018-q2-update.win32_1.5.0.202011040924/tools/bin/../lib/gcc/arm-none-eabi/7.3.1/thumb/v7e-m/fpv4-sp/hard\libgcc.a(_arm_addsubdf3.o)
                0x0000000008000280                __aeabi_drsub
                0x0000000008000288                __aeabi_dsub
                0x0000000008000288                __subdf3
                0x000000000800028c                __aeabi_dadd
                0x000000000800028c                __adddf3
                0x0000000008000504                __floatunsidf
                0x0000000008000504                __aeabi_ui2d
                0x0000000008000524                __floatsidf
                0x0000000008000524                __aeabi_i2d
                0x0000000008000548                __aeabi_f2d
                0x0000000008000548                __extendsfdf2
                0x000000000800058c                __floatundidf
                0x000000000800058c                __aeabi_ul2d
                0x000000000800059c                __floatdidf
                0x000000000800059c                __aeabi_l2d
 .text          0x00000000080005f8      0x424 c:/st/stm32cubeide_1.3.0/stm32cubeide/plugins/com.st.stm32cube.ide.mcu.externaltools.gnu-tools-for-stm32.7-2018-q2-update.win32_1.5.0.202011040924/tools/bin/../lib/gcc/arm-none-eabi/7.3.1/thumb/v7e-m/fpv4-sp/hard\libgcc.a(_arm_muldivdf3.o)
                0x00000000080005f8                __aeabi_dmul
                0x00000000080005f8                __muldf3
                0x000000000800084c                __divdf3
                0x000000000800084c                __aeabi_ddiv
 .text          0x0000000008000a1c      0x110 c:/st/stm32cubeide_1.3.0/stm32cubeide/plugins/com.st.stm32cube.ide.mcu.externaltools.gnu-tools-for-stm32.7-2018-q2-update.win32_1.5.0.202011040924/tools/bin/../lib/gcc/arm-none-eabi/7.3.1/thumb/v7e-m/fpv4-sp/hard\libgcc.a(_arm_cmpdf2.o)
                0x0000000008000a1c                __gtdf2
                0x0000000008000a1c                __gedf2
                0x0000000008000a24                __ltdf2
                0x0000000008000a24                __ledf2
                0x0000000008000a2c                __nedf2
                0x0000000008000a2c                __eqdf2
                0x0000000008000a2c                __cmpdf2
                0x0000000008000aa8                __aeabi_cdrcmple
                0x0000000008000ab8                __aeabi_cdcmpeq
                0x0000000008000ab8                __aeabi_cdcmple
                0x0000000008000ac8                __aeabi_dcmpeq
                0x0000000008000adc                __aeabi_dcmplt
                0x0000000008000af0                __aeabi_dcmple
                0x0000000008000b04                __aeabi_dcmpge
                0x0000000008000b18                __aeabi_dcmpgt
 .text          0x0000000008000b2c       0x2c c:/st/stm32cubeide_1.3.0/stm32cubeide/plugins/com.st.stm32cube.ide.mcu.externaltools.gnu-tools-for-stm32.7-2018-q2-update.win32_1.5.0.202011040924/tools/bin/../lib/gcc/arm-none-eabi/7.3.1/thumb/v7e-m/fpv4-sp/hard\libgcc.a(_arm_unorddf2.o)
                0x0000000008000b2c                __unorddf2
                0x0000000008000b2c                __aeabi_dcmpun
 .text          0x0000000008000b58       0x50 c:/st/stm32cubeide_1.3.0/stm32cubeide/plugins/com.st.stm32cube.ide.mcu.externaltools.gnu-tools-for-stm32.7-2018-q2-update.win32_1.5.0.202011040924/tools/bin/../lib/gcc/arm-none-eabi/7.3.1/thumb/v7e-m/fpv4-sp/hard\libgcc.a(_arm_fixdfsi.o)
                0x0000000008000b58                __aeabi_d2iz
                0x0000000008000b58                __fixdfsi
 .text          0x0000000008000ba8       0x40 c:/st/stm32cubeide_1.3.0/stm32cubeide/plugins/com.st.stm32cube.ide.mcu.externaltools.gnu-tools-for-stm32.7-2018-q2-update.win32_1.5.0.202011040924/tools/bin/../lib/gcc/arm-none-eabi/7.3.1/thumb/v7e-m/fpv4-sp/hard\libgcc.a(_arm_fixunsdfsi.o)
                0x0000000008000ba8                __aeabi_d2uiz
                0x0000000008000ba8                __fixunsdfsi
 .text          0x0000000008000be8       0xa0 c:/st/stm32cubeide_1.3.0/stm32cubeide/plugins/com.st.stm32cube.ide.mcu.externaltools.gnu-tools-for-stm32.7-2018-q2-update.win32_1.5.0.202011040924/tools/bin/../lib/gcc/arm-none-eabi/7.3.1/thumb/v7e-m/fpv4-sp/hard\libgcc.a(_arm_truncdfsf2.o)
                0x0000000008000be8                __truncdfsf2
                0x0000000008000be8                __aeabi_d2f
 .text          0x0000000008000c88       0x30 c:/st/stm32cubeide_1.3.0/stm32cubeide/plugins/com.st.stm32cube.ide.mcu.externaltools.gnu-tools-for-stm32.7-2018-q2-update.win32_1.5.0.202011040924/tools/bin/../lib/gcc/arm-none-eabi/7.3.1/thumb/v7e-m/fpv4-sp/hard\libgcc.a(_aeabi_uldivmod.o)
                0x0000000008000c88                __aeabi_uldivmod
 .text          0x0000000008000cb8      0x2cc c:/st/stm32cubeide_1.3.0/stm32cubeide/plugins/com.st.stm32cube.ide.mcu.externaltools.gnu-tools-for-stm32.7-2018-q2-update.win32_1.5.0.202011040924/tools/bin/../lib/gcc/arm-none-eabi/7.3.1/thumb/v7e-m/fpv4-sp/hard\libgcc.a(_udivmoddi4.o)
                0x0000000008000cb8                __udivmoddi4
 .text          0x0000000008000f84        0x4 c:/st/stm32cubeide_1.3.0/stm32cubeide/plugins/com.st.stm32cube.ide.mcu.externaltools.gnu-tools-for-stm32.7-2018-q2-update.win32_1.5.0.202011040924/tools/bin/../lib/gcc/arm-none-eabi/7.3.1/thumb/v7e-m/fpv4-sp/hard\libgcc.a(_dvmd_tls.o)
                0x0000000008000f84                __aeabi_idiv0
                0x0000000008000f84                __aeabi_ldiv0
 *(.text*)
 .text.commandRead
                0x0000000008000f88      0x690 Core/Src/command_respond.o
                0x0000000008000f88                commandRead
 .text.commandReply
                0x0000000008001618      0x368 Core/Src/command_respond.o
                0x0000000008001618                commandReply
 .text.commandRespond1
                0x0000000008001980       0xa0 Core/Src/command_respond.o
                0x0000000008001980                commandRespond1
 .text.LOG_REPORT
                0x0000000008001a20       0x8c Core/Src/common_def.o
                0x0000000008001a20                LOG_REPORT
 .text.unPackPayload
                0x0000000008001aac       0xec Core/Src/communicate_payload.o
                0x0000000008001aac                unPackPayload
 .text.MX_DMA_Init
                0x0000000008001b98       0x40 Core/Src/dma.o
                0x0000000008001b98                MX_DMA_Init
 .text.vApplicationGetIdleTaskMemory
                0x0000000008001bd8       0x34 Core/Src/freertos.o
                0x0000000008001bd8                vApplicationGetIdleTaskMemory
 .text.MX_FREERTOS_Init
                0x0000000008001c0c       0xa8 Core/Src/freertos.o
                0x0000000008001c0c                MX_FREERTOS_Init
 *fill*         0x0000000008001cb4        0x4 
 .text.StartDefaultTask
                0x0000000008001cb8     0x168c Core/Src/freertos.o
                0x0000000008001cb8                StartDefaultTask
 .text.Start_USB_RX_Task
                0x0000000008003344      0x1c4 Core/Src/freertos.o
                0x0000000008003344                Start_USB_RX_Task
 .text.FSMC_Write
                0x0000000008003508       0x1e Core/Src/fsmc.o
                0x0000000008003508                FSMC_Write
 .text.FSMC_Read
                0x0000000008003526       0x1a Core/Src/fsmc.o
                0x0000000008003526                FSMC_Read
 .text.MX_FSMC_Init
                0x0000000008003540       0xc0 Core/Src/fsmc.o
                0x0000000008003540                MX_FSMC_Init
 .text.HAL_FSMC_MspInit
                0x0000000008003600       0xbc Core/Src/fsmc.o
 .text.HAL_NOR_MspInit
                0x00000000080036bc       0x14 Core/Src/fsmc.o
                0x00000000080036bc                HAL_NOR_MspInit
 .text.MX_GPIO_Init
                0x00000000080036d0      0x170 Core/Src/gpio.o
                0x00000000080036d0                MX_GPIO_Init
 .text.kinematicForward
                0x0000000008003840      0x274 Core/Src/kinematic.o
                0x0000000008003840                kinematicForward
 *fill*         0x0000000008003ab4        0x4 
 .text.kinematicInverse
                0x0000000008003ab8      0x3fc Core/Src/kinematic.o
                0x0000000008003ab8                kinematicInverse
 .text.main     0x0000000008003eb4       0x2e Core/Src/main.o
                0x0000000008003eb4                main
 *fill*         0x0000000008003ee2        0x2 
 .text.SystemClock_Config
                0x0000000008003ee4       0xd4 Core/Src/main.o
                0x0000000008003ee4                SystemClock_Config
 .text.HAL_TIM_PeriodElapsedCallback
                0x0000000008003fb8       0x24 Core/Src/main.o
                0x0000000008003fb8                HAL_TIM_PeriodElapsedCallback
 .text.Error_Handler
                0x0000000008003fdc        0xe Core/Src/main.o
                0x0000000008003fdc                Error_Handler
 .text.ringBuff_PushChar
                0x0000000008003fea       0x70 Core/Src/ringbuffer.o
                0x0000000008003fea                ringBuff_PushChar
 .text.ringBuff_PopChar
                0x000000000800405a       0x70 Core/Src/ringbuffer.o
                0x000000000800405a                ringBuff_PopChar
 .text.ringBuff_PushArray
                0x00000000080040ca       0x50 Core/Src/ringbuffer.o
                0x00000000080040ca                ringBuff_PushArray
 .text.ringBuff_PopArray
                0x000000000800411a       0x42 Core/Src/ringbuffer.o
                0x000000000800411a                ringBuff_PopArray
 .text.ringBuff_DistanceOf
                0x000000000800415c       0xb6 Core/Src/ringbuffer.o
                0x000000000800415c                ringBuff_DistanceOf
 *fill*         0x0000000008004212        0x2 
 .text.lowlayer_scanReset
                0x0000000008004214       0x60 Core/Src/robot_lowlayler.o
                0x0000000008004214                lowlayer_scanReset
 *fill*         0x0000000008004274        0x4 
 .text.lowlayer_scanFlow
                0x0000000008004278      0x2b4 Core/Src/robot_lowlayler.o
                0x0000000008004278                lowlayer_scanFlow
 *fill*         0x000000000800452c        0x4 
 .text.lowlayer_goToSoftLimit
                0x0000000008004530       0xf8 Core/Src/robot_lowlayler.o
                0x0000000008004530                lowlayer_goToSoftLimit
 .text.lowlayer_readTruePosition
                0x0000000008004628      0x1b4 Core/Src/robot_lowlayler.o
                0x0000000008004628                lowlayer_readTruePosition
 *fill*         0x00000000080047dc        0x4 
 .text.lowlayer_readSetPosition
                0x00000000080047e0      0x168 Core/Src/robot_lowlayler.o
                0x00000000080047e0                lowlayer_readSetPosition
 .text.lowlayer_computeAndWritePulse
                0x0000000008004948      0x348 Core/Src/robot_lowlayler.o
                0x0000000008004948                lowlayer_computeAndWritePulse
 .text.lowlayer_writePulse
                0x0000000008004c90      0x188 Core/Src/robot_lowlayler.o
                0x0000000008004c90                lowlayer_writePulse
 .text.lowlayer_resetEncoder
                0x0000000008004e18       0x3c Core/Src/robot_lowlayler.o
                0x0000000008004e18                lowlayer_resetEncoder
 .text.lowlayer_readLimitSwitch
                0x0000000008004e54       0x20 Core/Src/robot_lowlayler.o
                0x0000000008004e54                lowlayer_readLimitSwitch
 .text.lowlayer_readEncoder
                0x0000000008004e74       0x58 Core/Src/robot_lowlayler.o
                0x0000000008004e74                lowlayer_readEncoder
 .text.lowlayer_readCapture
                0x0000000008004ecc       0x58 Core/Src/robot_lowlayler.o
                0x0000000008004ecc                lowlayer_readCapture
 .text.lowlayer_updateEncoder
                0x0000000008004f24       0x38 Core/Src/robot_lowlayler.o
                0x0000000008004f24                lowlayer_updateEncoder
 .text.lowlayer_updateCapture
                0x0000000008004f5c       0x38 Core/Src/robot_lowlayler.o
                0x0000000008004f5c                lowlayer_updateCapture
 .text.lowlayer_updateLimit
                0x0000000008004f94       0x44 Core/Src/robot_lowlayler.o
                0x0000000008004f94                lowlayer_updateLimit
 .text.lowlayer_setOutput
                0x0000000008004fd8       0x38 Core/Src/robot_lowlayler.o
                0x0000000008004fd8                lowlayer_setOutput
 .text.lowlayer_CPLD_Init
                0x0000000008005010       0x18 Core/Src/robot_lowlayler.o
                0x0000000008005010                lowlayer_CPLD_Init
 .text.lowlayer_stepMotorInit
                0x0000000008005028       0x30 Core/Src/robot_lowlayler.o
                0x0000000008005028                lowlayer_stepMotorInit
 .text.scaraStartup
                0x0000000008005058       0x14 Core/Src/robot_scara.o
                0x0000000008005058                scaraStartup
 *fill*         0x000000000800506c        0x4 
 .text.scara_test_InitDuty
                0x0000000008005070      0x268 Core/Src/robot_scara.o
                0x0000000008005070                scara_test_InitDuty
 .text.scaraInitDuty
                0x00000000080052d8     0x1710 Core/Src/robot_scara.o
                0x00000000080052d8                scaraInitDuty
 .text.scaraInitLine
                0x00000000080069e8      0x186 Core/Src/robot_scara.o
                0x00000000080069e8                scaraInitLine
 *fill*         0x0000000008006b6e        0x2 
 .text.scaraInitCircle
                0x0000000008006b70      0x2ec Core/Src/robot_scara.o
                0x0000000008006b70                scaraInitCircle
 *fill*         0x0000000008006e5c        0x4 
 .text.scaraInitLinear
                0x0000000008006e60       0x98 Core/Src/robot_scara.o
                0x0000000008006e60                scaraInitLinear
 .text.scaraInitLSPB1
                0x0000000008006ef8      0x4b8 Core/Src/robot_scara.o
                0x0000000008006ef8                scaraInitLSPB1
 .text.scaraInitLSPB
                0x00000000080073b0      0x7bc Core/Src/robot_scara.o
                0x00000000080073b0                scaraInitLSPB
 *fill*         0x0000000008007b6c        0x4 
 .text.scaraInitScurve
                0x0000000008007b70      0x70c Core/Src/robot_scara.o
                0x0000000008007b70                scaraInitScurve
 .text.scaraTestFlowDuty
                0x000000000800827c       0xd8 Core/Src/robot_scara.o
                0x000000000800827c                scaraTestFlowDuty
 .text.scaraFlowDuty
                0x0000000008008354      0x714 Core/Src/robot_scara.o
                0x0000000008008354                scaraFlowDuty
 .text.scaraFlowLine
                0x0000000008008a68      0x110 Core/Src/robot_scara.o
                0x0000000008008a68                scaraFlowLine
 .text.scaraFlowCircle
                0x0000000008008b78      0x110 Core/Src/robot_scara.o
                0x0000000008008b78                scaraFlowCircle
 .text.scaraFlowLSPB1
                0x0000000008008c88      0x33c Core/Src/robot_scara.o
                0x0000000008008c88                scaraFlowLSPB1
 .text.scaraFlowLSPB
                0x0000000008008fc4      0x358 Core/Src/robot_scara.o
                0x0000000008008fc4                scaraFlowLSPB
 .text.scaraFLowScurve
                0x000000000800931c      0xdc8 Core/Src/robot_scara.o
                0x000000000800931c                scaraFLowScurve
 *fill*         0x000000000800a0e4        0x4 
 .text.scaraCheckWorkSpace4
                0x000000000800a0e8      0x10c Core/Src/robot_scara.o
                0x000000000800a0e8                scaraCheckWorkSpace4
 *fill*         0x000000000800a1f4        0x4 
 .text.scaraCheckWorkSpace1
                0x000000000800a1f8      0x12c Core/Src/robot_scara.o
                0x000000000800a1f8                scaraCheckWorkSpace1
 *fill*         0x000000000800a324        0x4 
 .text.scaraTestLinearDuty
                0x000000000800a328       0xf8 Core/Src/robot_scara.o
                0x000000000800a328                scaraTestLinearDuty
 .text.scaraTestDuty
                0x000000000800a420       0xf8 Core/Src/robot_scara.o
                0x000000000800a420                scaraTestDuty
 .text.scaraSetScanFlag
                0x000000000800a518       0x18 Core/Src/robot_scara.o
                0x000000000800a518                scaraSetScanFlag
 .text.scaraSetOutput
                0x000000000800a530       0x24 Core/Src/robot_scara.o
                0x000000000800a530                scaraSetOutput
 .text.scaraSetDutyState
                0x000000000800a554       0x20 Core/Src/robot_scara.o
                0x000000000800a554                scaraSetDutyState
 .text.scaraSetMode
                0x000000000800a574       0x20 Core/Src/robot_scara.o
                0x000000000800a574                scaraSetMode
 .text.scaraSetMethod
                0x000000000800a594       0x20 Core/Src/robot_scara.o
                0x000000000800a594                scaraSetMethod
 .text.scaraGetPosition
                0x000000000800a5b4       0x20 Core/Src/robot_scara.o
                0x000000000800a5b4                scaraGetPosition
 .text.scaraUpdatePosition
                0x000000000800a5d4       0x20 Core/Src/robot_scara.o
                0x000000000800a5d4                scaraUpdatePosition
 .text.scaraGetMode
                0x000000000800a5f4       0x18 Core/Src/robot_scara.o
                0x000000000800a5f4                scaraGetMode
 .text.scaraGetMethod
                0x000000000800a60c       0x18 Core/Src/robot_scara.o
                0x000000000800a60c                scaraGetMethod
 .text.scaraGetDutyState
                0x000000000800a624       0x18 Core/Src/robot_scara.o
                0x000000000800a624                scaraGetDutyState
 .text.scaraIsScanLimit
                0x000000000800a63c       0x18 Core/Src/robot_scara.o
                0x000000000800a63c                scaraIsScanLimit
 .text.scaraIsFinish
                0x000000000800a654       0x38 Core/Src/robot_scara.o
                0x000000000800a654                scaraIsFinish
 *fill*         0x000000000800a68c        0x4 
 .text.scaraPosition_packaging
                0x000000000800a690      0x198 Core/Src/robot_scara.o
                0x000000000800a690                scaraPosition_packaging
 .text.Append_Coordinate_Value
                0x000000000800a828       0x42 Core/Src/robot_scara.o
                0x000000000800a828                Append_Coordinate_Value
 *fill*         0x000000000800a86a        0x6 
 .text.scaraKeyInit1
                0x000000000800a870      0x5e8 Core/Src/robot_scara.o
                0x000000000800a870                scaraKeyInit1
 .text.HAL_MspInit
                0x000000000800ae58       0x58 Core/Src/stm32f4xx_hal_msp.o
                0x000000000800ae58                HAL_MspInit
 .text.HAL_InitTick
                0x000000000800aeb0       0xb4 Core/Src/stm32f4xx_hal_timebase_tim.o
                0x000000000800aeb0                HAL_InitTick
 .text.NMI_Handler
                0x000000000800af64        0xe Core/Src/stm32f4xx_it.o
                0x000000000800af64                NMI_Handler
 *fill*         0x000000000800af72        0x2 
 .text.HardFault_Handler
                0x000000000800af74       0x14 Core/Src/stm32f4xx_it.o
                0x000000000800af74                HardFault_Handler
 .text.MemManage_Handler
                0x000000000800af88       0x14 Core/Src/stm32f4xx_it.o
                0x000000000800af88                MemManage_Handler
 .text.BusFault_Handler
                0x000000000800af9c       0x14 Core/Src/stm32f4xx_it.o
                0x000000000800af9c                BusFault_Handler
 .text.UsageFault_Handler
                0x000000000800afb0        0x6 Core/Src/stm32f4xx_it.o
                0x000000000800afb0                UsageFault_Handler
 .text.DebugMon_Handler
                0x000000000800afb6        0xe Core/Src/stm32f4xx_it.o
                0x000000000800afb6                DebugMon_Handler
 .text.DMA1_Stream4_IRQHandler
                0x000000000800afc4       0x14 Core/Src/stm32f4xx_it.o
                0x000000000800afc4                DMA1_Stream4_IRQHandler
 .text.UART4_IRQHandler
                0x000000000800afd8       0x14 Core/Src/stm32f4xx_it.o
                0x000000000800afd8                UART4_IRQHandler
 .text.TIM6_DAC_IRQHandler
                0x000000000800afec       0x14 Core/Src/stm32f4xx_it.o
                0x000000000800afec                TIM6_DAC_IRQHandler
 .text.TIM7_IRQHandler
                0x000000000800b000       0x24 Core/Src/stm32f4xx_it.o
                0x000000000800b000                TIM7_IRQHandler
 .text.OTG_FS_IRQHandler
                0x000000000800b024       0x14 Core/Src/stm32f4xx_it.o
                0x000000000800b024                OTG_FS_IRQHandler
 .text._sbrk    0x000000000800b038       0x58 Core/Src/sysmem.o
                0x000000000800b038                _sbrk
 .text.SystemInit
                0x000000000800b090       0x2c Core/Src/system_stm32f4xx.o
                0x000000000800b090                SystemInit
 .text.MX_TIM2_Init
                0x000000000800b0bc       0x9c Core/Src/tim.o
                0x000000000800b0bc                MX_TIM2_Init
 .text.MX_TIM7_Init
                0x000000000800b158       0x6c Core/Src/tim.o
                0x000000000800b158                MX_TIM7_Init
 .text.HAL_TIM_Base_MspInit
                0x000000000800b1c4       0x78 Core/Src/tim.o
                0x000000000800b1c4                HAL_TIM_Base_MspInit
 .text.MX_UART4_Init
                0x000000000800b23c       0x54 Core/Src/usart.o
                0x000000000800b23c                MX_UART4_Init
 .text.HAL_UART_MspInit
                0x000000000800b290      0x104 Core/Src/usart.o
                0x000000000800b290                HAL_UART_MspInit
 .text.HAL_UART_TxCpltCallback
                0x000000000800b394       0x50 Core/Src/usart.o
                0x000000000800b394                HAL_UART_TxCpltCallback
 .text.Reset_Handler
                0x000000000800b3e4       0x50 Core/Startup/startup_stm32f407vgtx.o
                0x000000000800b3e4                Reset_Handler
 .text.Default_Handler
                0x000000000800b434        0x2 Core/Startup/startup_stm32f407vgtx.o
                0x000000000800b434                RTC_Alarm_IRQHandler
                0x000000000800b434                HASH_RNG_IRQHandler
                0x000000000800b434                EXTI2_IRQHandler
                0x000000000800b434                TIM8_CC_IRQHandler
                0x000000000800b434                TIM1_CC_IRQHandler
                0x000000000800b434                DMA2_Stream5_IRQHandler
                0x000000000800b434                DMA1_Stream5_IRQHandler
                0x000000000800b434                PVD_IRQHandler
                0x000000000800b434                SDIO_IRQHandler
                0x000000000800b434                TAMP_STAMP_IRQHandler
                0x000000000800b434                CAN2_RX1_IRQHandler
                0x000000000800b434                EXTI3_IRQHandler
                0x000000000800b434                TIM8_TRG_COM_TIM14_IRQHandler
                0x000000000800b434                TIM1_UP_TIM10_IRQHandler
                0x000000000800b434                TIM8_UP_TIM13_IRQHandler
                0x000000000800b434                I2C3_ER_IRQHandler
                0x000000000800b434                EXTI0_IRQHandler
                0x000000000800b434                I2C2_EV_IRQHandler
                0x000000000800b434                DMA1_Stream2_IRQHandler
                0x000000000800b434                CAN1_RX0_IRQHandler
                0x000000000800b434                FPU_IRQHandler
                0x000000000800b434                OTG_HS_WKUP_IRQHandler
                0x000000000800b434                CAN2_SCE_IRQHandler
                0x000000000800b434                DMA2_Stream2_IRQHandler
                0x000000000800b434                SPI1_IRQHandler
                0x000000000800b434                TIM1_BRK_TIM9_IRQHandler
                0x000000000800b434                DCMI_IRQHandler
                0x000000000800b434                CAN2_RX0_IRQHandler
                0x000000000800b434                DMA2_Stream3_IRQHandler
                0x000000000800b434                USART6_IRQHandler
                0x000000000800b434                USART3_IRQHandler
                0x000000000800b434                CAN1_RX1_IRQHandler
                0x000000000800b434                UART5_IRQHandler
                0x000000000800b434                DMA2_Stream0_IRQHandler
                0x000000000800b434                TIM4_IRQHandler
                0x000000000800b434                I2C1_EV_IRQHandler
                0x000000000800b434                DMA1_Stream6_IRQHandler
                0x000000000800b434                DMA1_Stream1_IRQHandler
                0x000000000800b434                TIM3_IRQHandler
                0x000000000800b434                RCC_IRQHandler
                0x000000000800b434                TIM8_BRK_TIM12_IRQHandler
                0x000000000800b434                Default_Handler
                0x000000000800b434                EXTI15_10_IRQHandler
                0x000000000800b434                ADC_IRQHandler
                0x000000000800b434                DMA1_Stream7_IRQHandler
                0x000000000800b434                CAN2_TX_IRQHandler
                0x000000000800b434                TIM5_IRQHandler
                0x000000000800b434                DMA2_Stream7_IRQHandler
                0x000000000800b434                I2C3_EV_IRQHandler
                0x000000000800b434                EXTI9_5_IRQHandler
                0x000000000800b434                RTC_WKUP_IRQHandler
                0x000000000800b434                ETH_WKUP_IRQHandler
                0x000000000800b434                SPI2_IRQHandler
                0x000000000800b434                OTG_HS_EP1_IN_IRQHandler
                0x000000000800b434                DMA1_Stream0_IRQHandler
                0x000000000800b434                CAN1_TX_IRQHandler
                0x000000000800b434                EXTI4_IRQHandler
                0x000000000800b434                FSMC_IRQHandler
                0x000000000800b434                ETH_IRQHandler
                0x000000000800b434                OTG_HS_EP1_OUT_IRQHandler
                0x000000000800b434                WWDG_IRQHandler
                0x000000000800b434                TIM2_IRQHandler
                0x000000000800b434                OTG_FS_WKUP_IRQHandler
                0x000000000800b434                TIM1_TRG_COM_TIM11_IRQHandler
                0x000000000800b434                OTG_HS_IRQHandler
                0x000000000800b434                EXTI1_IRQHandler
                0x000000000800b434                USART2_IRQHandler
                0x000000000800b434                I2C2_ER_IRQHandler
                0x000000000800b434                DMA2_Stream1_IRQHandler
                0x000000000800b434                CAN1_SCE_IRQHandler
                0x000000000800b434                FLASH_IRQHandler
                0x000000000800b434                DMA2_Stream4_IRQHandler
                0x000000000800b434                USART1_IRQHandler
                0x000000000800b434                SPI3_IRQHandler
                0x000000000800b434                I2C1_ER_IRQHandler
                0x000000000800b434                DMA2_Stream6_IRQHandler
                0x000000000800b434                DMA1_Stream3_IRQHandler
 *fill*         0x000000000800b436        0x2 
 .text.HAL_Init
                0x000000000800b438       0x44 Drivers/STM32F4xx_HAL_Driver/Src/stm32f4xx_hal.o
                0x000000000800b438                HAL_Init
 .text.HAL_IncTick
                0x000000000800b47c       0x28 Drivers/STM32F4xx_HAL_Driver/Src/stm32f4xx_hal.o
                0x000000000800b47c                HAL_IncTick
 .text.HAL_GetTick
                0x000000000800b4a4       0x18 Drivers/STM32F4xx_HAL_Driver/Src/stm32f4xx_hal.o
                0x000000000800b4a4                HAL_GetTick
 .text.HAL_Delay
                0x000000000800b4bc       0x44 Drivers/STM32F4xx_HAL_Driver/Src/stm32f4xx_hal.o
                0x000000000800b4bc                HAL_Delay
 .text.__NVIC_SetPriorityGrouping
                0x000000000800b500       0x48 Drivers/STM32F4xx_HAL_Driver/Src/stm32f4xx_hal_cortex.o
 .text.__NVIC_GetPriorityGrouping
                0x000000000800b548       0x1c Drivers/STM32F4xx_HAL_Driver/Src/stm32f4xx_hal_cortex.o
 .text.__NVIC_EnableIRQ
                0x000000000800b564       0x3c Drivers/STM32F4xx_HAL_Driver/Src/stm32f4xx_hal_cortex.o
 .text.__NVIC_SetPriority
                0x000000000800b5a0       0x54 Drivers/STM32F4xx_HAL_Driver/Src/stm32f4xx_hal_cortex.o
 .text.NVIC_EncodePriority
                0x000000000800b5f4       0x66 Drivers/STM32F4xx_HAL_Driver/Src/stm32f4xx_hal_cortex.o
 .text.HAL_NVIC_SetPriorityGrouping
                0x000000000800b65a       0x16 Drivers/STM32F4xx_HAL_Driver/Src/stm32f4xx_hal_cortex.o
                0x000000000800b65a                HAL_NVIC_SetPriorityGrouping
 .text.HAL_NVIC_SetPriority
                0x000000000800b670       0x38 Drivers/STM32F4xx_HAL_Driver/Src/stm32f4xx_hal_cortex.o
                0x000000000800b670                HAL_NVIC_SetPriority
 .text.HAL_NVIC_EnableIRQ
                0x000000000800b6a8       0x1c Drivers/STM32F4xx_HAL_Driver/Src/stm32f4xx_hal_cortex.o
                0x000000000800b6a8                HAL_NVIC_EnableIRQ
 .text.HAL_DMA_Init
                0x000000000800b6c4      0x15c Drivers/STM32F4xx_HAL_Driver/Src/stm32f4xx_hal_dma.o
                0x000000000800b6c4                HAL_DMA_Init
 .text.HAL_DMA_Start_IT
                0x000000000800b820       0xb0 Drivers/STM32F4xx_HAL_Driver/Src/stm32f4xx_hal_dma.o
                0x000000000800b820                HAL_DMA_Start_IT
 .text.HAL_DMA_Abort_IT
                0x000000000800b8d0       0x44 Drivers/STM32F4xx_HAL_Driver/Src/stm32f4xx_hal_dma.o
                0x000000000800b8d0                HAL_DMA_Abort_IT
 .text.HAL_DMA_IRQHandler
                0x000000000800b914      0x314 Drivers/STM32F4xx_HAL_Driver/Src/stm32f4xx_hal_dma.o
                0x000000000800b914                HAL_DMA_IRQHandler
 .text.HAL_DMA_GetState
                0x000000000800bc28       0x1c Drivers/STM32F4xx_HAL_Driver/Src/stm32f4xx_hal_dma.o
                0x000000000800bc28                HAL_DMA_GetState
 .text.DMA_SetConfig
                0x000000000800bc44       0x5c Drivers/STM32F4xx_HAL_Driver/Src/stm32f4xx_hal_dma.o
 .text.DMA_CalcBaseAndBitshift
                0x000000000800bca0       0x6c Drivers/STM32F4xx_HAL_Driver/Src/stm32f4xx_hal_dma.o
 .text.DMA_CheckFifoParam
                0x000000000800bd0c       0xf4 Drivers/STM32F4xx_HAL_Driver/Src/stm32f4xx_hal_dma.o
 .text.HAL_GPIO_Init
                0x000000000800be00      0x334 Drivers/STM32F4xx_HAL_Driver/Src/stm32f4xx_hal_gpio.o
                0x000000000800be00                HAL_GPIO_Init
 .text.HAL_GPIO_WritePin
                0x000000000800c134       0x32 Drivers/STM32F4xx_HAL_Driver/Src/stm32f4xx_hal_gpio.o
                0x000000000800c134                HAL_GPIO_WritePin
 *fill*         0x000000000800c166        0x2 
 .text.HAL_NOR_Init
                0x000000000800c168       0xac Drivers/STM32F4xx_HAL_Driver/Src/stm32f4xx_hal_nor.o
                0x000000000800c168                HAL_NOR_Init
 .text.HAL_PCD_Init
                0x000000000800c214      0x23a Drivers/STM32F4xx_HAL_Driver/Src/stm32f4xx_hal_pcd.o
                0x000000000800c214                HAL_PCD_Init
 .text.HAL_PCD_Start
                0x000000000800c44e       0x66 Drivers/STM32F4xx_HAL_Driver/Src/stm32f4xx_hal_pcd.o
                0x000000000800c44e                HAL_PCD_Start
 .text.HAL_PCD_IRQHandler
                0x000000000800c4b4      0x764 Drivers/STM32F4xx_HAL_Driver/Src/stm32f4xx_hal_pcd.o
                0x000000000800c4b4                HAL_PCD_IRQHandler
 .text.HAL_PCD_SetAddress
                0x000000000800cc18       0x4a Drivers/STM32F4xx_HAL_Driver/Src/stm32f4xx_hal_pcd.o
                0x000000000800cc18                HAL_PCD_SetAddress
 .text.HAL_PCD_EP_Open
                0x000000000800cc62       0xd0 Drivers/STM32F4xx_HAL_Driver/Src/stm32f4xx_hal_pcd.o
                0x000000000800cc62                HAL_PCD_EP_Open
 .text.HAL_PCD_EP_Close
                0x000000000800cd32       0x94 Drivers/STM32F4xx_HAL_Driver/Src/stm32f4xx_hal_pcd.o
                0x000000000800cd32                HAL_PCD_EP_Close
 .text.HAL_PCD_EP_Receive
                0x000000000800cdc6       0x96 Drivers/STM32F4xx_HAL_Driver/Src/stm32f4xx_hal_pcd.o
                0x000000000800cdc6                HAL_PCD_EP_Receive
 .text.HAL_PCD_EP_GetRxCount
                0x000000000800ce5c       0x30 Drivers/STM32F4xx_HAL_Driver/Src/stm32f4xx_hal_pcd.o
                0x000000000800ce5c                HAL_PCD_EP_GetRxCount
 .text.HAL_PCD_EP_Transmit
                0x000000000800ce8c       0x94 Drivers/STM32F4xx_HAL_Driver/Src/stm32f4xx_hal_pcd.o
                0x000000000800ce8c                HAL_PCD_EP_Transmit
 .text.HAL_PCD_EP_SetStall
                0x000000000800cf20       0xc8 Drivers/STM32F4xx_HAL_Driver/Src/stm32f4xx_hal_pcd.o
                0x000000000800cf20                HAL_PCD_EP_SetStall
 .text.HAL_PCD_EP_ClrStall
                0x000000000800cfe8       0xac Drivers/STM32F4xx_HAL_Driver/Src/stm32f4xx_hal_pcd.o
                0x000000000800cfe8                HAL_PCD_EP_ClrStall
 .text.PCD_WriteEmptyTxFifo
                0x000000000800d094      0x11a Drivers/STM32F4xx_HAL_Driver/Src/stm32f4xx_hal_pcd.o
 *fill*         0x000000000800d1ae        0x2 
 .text.PCD_EP_OutXfrComplete_int
                0x000000000800d1b0      0x218 Drivers/STM32F4xx_HAL_Driver/Src/stm32f4xx_hal_pcd.o
 .text.PCD_EP_OutSetupPacket_int
                0x000000000800d3c8       0x8c Drivers/STM32F4xx_HAL_Driver/Src/stm32f4xx_hal_pcd.o
 .text.HAL_PCDEx_SetTxFiFo
                0x000000000800d454       0x8e Drivers/STM32F4xx_HAL_Driver/Src/stm32f4xx_hal_pcd_ex.o
                0x000000000800d454                HAL_PCDEx_SetTxFiFo
 .text.HAL_PCDEx_SetRxFiFo
                0x000000000800d4e2       0x22 Drivers/STM32F4xx_HAL_Driver/Src/stm32f4xx_hal_pcd_ex.o
                0x000000000800d4e2                HAL_PCDEx_SetRxFiFo
 .text.HAL_PCDEx_LPM_Callback
                0x000000000800d504       0x18 Drivers/STM32F4xx_HAL_Driver/Src/stm32f4xx_hal_pcd_ex.o
                0x000000000800d504                HAL_PCDEx_LPM_Callback
 .text.HAL_RCC_OscConfig
                0x000000000800d51c      0x4e0 Drivers/STM32F4xx_HAL_Driver/Src/stm32f4xx_hal_rcc.o
                0x000000000800d51c                HAL_RCC_OscConfig
 .text.HAL_RCC_ClockConfig
                0x000000000800d9fc      0x1cc Drivers/STM32F4xx_HAL_Driver/Src/stm32f4xx_hal_rcc.o
                0x000000000800d9fc                HAL_RCC_ClockConfig
 .text.HAL_RCC_GetSysClockFreq
                0x000000000800dbc8      0x1b0 Drivers/STM32F4xx_HAL_Driver/Src/stm32f4xx_hal_rcc.o
                0x000000000800dbc8                HAL_RCC_GetSysClockFreq
 .text.HAL_RCC_GetHCLKFreq
                0x000000000800dd78       0x18 Drivers/STM32F4xx_HAL_Driver/Src/stm32f4xx_hal_rcc.o
                0x000000000800dd78                HAL_RCC_GetHCLKFreq
 .text.HAL_RCC_GetPCLK1Freq
                0x000000000800dd90       0x28 Drivers/STM32F4xx_HAL_Driver/Src/stm32f4xx_hal_rcc.o
                0x000000000800dd90                HAL_RCC_GetPCLK1Freq
 .text.HAL_RCC_GetPCLK2Freq
                0x000000000800ddb8       0x28 Drivers/STM32F4xx_HAL_Driver/Src/stm32f4xx_hal_rcc.o
                0x000000000800ddb8                HAL_RCC_GetPCLK2Freq
 .text.HAL_RCC_GetClockConfig
                0x000000000800dde0       0x64 Drivers/STM32F4xx_HAL_Driver/Src/stm32f4xx_hal_rcc.o
                0x000000000800dde0                HAL_RCC_GetClockConfig
 .text.HAL_TIM_Base_Init
                0x000000000800de44       0x56 Drivers/STM32F4xx_HAL_Driver/Src/stm32f4xx_hal_tim.o
                0x000000000800de44                HAL_TIM_Base_Init
 .text.HAL_TIM_Base_Start
                0x000000000800de9a       0x48 Drivers/STM32F4xx_HAL_Driver/Src/stm32f4xx_hal_tim.o
                0x000000000800de9a                HAL_TIM_Base_Start
 .text.HAL_TIM_Base_Start_IT
                0x000000000800dee2       0x48 Drivers/STM32F4xx_HAL_Driver/Src/stm32f4xx_hal_tim.o
                0x000000000800dee2                HAL_TIM_Base_Start_IT
 .text.HAL_TIM_IRQHandler
                0x000000000800df2a      0x210 Drivers/STM32F4xx_HAL_Driver/Src/stm32f4xx_hal_tim.o
                0x000000000800df2a                HAL_TIM_IRQHandler
 .text.HAL_TIM_ConfigClockSource
                0x000000000800e13a      0x16e Drivers/STM32F4xx_HAL_Driver/Src/stm32f4xx_hal_tim.o
                0x000000000800e13a                HAL_TIM_ConfigClockSource
 .text.HAL_TIM_OC_DelayElapsedCallback
                0x000000000800e2a8       0x14 Drivers/STM32F4xx_HAL_Driver/Src/stm32f4xx_hal_tim.o
                0x000000000800e2a8                HAL_TIM_OC_DelayElapsedCallback
 .text.HAL_TIM_IC_CaptureCallback
                0x000000000800e2bc       0x14 Drivers/STM32F4xx_HAL_Driver/Src/stm32f4xx_hal_tim.o
                0x000000000800e2bc                HAL_TIM_IC_CaptureCallback
 .text.HAL_TIM_PWM_PulseFinishedCallback
                0x000000000800e2d0       0x14 Drivers/STM32F4xx_HAL_Driver/Src/stm32f4xx_hal_tim.o
                0x000000000800e2d0                HAL_TIM_PWM_PulseFinishedCallback
 .text.HAL_TIM_TriggerCallback
                0x000000000800e2e4       0x14 Drivers/STM32F4xx_HAL_Driver/Src/stm32f4xx_hal_tim.o
                0x000000000800e2e4                HAL_TIM_TriggerCallback
 .text.TIM_Base_SetConfig
                0x000000000800e2f8      0x140 Drivers/STM32F4xx_HAL_Driver/Src/stm32f4xx_hal_tim.o
                0x000000000800e2f8                TIM_Base_SetConfig
 .text.TIM_TI1_ConfigInputStage
                0x000000000800e438       0x5e Drivers/STM32F4xx_HAL_Driver/Src/stm32f4xx_hal_tim.o
 .text.TIM_TI2_ConfigInputStage
                0x000000000800e496       0x60 Drivers/STM32F4xx_HAL_Driver/Src/stm32f4xx_hal_tim.o
 .text.TIM_ITRx_SetConfig
                0x000000000800e4f6       0x36 Drivers/STM32F4xx_HAL_Driver/Src/stm32f4xx_hal_tim.o
 .text.TIM_ETR_SetConfig
                0x000000000800e52c       0x40 Drivers/STM32F4xx_HAL_Driver/Src/stm32f4xx_hal_tim.o
                0x000000000800e52c                TIM_ETR_SetConfig
 .text.HAL_TIMEx_MasterConfigSynchronization
                0x000000000800e56c       0xf8 Drivers/STM32F4xx_HAL_Driver/Src/stm32f4xx_hal_tim_ex.o
                0x000000000800e56c                HAL_TIMEx_MasterConfigSynchronization
 .text.HAL_TIMEx_CommutCallback
                0x000000000800e664       0x14 Drivers/STM32F4xx_HAL_Driver/Src/stm32f4xx_hal_tim_ex.o
                0x000000000800e664                HAL_TIMEx_CommutCallback
 .text.HAL_TIMEx_BreakCallback
                0x000000000800e678       0x14 Drivers/STM32F4xx_HAL_Driver/Src/stm32f4xx_hal_tim_ex.o
                0x000000000800e678                HAL_TIMEx_BreakCallback
 .text.HAL_UART_Init
                0x000000000800e68c       0x9a Drivers/STM32F4xx_HAL_Driver/Src/stm32f4xx_hal_uart.o
                0x000000000800e68c                HAL_UART_Init
 *fill*         0x000000000800e726        0x2 
 .text.HAL_UART_Transmit_DMA
                0x000000000800e728       0xd8 Drivers/STM32F4xx_HAL_Driver/Src/stm32f4xx_hal_uart.o
                0x000000000800e728                HAL_UART_Transmit_DMA
 .text.HAL_UART_IRQHandler
                0x000000000800e800      0x200 Drivers/STM32F4xx_HAL_Driver/Src/stm32f4xx_hal_uart.o
                0x000000000800e800                HAL_UART_IRQHandler
 .text.HAL_UART_TxHalfCpltCallback
                0x000000000800ea00       0x14 Drivers/STM32F4xx_HAL_Driver/Src/stm32f4xx_hal_uart.o
                0x000000000800ea00                HAL_UART_TxHalfCpltCallback
 .text.HAL_UART_RxCpltCallback
                0x000000000800ea14       0x14 Drivers/STM32F4xx_HAL_Driver/Src/stm32f4xx_hal_uart.o
                0x000000000800ea14                HAL_UART_RxCpltCallback
 .text.HAL_UART_ErrorCallback
                0x000000000800ea28       0x14 Drivers/STM32F4xx_HAL_Driver/Src/stm32f4xx_hal_uart.o
                0x000000000800ea28                HAL_UART_ErrorCallback
 .text.UART_DMATransmitCplt
                0x000000000800ea3c       0x52 Drivers/STM32F4xx_HAL_Driver/Src/stm32f4xx_hal_uart.o
 .text.UART_DMATxHalfCplt
                0x000000000800ea8e       0x1c Drivers/STM32F4xx_HAL_Driver/Src/stm32f4xx_hal_uart.o
 .text.UART_DMAError
                0x000000000800eaaa       0x94 Drivers/STM32F4xx_HAL_Driver/Src/stm32f4xx_hal_uart.o
 .text.UART_EndTxTransfer
                0x000000000800eb3e       0x2c Drivers/STM32F4xx_HAL_Driver/Src/stm32f4xx_hal_uart.o
 .text.UART_EndRxTransfer
                0x000000000800eb6a       0x3c Drivers/STM32F4xx_HAL_Driver/Src/stm32f4xx_hal_uart.o
 .text.UART_DMAAbortOnError
                0x000000000800eba6       0x28 Drivers/STM32F4xx_HAL_Driver/Src/stm32f4xx_hal_uart.o
 .text.UART_Transmit_IT
                0x000000000800ebce       0xac Drivers/STM32F4xx_HAL_Driver/Src/stm32f4xx_hal_uart.o
 .text.UART_EndTransmit_IT
                0x000000000800ec7a       0x30 Drivers/STM32F4xx_HAL_Driver/Src/stm32f4xx_hal_uart.o
 .text.UART_Receive_IT
                0x000000000800ecaa      0x102 Drivers/STM32F4xx_HAL_Driver/Src/stm32f4xx_hal_uart.o
 .text.UART_SetConfig
                0x000000000800edac      0x6f8 Drivers/STM32F4xx_HAL_Driver/Src/stm32f4xx_hal_uart.o
 .text.FSMC_NORSRAM_Init
                0x000000000800f4a4       0xa4 Drivers/STM32F4xx_HAL_Driver/Src/stm32f4xx_ll_fsmc.o
                0x000000000800f4a4                FSMC_NORSRAM_Init
 .text.FSMC_NORSRAM_Timing_Init
                0x000000000800f548       0x7a Drivers/STM32F4xx_HAL_Driver/Src/stm32f4xx_ll_fsmc.o
                0x000000000800f548                FSMC_NORSRAM_Timing_Init
 *fill*         0x000000000800f5c2        0x2 
 .text.FSMC_NORSRAM_Extended_Timing_Init
                0x000000000800f5c4       0x80 Drivers/STM32F4xx_HAL_Driver/Src/stm32f4xx_ll_fsmc.o
                0x000000000800f5c4                FSMC_NORSRAM_Extended_Timing_Init
 .text.USB_CoreInit
                0x000000000800f644       0xc2 Drivers/STM32F4xx_HAL_Driver/Src/stm32f4xx_ll_usb.o
                0x000000000800f644                USB_CoreInit
 *fill*         0x000000000800f706        0x2 
 .text.USB_SetTurnaroundTime
                0x000000000800f708      0x144 Drivers/STM32F4xx_HAL_Driver/Src/stm32f4xx_ll_usb.o
                0x000000000800f708                USB_SetTurnaroundTime
 .text.USB_EnableGlobalInt
                0x000000000800f84c       0x22 Drivers/STM32F4xx_HAL_Driver/Src/stm32f4xx_ll_usb.o
                0x000000000800f84c                USB_EnableGlobalInt
 .text.USB_DisableGlobalInt
                0x000000000800f86e       0x22 Drivers/STM32F4xx_HAL_Driver/Src/stm32f4xx_ll_usb.o
                0x000000000800f86e                USB_DisableGlobalInt
 .text.USB_SetCurrentMode
                0x000000000800f890       0x54 Drivers/STM32F4xx_HAL_Driver/Src/stm32f4xx_ll_usb.o
                0x000000000800f890                USB_SetCurrentMode
 .text.USB_DevInit
                0x000000000800f8e4      0x2c8 Drivers/STM32F4xx_HAL_Driver/Src/stm32f4xx_ll_usb.o
                0x000000000800f8e4                USB_DevInit
 .text.USB_FlushTxFifo
                0x000000000800fbac       0x4c Drivers/STM32F4xx_HAL_Driver/Src/stm32f4xx_ll_usb.o
                0x000000000800fbac                USB_FlushTxFifo
 .text.USB_FlushRxFifo
                0x000000000800fbf8       0x44 Drivers/STM32F4xx_HAL_Driver/Src/stm32f4xx_ll_usb.o
                0x000000000800fbf8                USB_FlushRxFifo
 .text.USB_SetDevSpeed
                0x000000000800fc3c       0x32 Drivers/STM32F4xx_HAL_Driver/Src/stm32f4xx_ll_usb.o
                0x000000000800fc3c                USB_SetDevSpeed
 .text.USB_GetDevSpeed
                0x000000000800fc6e       0x4a Drivers/STM32F4xx_HAL_Driver/Src/stm32f4xx_ll_usb.o
                0x000000000800fc6e                USB_GetDevSpeed
 .text.USB_ActivateEndpoint
                0x000000000800fcb8      0x10e Drivers/STM32F4xx_HAL_Driver/Src/stm32f4xx_ll_usb.o
                0x000000000800fcb8                USB_ActivateEndpoint
 *fill*         0x000000000800fdc6        0x2 
 .text.USB_DeactivateEndpoint
                0x000000000800fdc8      0x1b8 Drivers/STM32F4xx_HAL_Driver/Src/stm32f4xx_ll_usb.o
                0x000000000800fdc8                USB_DeactivateEndpoint
 .text.USB_EPStartXfer
                0x000000000800ff80      0x488 Drivers/STM32F4xx_HAL_Driver/Src/stm32f4xx_ll_usb.o
                0x000000000800ff80                USB_EPStartXfer
 .text.USB_EP0StartXfer
                0x0000000008010408      0x2a6 Drivers/STM32F4xx_HAL_Driver/Src/stm32f4xx_ll_usb.o
                0x0000000008010408                USB_EP0StartXfer
 .text.USB_WritePacket
                0x00000000080106ae       0x6a Drivers/STM32F4xx_HAL_Driver/Src/stm32f4xx_ll_usb.o
                0x00000000080106ae                USB_WritePacket
 .text.USB_ReadPacket
                0x0000000008010718       0x52 Drivers/STM32F4xx_HAL_Driver/Src/stm32f4xx_ll_usb.o
                0x0000000008010718                USB_ReadPacket
 .text.USB_EPSetStall
                0x000000000801076a       0xdc Drivers/STM32F4xx_HAL_Driver/Src/stm32f4xx_ll_usb.o
                0x000000000801076a                USB_EPSetStall
 .text.USB_EPClearStall
                0x0000000008010846       0xcc Drivers/STM32F4xx_HAL_Driver/Src/stm32f4xx_ll_usb.o
                0x0000000008010846                USB_EPClearStall
 .text.USB_SetDevAddress
                0x0000000008010912       0x4c Drivers/STM32F4xx_HAL_Driver/Src/stm32f4xx_ll_usb.o
                0x0000000008010912                USB_SetDevAddress
 .text.USB_DevConnect
                0x000000000801095e       0x42 Drivers/STM32F4xx_HAL_Driver/Src/stm32f4xx_ll_usb.o
                0x000000000801095e                USB_DevConnect
 .text.USB_DevDisconnect
                0x00000000080109a0       0x42 Drivers/STM32F4xx_HAL_Driver/Src/stm32f4xx_ll_usb.o
                0x00000000080109a0                USB_DevDisconnect
 .text.USB_ReadInterrupts
                0x00000000080109e2       0x26 Drivers/STM32F4xx_HAL_Driver/Src/stm32f4xx_ll_usb.o
                0x00000000080109e2                USB_ReadInterrupts
 .text.USB_ReadDevAllOutEpInterrupt
                0x0000000008010a08       0x34 Drivers/STM32F4xx_HAL_Driver/Src/stm32f4xx_ll_usb.o
                0x0000000008010a08                USB_ReadDevAllOutEpInterrupt
 .text.USB_ReadDevAllInEpInterrupt
                0x0000000008010a3c       0x34 Drivers/STM32F4xx_HAL_Driver/Src/stm32f4xx_ll_usb.o
                0x0000000008010a3c                USB_ReadDevAllInEpInterrupt
 .text.USB_ReadDevOutEPInterrupt
                0x0000000008010a70       0x3c Drivers/STM32F4xx_HAL_Driver/Src/stm32f4xx_ll_usb.o
                0x0000000008010a70                USB_ReadDevOutEPInterrupt
 .text.USB_ReadDevInEPInterrupt
                0x0000000008010aac       0x5c Drivers/STM32F4xx_HAL_Driver/Src/stm32f4xx_ll_usb.o
                0x0000000008010aac                USB_ReadDevInEPInterrupt
 .text.USB_GetMode
                0x0000000008010b08       0x1c Drivers/STM32F4xx_HAL_Driver/Src/stm32f4xx_ll_usb.o
                0x0000000008010b08                USB_GetMode
 .text.USB_ActivateSetup
                0x0000000008010b24       0x46 Drivers/STM32F4xx_HAL_Driver/Src/stm32f4xx_ll_usb.o
                0x0000000008010b24                USB_ActivateSetup
 *fill*         0x0000000008010b6a        0x2 
 .text.USB_EP0_OutStart
                0x0000000008010b6c       0xbc Drivers/STM32F4xx_HAL_Driver/Src/stm32f4xx_ll_usb.o
                0x0000000008010b6c                USB_EP0_OutStart
 .text.USB_CoreReset
                0x0000000008010c28       0x68 Drivers/STM32F4xx_HAL_Driver/Src/stm32f4xx_ll_usb.o
 .text.USBD_CDC_Init
                0x0000000008010c90      0x100 Middlewares/ST/STM32_USB_Device_Library/Class/CDC/Src/usbd_cdc.o
 .text.USBD_CDC_DeInit
                0x0000000008010d90       0x78 Middlewares/ST/STM32_USB_Device_Library/Class/CDC/Src/usbd_cdc.o
 .text.USBD_CDC_Setup
                0x0000000008010e08      0x178 Middlewares/ST/STM32_USB_Device_Library/Class/CDC/Src/usbd_cdc.o
 .text.USBD_CDC_DataIn
                0x0000000008010f80       0xbe Middlewares/ST/STM32_USB_Device_Library/Class/CDC/Src/usbd_cdc.o
 .text.USBD_CDC_DataOut
                0x000000000801103e       0x56 Middlewares/ST/STM32_USB_Device_Library/Class/CDC/Src/usbd_cdc.o
 .text.USBD_CDC_EP0_RxReady
                0x0000000008011094       0x50 Middlewares/ST/STM32_USB_Device_Library/Class/CDC/Src/usbd_cdc.o
 .text.USBD_CDC_GetFSCfgDesc
                0x00000000080110e4       0x20 Middlewares/ST/STM32_USB_Device_Library/Class/CDC/Src/usbd_cdc.o
 .text.USBD_CDC_GetHSCfgDesc
                0x0000000008011104       0x20 Middlewares/ST/STM32_USB_Device_Library/Class/CDC/Src/usbd_cdc.o
 .text.USBD_CDC_GetOtherSpeedCfgDesc
                0x0000000008011124       0x20 Middlewares/ST/STM32_USB_Device_Library/Class/CDC/Src/usbd_cdc.o
 .text.USBD_CDC_GetDeviceQualifierDescriptor
                0x0000000008011144       0x20 Middlewares/ST/STM32_USB_Device_Library/Class/CDC/Src/usbd_cdc.o
                0x0000000008011144                USBD_CDC_GetDeviceQualifierDescriptor
 .text.USBD_CDC_RegisterInterface
                0x0000000008011164       0x2a Middlewares/ST/STM32_USB_Device_Library/Class/CDC/Src/usbd_cdc.o
                0x0000000008011164                USBD_CDC_RegisterInterface
 .text.USBD_CDC_SetTxBuffer
                0x000000000801118e       0x32 Middlewares/ST/STM32_USB_Device_Library/Class/CDC/Src/usbd_cdc.o
                0x000000000801118e                USBD_CDC_SetTxBuffer
 .text.USBD_CDC_SetRxBuffer
                0x00000000080111c0       0x28 Middlewares/ST/STM32_USB_Device_Library/Class/CDC/Src/usbd_cdc.o
                0x00000000080111c0                USBD_CDC_SetRxBuffer
 .text.USBD_CDC_TransmitPacket
                0x00000000080111e8       0x60 Middlewares/ST/STM32_USB_Device_Library/Class/CDC/Src/usbd_cdc.o
                0x00000000080111e8                USBD_CDC_TransmitPacket
 .text.USBD_CDC_ReceivePacket
                0x0000000008011248       0x54 Middlewares/ST/STM32_USB_Device_Library/Class/CDC/Src/usbd_cdc.o
                0x0000000008011248                USBD_CDC_ReceivePacket
 .text.USBD_Init
                0x000000000801129c       0x6c Middlewares/ST/STM32_USB_Device_Library/Core/Src/usbd_core.o
                0x000000000801129c                USBD_Init
 .text.USBD_RegisterClass
                0x0000000008011308       0x42 Middlewares/ST/STM32_USB_Device_Library/Core/Src/usbd_core.o
                0x0000000008011308                USBD_RegisterClass
 .text.USBD_Start
                0x000000000801134a       0x18 Middlewares/ST/STM32_USB_Device_Library/Core/Src/usbd_core.o
                0x000000000801134a                USBD_Start
 .text.USBD_RunTestMode
                0x0000000008011362       0x16 Middlewares/ST/STM32_USB_Device_Library/Core/Src/usbd_core.o
                0x0000000008011362                USBD_RunTestMode
 .text.USBD_SetClassConfig
                0x0000000008011378       0x38 Middlewares/ST/STM32_USB_Device_Library/Core/Src/usbd_core.o
                0x0000000008011378                USBD_SetClassConfig
 .text.USBD_ClrClassConfig
                0x00000000080113b0       0x30 Middlewares/ST/STM32_USB_Device_Library/Core/Src/usbd_core.o
                0x00000000080113b0                USBD_ClrClassConfig
 .text.USBD_LL_SetupStage
                0x00000000080113e0       0xa6 Middlewares/ST/STM32_USB_Device_Library/Core/Src/usbd_core.o
                0x00000000080113e0                USBD_LL_SetupStage
 .text.USBD_LL_DataOutStage
                0x0000000008011486       0xc6 Middlewares/ST/STM32_USB_Device_Library/Core/Src/usbd_core.o
                0x0000000008011486                USBD_LL_DataOutStage
 .text.USBD_LL_DataInStage
                0x000000000801154c      0x12c Middlewares/ST/STM32_USB_Device_Library/Core/Src/usbd_core.o
                0x000000000801154c                USBD_LL_DataInStage
 .text.USBD_LL_Reset
                0x0000000008011678       0x82 Middlewares/ST/STM32_USB_Device_Library/Core/Src/usbd_core.o
                0x0000000008011678                USBD_LL_Reset
 .text.USBD_LL_SetSpeed
                0x00000000080116fa       0x20 Middlewares/ST/STM32_USB_Device_Library/Core/Src/usbd_core.o
                0x00000000080116fa                USBD_LL_SetSpeed
 .text.USBD_LL_Suspend
                0x000000000801171a       0x2a Middlewares/ST/STM32_USB_Device_Library/Core/Src/usbd_core.o
                0x000000000801171a                USBD_LL_Suspend
 .text.USBD_LL_Resume
                0x0000000008011744       0x2c Middlewares/ST/STM32_USB_Device_Library/Core/Src/usbd_core.o
                0x0000000008011744                USBD_LL_Resume
 .text.USBD_LL_SOF
                0x0000000008011770       0x34 Middlewares/ST/STM32_USB_Device_Library/Core/Src/usbd_core.o
                0x0000000008011770                USBD_LL_SOF
 .text.USBD_LL_IsoINIncomplete
                0x00000000080117a4       0x1a Middlewares/ST/STM32_USB_Device_Library/Core/Src/usbd_core.o
                0x00000000080117a4                USBD_LL_IsoINIncomplete
 .text.USBD_LL_IsoOUTIncomplete
                0x00000000080117be       0x1a Middlewares/ST/STM32_USB_Device_Library/Core/Src/usbd_core.o
                0x00000000080117be                USBD_LL_IsoOUTIncomplete
 .text.USBD_LL_DevConnected
                0x00000000080117d8       0x16 Middlewares/ST/STM32_USB_Device_Library/Core/Src/usbd_core.o
                0x00000000080117d8                USBD_LL_DevConnected
 .text.USBD_LL_DevDisconnected
                0x00000000080117ee       0x38 Middlewares/ST/STM32_USB_Device_Library/Core/Src/usbd_core.o
                0x00000000080117ee                USBD_LL_DevDisconnected
 .text.SWAPBYTE
                0x0000000008011826       0x3c Middlewares/ST/STM32_USB_Device_Library/Core/Src/usbd_ctlreq.o
 *fill*         0x0000000008011862        0x2 
 .text.USBD_StdDevReq
                0x0000000008011864       0xdc Middlewares/ST/STM32_USB_Device_Library/Core/Src/usbd_ctlreq.o
                0x0000000008011864                USBD_StdDevReq
 .text.USBD_StdItfReq
                0x0000000008011940       0x8c Middlewares/ST/STM32_USB_Device_Library/Core/Src/usbd_ctlreq.o
                0x0000000008011940                USBD_StdItfReq
 .text.USBD_StdEPReq
                0x00000000080119cc      0x2aa Middlewares/ST/STM32_USB_Device_Library/Core/Src/usbd_ctlreq.o
                0x00000000080119cc                USBD_StdEPReq
 *fill*         0x0000000008011c76        0x2 
 .text.USBD_GetDescriptor
                0x0000000008011c78      0x2d4 Middlewares/ST/STM32_USB_Device_Library/Core/Src/usbd_ctlreq.o
 .text.USBD_SetAddress
                0x0000000008011f4c       0x84 Middlewares/ST/STM32_USB_Device_Library/Core/Src/usbd_ctlreq.o
 .text.USBD_SetConfig
                0x0000000008011fd0      0x148 Middlewares/ST/STM32_USB_Device_Library/Core/Src/usbd_ctlreq.o
 .text.USBD_GetConfig
                0x0000000008012118       0x68 Middlewares/ST/STM32_USB_Device_Library/Core/Src/usbd_ctlreq.o
 .text.USBD_GetStatus
                0x0000000008012180       0x66 Middlewares/ST/STM32_USB_Device_Library/Core/Src/usbd_ctlreq.o
 .text.USBD_SetFeature
                0x00000000080121e6       0x28 Middlewares/ST/STM32_USB_Device_Library/Core/Src/usbd_ctlreq.o
 .text.USBD_ClrFeature
                0x000000000801220e       0x42 Middlewares/ST/STM32_USB_Device_Library/Core/Src/usbd_ctlreq.o
 .text.USBD_ParseSetupRequest
                0x0000000008012250       0x74 Middlewares/ST/STM32_USB_Device_Library/Core/Src/usbd_ctlreq.o
                0x0000000008012250                USBD_ParseSetupRequest
 .text.USBD_CtlError
                0x00000000080122c4       0x22 Middlewares/ST/STM32_USB_Device_Library/Core/Src/usbd_ctlreq.o
                0x00000000080122c4                USBD_CtlError
 .text.USBD_GetString
                0x00000000080122e6       0x8c Middlewares/ST/STM32_USB_Device_Library/Core/Src/usbd_ctlreq.o
                0x00000000080122e6                USBD_GetString
 .text.USBD_GetLen
                0x0000000008012372       0x34 Middlewares/ST/STM32_USB_Device_Library/Core/Src/usbd_ctlreq.o
 .text.USBD_CtlSendData
                0x00000000080123a6       0x36 Middlewares/ST/STM32_USB_Device_Library/Core/Src/usbd_ioreq.o
                0x00000000080123a6                USBD_CtlSendData
 .text.USBD_CtlContinueSendData
                0x00000000080123dc       0x22 Middlewares/ST/STM32_USB_Device_Library/Core/Src/usbd_ioreq.o
                0x00000000080123dc                USBD_CtlContinueSendData
 .text.USBD_CtlPrepareRx
                0x00000000080123fe       0x3a Middlewares/ST/STM32_USB_Device_Library/Core/Src/usbd_ioreq.o
                0x00000000080123fe                USBD_CtlPrepareRx
 .text.USBD_CtlContinueRx
                0x0000000008012438       0x22 Middlewares/ST/STM32_USB_Device_Library/Core/Src/usbd_ioreq.o
                0x0000000008012438                USBD_CtlContinueRx
 .text.USBD_CtlSendStatus
                0x000000000801245a       0x26 Middlewares/ST/STM32_USB_Device_Library/Core/Src/usbd_ioreq.o
                0x000000000801245a                USBD_CtlSendStatus
 .text.USBD_CtlReceiveStatus
                0x0000000008012480       0x26 Middlewares/ST/STM32_USB_Device_Library/Core/Src/usbd_ioreq.o
                0x0000000008012480                USBD_CtlReceiveStatus
 .text.makeFreeRtosPriority
                0x00000000080124a6       0x30 Middlewares/Third_Party/FreeRTOS/Source/CMSIS_RTOS/cmsis_os.o
 .text.inHandlerMode
                0x00000000080124d6       0x24 Middlewares/Third_Party/FreeRTOS/Source/CMSIS_RTOS/cmsis_os.o
 .text.osKernelStart
                0x00000000080124fa        0xe Middlewares/Third_Party/FreeRTOS/Source/CMSIS_RTOS/cmsis_os.o
                0x00000000080124fa                osKernelStart
 .text.osThreadCreate
                0x0000000008012508       0x98 Middlewares/Third_Party/FreeRTOS/Source/CMSIS_RTOS/cmsis_os.o
                0x0000000008012508                osThreadCreate
 .text.osDelay  0x00000000080125a0       0x28 Middlewares/Third_Party/FreeRTOS/Source/CMSIS_RTOS/cmsis_os.o
                0x00000000080125a0                osDelay
 .text.osSignalSet
                0x00000000080125c8       0x80 Middlewares/Third_Party/FreeRTOS/Source/CMSIS_RTOS/cmsis_os.o
                0x00000000080125c8                osSignalSet
 .text.osSignalWait
                0x0000000008012648       0x98 Middlewares/Third_Party/FreeRTOS/Source/CMSIS_RTOS/cmsis_os.o
                0x0000000008012648                osSignalWait
 .text.osMutexCreate
                0x00000000080126e0       0x30 Middlewares/Third_Party/FreeRTOS/Source/CMSIS_RTOS/cmsis_os.o
                0x00000000080126e0                osMutexCreate
 .text.osPoolCreate
                0x0000000008012710       0xba Middlewares/Third_Party/FreeRTOS/Source/CMSIS_RTOS/cmsis_os.o
                0x0000000008012710                osPoolCreate
 .text.osPoolAlloc
                0x00000000080127ca       0xc4 Middlewares/Third_Party/FreeRTOS/Source/CMSIS_RTOS/cmsis_os.o
                0x00000000080127ca                osPoolAlloc
 .text.osPoolFree
                0x000000000801288e       0x82 Middlewares/Third_Party/FreeRTOS/Source/CMSIS_RTOS/cmsis_os.o
                0x000000000801288e                osPoolFree
 .text.osMailCreate
                0x0000000008012910       0xb0 Middlewares/Third_Party/FreeRTOS/Source/CMSIS_RTOS/cmsis_os.o
                0x0000000008012910                osMailCreate
 .text.osMailAlloc
                0x00000000080129c0       0x2a Middlewares/Third_Party/FreeRTOS/Source/CMSIS_RTOS/cmsis_os.o
                0x00000000080129c0                osMailAlloc
 *fill*         0x00000000080129ea        0x2 
 .text.osMailPut
                0x00000000080129ec       0x7c Middlewares/Third_Party/FreeRTOS/Source/CMSIS_RTOS/cmsis_os.o
                0x00000000080129ec                osMailPut
 .text.osMailGet
                0x0000000008012a68       0xe8 Middlewares/Third_Party/FreeRTOS/Source/CMSIS_RTOS/cmsis_os.o
                0x0000000008012a68                osMailGet
 .text.osMailFree
                0x0000000008012b50       0x2a Middlewares/Third_Party/FreeRTOS/Source/CMSIS_RTOS/cmsis_os.o
                0x0000000008012b50                osMailFree
 .text.vListInitialise
                0x0000000008012b7a       0x40 Middlewares/Third_Party/FreeRTOS/Source/list.o
                0x0000000008012b7a                vListInitialise
 .text.vListInitialiseItem
                0x0000000008012bba       0x1a Middlewares/Third_Party/FreeRTOS/Source/list.o
                0x0000000008012bba                vListInitialiseItem
 .text.vListInsertEnd
                0x0000000008012bd4       0x48 Middlewares/Third_Party/FreeRTOS/Source/list.o
                0x0000000008012bd4                vListInsertEnd
 .text.vListInsert
                0x0000000008012c1c       0x72 Middlewares/Third_Party/FreeRTOS/Source/list.o
                0x0000000008012c1c                vListInsert
 .text.uxListRemove
                0x0000000008012c8e       0x54 Middlewares/Third_Party/FreeRTOS/Source/list.o
                0x0000000008012c8e                uxListRemove
 *fill*         0x0000000008012ce2        0x2 
 .text.xQueueGenericReset
                0x0000000008012ce4       0xd0 Middlewares/Third_Party/FreeRTOS/Source/queue.o
                0x0000000008012ce4                xQueueGenericReset
 .text.xQueueGenericCreateStatic
                0x0000000008012db4       0xe6 Middlewares/Third_Party/FreeRTOS/Source/queue.o
                0x0000000008012db4                xQueueGenericCreateStatic
 .text.xQueueGenericCreate
                0x0000000008012e9a       0x7e Middlewares/Third_Party/FreeRTOS/Source/queue.o
                0x0000000008012e9a                xQueueGenericCreate
 .text.prvInitialiseNewQueue
                0x0000000008012f18       0x3e Middlewares/Third_Party/FreeRTOS/Source/queue.o
 .text.prvInitialiseMutex
                0x0000000008012f56       0x34 Middlewares/Third_Party/FreeRTOS/Source/queue.o
 .text.xQueueCreateMutex
                0x0000000008012f8a       0x30 Middlewares/Third_Party/FreeRTOS/Source/queue.o
                0x0000000008012f8a                xQueueCreateMutex
 .text.xQueueCreateMutexStatic
                0x0000000008012fba       0x36 Middlewares/Third_Party/FreeRTOS/Source/queue.o
                0x0000000008012fba                xQueueCreateMutexStatic
 .text.xQueueGenericSend
                0x0000000008012ff0      0x1f4 Middlewares/Third_Party/FreeRTOS/Source/queue.o
                0x0000000008012ff0                xQueueGenericSend
 .text.xQueueGenericSendFromISR
                0x00000000080131e4      0x128 Middlewares/Third_Party/FreeRTOS/Source/queue.o
                0x00000000080131e4                xQueueGenericSendFromISR
 .text.xQueueReceive
                0x000000000801330c      0x1b8 Middlewares/Third_Party/FreeRTOS/Source/queue.o
                0x000000000801330c                xQueueReceive
 .text.xQueueReceiveFromISR
                0x00000000080134c4       0xfa Middlewares/Third_Party/FreeRTOS/Source/queue.o
                0x00000000080134c4                xQueueReceiveFromISR
 .text.prvCopyDataToQueue
                0x00000000080135be       0xd4 Middlewares/Third_Party/FreeRTOS/Source/queue.o
 .text.prvCopyDataFromQueue
                0x0000000008013692       0x4c Middlewares/Third_Party/FreeRTOS/Source/queue.o
 .text.prvUnlockQueue
                0x00000000080136de       0xa4 Middlewares/Third_Party/FreeRTOS/Source/queue.o
 .text.prvIsQueueEmpty
                0x0000000008013782       0x2c Middlewares/Third_Party/FreeRTOS/Source/queue.o
 .text.prvIsQueueFull
                0x00000000080137ae       0x30 Middlewares/Third_Party/FreeRTOS/Source/queue.o
 .text.xTaskCreateStatic
                0x00000000080137de       0xb4 Middlewares/Third_Party/FreeRTOS/Source/tasks.o
                0x00000000080137de                xTaskCreateStatic
 .text.xTaskCreate
                0x0000000008013892       0x8a Middlewares/Third_Party/FreeRTOS/Source/tasks.o
                0x0000000008013892                xTaskCreate
 .text.prvInitialiseNewTask
                0x000000000801391c      0x10c Middlewares/Third_Party/FreeRTOS/Source/tasks.o
 .text.prvAddNewTaskToReadyList
                0x0000000008013a28       0xd4 Middlewares/Third_Party/FreeRTOS/Source/tasks.o
 .text.vTaskDelay
                0x0000000008013afc       0x68 Middlewares/Third_Party/FreeRTOS/Source/tasks.o
                0x0000000008013afc                vTaskDelay
 .text.vTaskStartScheduler
                0x0000000008013b64       0xbc Middlewares/Third_Party/FreeRTOS/Source/tasks.o
                0x0000000008013b64                vTaskStartScheduler
 .text.vTaskSuspendAll
                0x0000000008013c20       0x1c Middlewares/Third_Party/FreeRTOS/Source/tasks.o
                0x0000000008013c20                vTaskSuspendAll
 .text.xTaskResumeAll
                0x0000000008013c3c      0x138 Middlewares/Third_Party/FreeRTOS/Source/tasks.o
                0x0000000008013c3c                xTaskResumeAll
 .text.xTaskIncrementTick
                0x0000000008013d74      0x170 Middlewares/Third_Party/FreeRTOS/Source/tasks.o
                0x0000000008013d74                xTaskIncrementTick
 .text.vTaskSwitchContext
                0x0000000008013ee4       0xb4 Middlewares/Third_Party/FreeRTOS/Source/tasks.o
                0x0000000008013ee4                vTaskSwitchContext
 .text.vTaskPlaceOnEventList
                0x0000000008013f98       0x48 Middlewares/Third_Party/FreeRTOS/Source/tasks.o
                0x0000000008013f98                vTaskPlaceOnEventList
 .text.xTaskRemoveFromEventList
                0x0000000008013fe0       0xc4 Middlewares/Third_Party/FreeRTOS/Source/tasks.o
                0x0000000008013fe0                xTaskRemoveFromEventList
 .text.vTaskInternalSetTimeOutState
                0x00000000080140a4       0x2c Middlewares/Third_Party/FreeRTOS/Source/tasks.o
                0x00000000080140a4                vTaskInternalSetTimeOutState
 .text.xTaskCheckForTimeOut
                0x00000000080140d0       0xc0 Middlewares/Third_Party/FreeRTOS/Source/tasks.o
                0x00000000080140d0                xTaskCheckForTimeOut
 .text.vTaskMissedYield
                0x0000000008014190       0x18 Middlewares/Third_Party/FreeRTOS/Source/tasks.o
                0x0000000008014190                vTaskMissedYield
 .text.prvIdleTask
                0x00000000080141a8       0x30 Middlewares/Third_Party/FreeRTOS/Source/tasks.o
 .text.prvInitialiseTaskLists
                0x00000000080141d8       0x80 Middlewares/Third_Party/FreeRTOS/Source/tasks.o
 .text.prvCheckTasksWaitingTermination
                0x0000000008014258       0x58 Middlewares/Third_Party/FreeRTOS/Source/tasks.o
 .text.prvDeleteTCB
                0x00000000080142b0       0x5c Middlewares/Third_Party/FreeRTOS/Source/tasks.o
 .text.prvResetNextTaskUnblockTime
                0x000000000801430c       0x40 Middlewares/Third_Party/FreeRTOS/Source/tasks.o
 .text.xTaskGetSchedulerState
                0x000000000801434c       0x3c Middlewares/Third_Party/FreeRTOS/Source/tasks.o
                0x000000000801434c                xTaskGetSchedulerState
 .text.xTaskPriorityDisinherit
                0x0000000008014388      0x108 Middlewares/Third_Party/FreeRTOS/Source/tasks.o
                0x0000000008014388                xTaskPriorityDisinherit
 .text.xTaskNotifyWait
                0x0000000008014490       0xb4 Middlewares/Third_Party/FreeRTOS/Source/tasks.o
                0x0000000008014490                xTaskNotifyWait
 .text.xTaskGenericNotify
                0x0000000008014544      0x164 Middlewares/Third_Party/FreeRTOS/Source/tasks.o
                0x0000000008014544                xTaskGenericNotify
 .text.xTaskGenericNotifyFromISR
                0x00000000080146a8      0x1b0 Middlewares/Third_Party/FreeRTOS/Source/tasks.o
                0x00000000080146a8                xTaskGenericNotifyFromISR
 .text.prvAddCurrentTaskToDelayedList
                0x0000000008014858       0xcc Middlewares/Third_Party/FreeRTOS/Source/tasks.o
 .text.pxPortInitialiseStack
                0x0000000008014924       0x68 Middlewares/Third_Party/FreeRTOS/Source/portable/GCC/ARM_CM4F/port.o
                0x0000000008014924                pxPortInitialiseStack
 .text.prvTaskExitError
                0x000000000801498c       0x54 Middlewares/Third_Party/FreeRTOS/Source/portable/GCC/ARM_CM4F/port.o
 .text.SVC_Handler
                0x00000000080149e0       0x28 Middlewares/Third_Party/FreeRTOS/Source/portable/GCC/ARM_CM4F/port.o
                0x00000000080149e0                SVC_Handler
 .text.prvPortStartFirstTask
                0x0000000008014a08       0x28 Middlewares/Third_Party/FreeRTOS/Source/portable/GCC/ARM_CM4F/port.o
 .text.xPortStartScheduler
                0x0000000008014a30      0x13c Middlewares/Third_Party/FreeRTOS/Source/portable/GCC/ARM_CM4F/port.o
                0x0000000008014a30                xPortStartScheduler
 .text.vPortEnterCritical
                0x0000000008014b6c       0x5c Middlewares/Third_Party/FreeRTOS/Source/portable/GCC/ARM_CM4F/port.o
                0x0000000008014b6c                vPortEnterCritical
 .text.vPortExitCritical
                0x0000000008014bc8       0x50 Middlewares/Third_Party/FreeRTOS/Source/portable/GCC/ARM_CM4F/port.o
                0x0000000008014bc8                vPortExitCritical
 *fill*         0x0000000008014c18        0x8 
 .text.PendSV_Handler
                0x0000000008014c20       0x68 Middlewares/Third_Party/FreeRTOS/Source/portable/GCC/ARM_CM4F/port.o
                0x0000000008014c20                PendSV_Handler
 .text.SysTick_Handler
                0x0000000008014c88       0x40 Middlewares/Third_Party/FreeRTOS/Source/portable/GCC/ARM_CM4F/port.o
                0x0000000008014c88                SysTick_Handler
 .text.vPortSetupTimerInterrupt
                0x0000000008014cc8       0x48 Middlewares/Third_Party/FreeRTOS/Source/portable/GCC/ARM_CM4F/port.o
                0x0000000008014cc8                vPortSetupTimerInterrupt
 .text.vPortEnableVFP
                0x0000000008014d10       0x14 Middlewares/Third_Party/FreeRTOS/Source/portable/GCC/ARM_CM4F/port.o
 .text.vPortValidateInterruptPriority
                0x0000000008014d24       0x7c Middlewares/Third_Party/FreeRTOS/Source/portable/GCC/ARM_CM4F/port.o
                0x0000000008014d24                vPortValidateInterruptPriority
 .text.pvPortMalloc
                0x0000000008014da0      0x184 Middlewares/Third_Party/FreeRTOS/Source/portable/MemMang/heap_4.o
                0x0000000008014da0                pvPortMalloc
 .text.vPortFree
                0x0000000008014f24       0xb0 Middlewares/Third_Party/FreeRTOS/Source/portable/MemMang/heap_4.o
                0x0000000008014f24                vPortFree
 .text.prvHeapInit
                0x0000000008014fd4       0xc4 Middlewares/Third_Party/FreeRTOS/Source/portable/MemMang/heap_4.o
 .text.prvInsertBlockIntoFreeList
                0x0000000008015098       0xb4 Middlewares/Third_Party/FreeRTOS/Source/portable/MemMang/heap_4.o
 .text.MX_USB_DEVICE_Init
                0x000000000801514c       0x60 USB_DEVICE/App/usb_device.o
                0x000000000801514c                MX_USB_DEVICE_Init
 .text.CDC_Init_FS
                0x00000000080151ac       0x28 USB_DEVICE/App/usbd_cdc_if.o
 .text.CDC_DeInit_FS
                0x00000000080151d4       0x10 USB_DEVICE/App/usbd_cdc_if.o
 .text.CDC_Control_FS
                0x00000000080151e4      0x144 USB_DEVICE/App/usbd_cdc_if.o
 .text.CDC_Receive_FS
                0x0000000008015328       0x3c USB_DEVICE/App/usbd_cdc_if.o
 .text.CDC_Transmit_FS
                0x0000000008015364       0x4c USB_DEVICE/App/usbd_cdc_if.o
                0x0000000008015364                CDC_Transmit_FS
 .text.CDC_TransmitCplt_FS
                0x00000000080153b0       0x22 USB_DEVICE/App/usbd_cdc_if.o
 *fill*         0x00000000080153d2        0x2 
 .text.USBD_FS_DeviceDescriptor
                0x00000000080153d4       0x24 USB_DEVICE/App/usbd_desc.o
                0x00000000080153d4                USBD_FS_DeviceDescriptor
 .text.USBD_FS_LangIDStrDescriptor
                0x00000000080153f8       0x24 USB_DEVICE/App/usbd_desc.o
                0x00000000080153f8                USBD_FS_LangIDStrDescriptor
 .text.USBD_FS_ProductStrDescriptor
                0x000000000801541c       0x3c USB_DEVICE/App/usbd_desc.o
                0x000000000801541c                USBD_FS_ProductStrDescriptor
 .text.USBD_FS_ManufacturerStrDescriptor
                0x0000000008015458       0x28 USB_DEVICE/App/usbd_desc.o
                0x0000000008015458                USBD_FS_ManufacturerStrDescriptor
 .text.USBD_FS_SerialStrDescriptor
                0x0000000008015480       0x24 USB_DEVICE/App/usbd_desc.o
                0x0000000008015480                USBD_FS_SerialStrDescriptor
 .text.USBD_FS_ConfigStrDescriptor
                0x00000000080154a4       0x3c USB_DEVICE/App/usbd_desc.o
                0x00000000080154a4                USBD_FS_ConfigStrDescriptor
 .text.USBD_FS_InterfaceStrDescriptor
                0x00000000080154e0       0x3c USB_DEVICE/App/usbd_desc.o
                0x00000000080154e0                USBD_FS_InterfaceStrDescriptor
 .text.Get_SerialNum
                0x000000000801551c       0x58 USB_DEVICE/App/usbd_desc.o
 .text.IntToUnicode
                0x0000000008015574       0x7c USB_DEVICE/App/usbd_desc.o
 .text.HAL_PCD_MspInit
                0x00000000080155f0       0xa8 USB_DEVICE/Target/usbd_conf.o
                0x00000000080155f0                HAL_PCD_MspInit
 .text.HAL_PCD_SetupStageCallback
                0x0000000008015698       0x24 USB_DEVICE/Target/usbd_conf.o
                0x0000000008015698                HAL_PCD_SetupStageCallback
 .text.HAL_PCD_DataOutStageCallback
                0x00000000080156bc       0x36 USB_DEVICE/Target/usbd_conf.o
                0x00000000080156bc                HAL_PCD_DataOutStageCallback
 .text.HAL_PCD_DataInStageCallback
                0x00000000080156f2       0x34 USB_DEVICE/Target/usbd_conf.o
                0x00000000080156f2                HAL_PCD_DataInStageCallback
 .text.HAL_PCD_SOFCallback
                0x0000000008015726       0x1c USB_DEVICE/Target/usbd_conf.o
                0x0000000008015726                HAL_PCD_SOFCallback
 .text.HAL_PCD_ResetCallback
                0x0000000008015742       0x50 USB_DEVICE/Target/usbd_conf.o
                0x0000000008015742                HAL_PCD_ResetCallback
 *fill*         0x0000000008015792        0x2 
 .text.HAL_PCD_SuspendCallback
                0x0000000008015794       0x4c USB_DEVICE/Target/usbd_conf.o
                0x0000000008015794                HAL_PCD_SuspendCallback
 .text.HAL_PCD_ResumeCallback
                0x00000000080157e0       0x1c USB_DEVICE/Target/usbd_conf.o
                0x00000000080157e0                HAL_PCD_ResumeCallback
 .text.HAL_PCD_ISOOUTIncompleteCallback
                0x00000000080157fc       0x24 USB_DEVICE/Target/usbd_conf.o
                0x00000000080157fc                HAL_PCD_ISOOUTIncompleteCallback
 .text.HAL_PCD_ISOINIncompleteCallback
                0x0000000008015820       0x24 USB_DEVICE/Target/usbd_conf.o
                0x0000000008015820                HAL_PCD_ISOINIncompleteCallback
 .text.HAL_PCD_ConnectCallback
                0x0000000008015844       0x1c USB_DEVICE/Target/usbd_conf.o
                0x0000000008015844                HAL_PCD_ConnectCallback
 .text.HAL_PCD_DisconnectCallback
                0x0000000008015860       0x1c USB_DEVICE/Target/usbd_conf.o
                0x0000000008015860                HAL_PCD_DisconnectCallback
 .text.USBD_LL_Init
                0x000000000801587c       0x98 USB_DEVICE/Target/usbd_conf.o
                0x000000000801587c                USBD_LL_Init
 .text.USBD_LL_Start
                0x0000000008015914       0x36 USB_DEVICE/Target/usbd_conf.o
                0x0000000008015914                USBD_LL_Start
 .text.USBD_LL_OpenEP
                0x000000000801594a       0x4c USB_DEVICE/Target/usbd_conf.o
                0x000000000801594a                USBD_LL_OpenEP
 .text.USBD_LL_CloseEP
                0x0000000008015996       0x3e USB_DEVICE/Target/usbd_conf.o
                0x0000000008015996                USBD_LL_CloseEP
 .text.USBD_LL_StallEP
                0x00000000080159d4       0x3e USB_DEVICE/Target/usbd_conf.o
                0x00000000080159d4                USBD_LL_StallEP
 .text.USBD_LL_ClearStallEP
                0x0000000008015a12       0x3e USB_DEVICE/Target/usbd_conf.o
                0x0000000008015a12                USBD_LL_ClearStallEP
 .text.USBD_LL_IsStallEP
                0x0000000008015a50       0x58 USB_DEVICE/Target/usbd_conf.o
                0x0000000008015a50                USBD_LL_IsStallEP
 .text.USBD_LL_SetUSBAddress
                0x0000000008015aa8       0x3e USB_DEVICE/Target/usbd_conf.o
                0x0000000008015aa8                USBD_LL_SetUSBAddress
 .text.USBD_LL_Transmit
                0x0000000008015ae6       0x42 USB_DEVICE/Target/usbd_conf.o
                0x0000000008015ae6                USBD_LL_Transmit
 .text.USBD_LL_PrepareReceive
                0x0000000008015b28       0x42 USB_DEVICE/Target/usbd_conf.o
                0x0000000008015b28                USBD_LL_PrepareReceive
 .text.USBD_LL_GetRxDataSize
                0x0000000008015b6a       0x26 USB_DEVICE/Target/usbd_conf.o
                0x0000000008015b6a                USBD_LL_GetRxDataSize
 .text.USBD_Get_USB_Status
                0x0000000008015b90       0x58 USB_DEVICE/Target/usbd_conf.o
                0x0000000008015b90                USBD_Get_USB_Status
 .text.__errno  0x0000000008015be8        0xc c:/st/stm32cubeide_1.3.0/stm32cubeide/plugins/com.st.stm32cube.ide.mcu.externaltools.gnu-tools-for-stm32.7-2018-q2-update.win32_1.5.0.202011040924/tools/bin/../lib/gcc/arm-none-eabi/7.3.1/../../../../arm-none-eabi/lib/thumb/v7e-m/fpv4-sp/hard\libc_nano.a(lib_a-errno.o)
                0x0000000008015be8                __errno
 .text.__libc_init_array
                0x0000000008015bf4       0x48 c:/st/stm32cubeide_1.3.0/stm32cubeide/plugins/com.st.stm32cube.ide.mcu.externaltools.gnu-tools-for-stm32.7-2018-q2-update.win32_1.5.0.202011040924/tools/bin/../lib/gcc/arm-none-eabi/7.3.1/../../../../arm-none-eabi/lib/thumb/v7e-m/fpv4-sp/hard\libc_nano.a(lib_a-init.o)
                0x0000000008015bf4                __libc_init_array
 .text.malloc   0x0000000008015c3c       0x10 c:/st/stm32cubeide_1.3.0/stm32cubeide/plugins/com.st.stm32cube.ide.mcu.externaltools.gnu-tools-for-stm32.7-2018-q2-update.win32_1.5.0.202011040924/tools/bin/../lib/gcc/arm-none-eabi/7.3.1/../../../../arm-none-eabi/lib/thumb/v7e-m/fpv4-sp/hard\libc_nano.a(lib_a-malloc.o)
                0x0000000008015c3c                malloc
 .text.free     0x0000000008015c4c       0x10 c:/st/stm32cubeide_1.3.0/stm32cubeide/plugins/com.st.stm32cube.ide.mcu.externaltools.gnu-tools-for-stm32.7-2018-q2-update.win32_1.5.0.202011040924/tools/bin/../lib/gcc/arm-none-eabi/7.3.1/../../../../arm-none-eabi/lib/thumb/v7e-m/fpv4-sp/hard\libc_nano.a(lib_a-malloc.o)
                0x0000000008015c4c                free
 .text.memcpy   0x0000000008015c5c       0x16 c:/st/stm32cubeide_1.3.0/stm32cubeide/plugins/com.st.stm32cube.ide.mcu.externaltools.gnu-tools-for-stm32.7-2018-q2-update.win32_1.5.0.202011040924/tools/bin/../lib/gcc/arm-none-eabi/7.3.1/../../../../arm-none-eabi/lib/thumb/v7e-m/fpv4-sp/hard\libc_nano.a(lib_a-memcpy-stub.o)
                0x0000000008015c5c                memcpy
 .text.memmove  0x0000000008015c72       0x32 c:/st/stm32cubeide_1.3.0/stm32cubeide/plugins/com.st.stm32cube.ide.mcu.externaltools.gnu-tools-for-stm32.7-2018-q2-update.win32_1.5.0.202011040924/tools/bin/../lib/gcc/arm-none-eabi/7.3.1/../../../../arm-none-eabi/lib/thumb/v7e-m/fpv4-sp/hard\libc_nano.a(lib_a-memmove.o)
                0x0000000008015c72                memmove
 .text.memset   0x0000000008015ca4       0x10 c:/st/stm32cubeide_1.3.0/stm32cubeide/plugins/com.st.stm32cube.ide.mcu.externaltools.gnu-tools-for-stm32.7-2018-q2-update.win32_1.5.0.202011040924/tools/bin/../lib/gcc/arm-none-eabi/7.3.1/../../../../arm-none-eabi/lib/thumb/v7e-m/fpv4-sp/hard\libc_nano.a(lib_a-memset.o)
                0x0000000008015ca4                memset
 .text._free_r  0x0000000008015cb4       0x9c c:/st/stm32cubeide_1.3.0/stm32cubeide/plugins/com.st.stm32cube.ide.mcu.externaltools.gnu-tools-for-stm32.7-2018-q2-update.win32_1.5.0.202011040924/tools/bin/../lib/gcc/arm-none-eabi/7.3.1/../../../../arm-none-eabi/lib/thumb/v7e-m/fpv4-sp/hard\libc_nano.a(lib_a-nano-freer.o)
                0x0000000008015cb4                _free_r
 .text._malloc_r
                0x0000000008015d50       0xb4 c:/st/stm32cubeide_1.3.0/stm32cubeide/plugins/com.st.stm32cube.ide.mcu.externaltools.gnu-tools-for-stm32.7-2018-q2-update.win32_1.5.0.202011040924/tools/bin/../lib/gcc/arm-none-eabi/7.3.1/../../../../arm-none-eabi/lib/thumb/v7e-m/fpv4-sp/hard\libc_nano.a(lib_a-nano-mallocr.o)
                0x0000000008015d50                _malloc_r
 .text.__cvt    0x0000000008015e04       0xc2 c:/st/stm32cubeide_1.3.0/stm32cubeide/plugins/com.st.stm32cube.ide.mcu.externaltools.gnu-tools-for-stm32.7-2018-q2-update.win32_1.5.0.202011040924/tools/bin/../lib/gcc/arm-none-eabi/7.3.1/../../../../arm-none-eabi/lib/thumb/v7e-m/fpv4-sp/hard\libc_nano.a(lib_a-nano-vfprintf_float.o)
                0x0000000008015e04                __cvt
 .text.__exponent
                0x0000000008015ec6       0x66 c:/st/stm32cubeide_1.3.0/stm32cubeide/plugins/com.st.stm32cube.ide.mcu.externaltools.gnu-tools-for-stm32.7-2018-q2-update.win32_1.5.0.202011040924/tools/bin/../lib/gcc/arm-none-eabi/7.3.1/../../../../arm-none-eabi/lib/thumb/v7e-m/fpv4-sp/hard\libc_nano.a(lib_a-nano-vfprintf_float.o)
                0x0000000008015ec6                __exponent
 .text._printf_float
                0x0000000008015f2c      0x480 c:/st/stm32cubeide_1.3.0/stm32cubeide/plugins/com.st.stm32cube.ide.mcu.externaltools.gnu-tools-for-stm32.7-2018-q2-update.win32_1.5.0.202011040924/tools/bin/../lib/gcc/arm-none-eabi/7.3.1/../../../../arm-none-eabi/lib/thumb/v7e-m/fpv4-sp/hard\libc_nano.a(lib_a-nano-vfprintf_float.o)
                0x0000000008015f2c                _printf_float
 .text._printf_common
                0x00000000080163ac       0xea c:/st/stm32cubeide_1.3.0/stm32cubeide/plugins/com.st.stm32cube.ide.mcu.externaltools.gnu-tools-for-stm32.7-2018-q2-update.win32_1.5.0.202011040924/tools/bin/../lib/gcc/arm-none-eabi/7.3.1/../../../../arm-none-eabi/lib/thumb/v7e-m/fpv4-sp/hard\libc_nano.a(lib_a-nano-vfprintf_i.o)
                0x00000000080163ac                _printf_common
 *fill*         0x0000000008016496        0x2 
 .text._printf_i
                0x0000000008016498      0x224 c:/st/stm32cubeide_1.3.0/stm32cubeide/plugins/com.st.stm32cube.ide.mcu.externaltools.gnu-tools-for-stm32.7-2018-q2-update.win32_1.5.0.202011040924/tools/bin/../lib/gcc/arm-none-eabi/7.3.1/../../../../arm-none-eabi/lib/thumb/v7e-m/fpv4-sp/hard\libc_nano.a(lib_a-nano-vfprintf_i.o)
                0x0000000008016498                _printf_i
 .text._scanf_float
                0x00000000080166bc      0x3c4 c:/st/stm32cubeide_1.3.0/stm32cubeide/plugins/com.st.stm32cube.ide.mcu.externaltools.gnu-tools-for-stm32.7-2018-q2-update.win32_1.5.0.202011040924/tools/bin/../lib/gcc/arm-none-eabi/7.3.1/../../../../arm-none-eabi/lib/thumb/v7e-m/fpv4-sp/hard\libc_nano.a(lib_a-nano-vfscanf_float.o)
                0x00000000080166bc                _scanf_float
 .text._sbrk_r  0x0000000008016a80       0x20 c:/st/stm32cubeide_1.3.0/stm32cubeide/plugins/com.st.stm32cube.ide.mcu.externaltools.gnu-tools-for-stm32.7-2018-q2-update.win32_1.5.0.202011040924/tools/bin/../lib/gcc/arm-none-eabi/7.3.1/../../../../arm-none-eabi/lib/thumb/v7e-m/fpv4-sp/hard\libc_nano.a(lib_a-sbrkr.o)
                0x0000000008016a80                _sbrk_r
 .text.nanf     0x0000000008016aa0        0xc c:/st/stm32cubeide_1.3.0/stm32cubeide/plugins/com.st.stm32cube.ide.mcu.externaltools.gnu-tools-for-stm32.7-2018-q2-update.win32_1.5.0.202011040924/tools/bin/../lib/gcc/arm-none-eabi/7.3.1/../../../../arm-none-eabi/lib/thumb/v7e-m/fpv4-sp/hard\libc_nano.a(lib_a-sf_nan.o)
                0x0000000008016aa0                nanf
 .text.snprintf
                0x0000000008016aac       0x68 c:/st/stm32cubeide_1.3.0/stm32cubeide/plugins/com.st.stm32cube.ide.mcu.externaltools.gnu-tools-for-stm32.7-2018-q2-update.win32_1.5.0.202011040924/tools/bin/../lib/gcc/arm-none-eabi/7.3.1/../../../../arm-none-eabi/lib/thumb/v7e-m/fpv4-sp/hard\libc_nano.a(lib_a-snprintf.o)