Archive member included to satisfy reference by file (symbol)

c:/st/stm32cubeide_1.3.0/stm32cubeide/plugins/com.st.stm32cube.ide.mcu.externaltools.gnu-tools-for-stm32.7-2018-q2-update.win32_1.5.0.202011040924/tools/bin/../lib/gcc/arm-none-eabi/7.3.1/../../../../arm-none-eabi/lib/thumb/v7e-m/fpv4-sp/hard\libc_nano.a(lib_a-calloc.o)
                              Core/Src/freertos.o (calloc)
c:/st/stm32cubeide_1.3.0/stm32cubeide/plugins/com.st.stm32cube.ide.mcu.externaltools.gnu-tools-for-stm32.7-2018-q2-update.win32_1.5.0.202011040924/tools/bin/../lib/gcc/arm-none-eabi/7.3.1/../../../../arm-none-eabi/lib/thumb/v7e-m/fpv4-sp/hard\libc_nano.a(lib_a-errno.o)
                              Core/Src/syscalls.o (__errno)
c:/st/stm32cubeide_1.3.0/stm32cubeide/plugins/com.st.stm32cube.ide.mcu.externaltools.gnu-tools-for-stm32.7-2018-q2-update.win32_1.5.0.202011040924/tools/bin/../lib/gcc/arm-none-eabi/7.3.1/../../../../arm-none-eabi/lib/thumb/v7e-m/fpv4-sp/hard\libc_nano.a(lib_a-exit.o)
                              c:/st/stm32cubeide_1.3.0/stm32cubeide/plugins/com.st.stm32cube.ide.mcu.externaltools.gnu-tools-for-stm32.7-2018-q2-update.win32_1.5.0.202011040924/tools/bin/../lib/gcc/arm-none-eabi/7.3.1/../../../../arm-none-eabi/lib/thumb/v7e-m/fpv4-sp/hard/crt0.o (exit)
c:/st/stm32cubeide_1.3.0/stm32cubeide/plugins/com.st.stm32cube.ide.mcu.externaltools.gnu-tools-for-stm32.7-2018-q2-update.win32_1.5.0.202011040924/tools/bin/../lib/gcc/arm-none-eabi/7.3.1/../../../../arm-none-eabi/lib/thumb/v7e-m/fpv4-sp/hard\libc_nano.a(lib_a-impure.o)
                              c:/st/stm32cubeide_1.3.0/stm32cubeide/plugins/com.st.stm32cube.ide.mcu.externaltools.gnu-tools-for-stm32.7-2018-q2-update.win32_1.5.0.202011040924/tools/bin/../lib/gcc/arm-none-eabi/7.3.1/../../../../arm-none-eabi/lib/thumb/v7e-m/fpv4-sp/hard\libc_nano.a(lib_a-exit.o) (_global_impure_ptr)
c:/st/stm32cubeide_1.3.0/stm32cubeide/plugins/com.st.stm32cube.ide.mcu.externaltools.gnu-tools-for-stm32.7-2018-q2-update.win32_1.5.0.202011040924/tools/bin/../lib/gcc/arm-none-eabi/7.3.1/../../../../arm-none-eabi/lib/thumb/v7e-m/fpv4-sp/hard\libc_nano.a(lib_a-init.o)
                              c:/st/stm32cubeide_1.3.0/stm32cubeide/plugins/com.st.stm32cube.ide.mcu.externaltools.gnu-tools-for-stm32.7-2018-q2-update.win32_1.5.0.202011040924/tools/bin/../lib/gcc/arm-none-eabi/7.3.1/../../../../arm-none-eabi/lib/thumb/v7e-m/fpv4-sp/hard/crt0.o (__libc_init_array)
c:/st/stm32cubeide_1.3.0/stm32cubeide/plugins/com.st.stm32cube.ide.mcu.externaltools.gnu-tools-for-stm32.7-2018-q2-update.win32_1.5.0.202011040924/tools/bin/../lib/gcc/arm-none-eabi/7.3.1/../../../../arm-none-eabi/lib/thumb/v7e-m/fpv4-sp/hard\libc_nano.a(lib_a-malloc.o)
                              Middlewares/ST/STM32_USB_Device_Library/Class/CDC/Src/usbd_cdc.o (malloc)
c:/st/stm32cubeide_1.3.0/stm32cubeide/plugins/com.st.stm32cube.ide.mcu.externaltools.gnu-tools-for-stm32.7-2018-q2-update.win32_1.5.0.202011040924/tools/bin/../lib/gcc/arm-none-eabi/7.3.1/../../../../arm-none-eabi/lib/thumb/v7e-m/fpv4-sp/hard\libc_nano.a(lib_a-memcpy-stub.o)
                              Core/Src/command_respond.o (memcpy)
c:/st/stm32cubeide_1.3.0/stm32cubeide/plugins/com.st.stm32cube.ide.mcu.externaltools.gnu-tools-for-stm32.7-2018-q2-update.win32_1.5.0.202011040924/tools/bin/../lib/gcc/arm-none-eabi/7.3.1/../../../../arm-none-eabi/lib/thumb/v7e-m/fpv4-sp/hard\libc_nano.a(lib_a-memmove.o)
                              Core/Src/communicate_payload.o (memmove)
c:/st/stm32cubeide_1.3.0/stm32cubeide/plugins/com.st.stm32cube.ide.mcu.externaltools.gnu-tools-for-stm32.7-2018-q2-update.win32_1.5.0.202011040924/tools/bin/../lib/gcc/arm-none-eabi/7.3.1/../../../../arm-none-eabi/lib/thumb/v7e-m/fpv4-sp/hard\libc_nano.a(lib_a-memset.o)
                              c:/st/stm32cubeide_1.3.0/stm32cubeide/plugins/com.st.stm32cube.ide.mcu.externaltools.gnu-tools-for-stm32.7-2018-q2-update.win32_1.5.0.202011040924/tools/bin/../lib/gcc/arm-none-eabi/7.3.1/../../../../arm-none-eabi/lib/thumb/v7e-m/fpv4-sp/hard/crt0.o (memset)
c:/st/stm32cubeide_1.3.0/stm32cubeide/plugins/com.st.stm32cube.ide.mcu.externaltools.gnu-tools-for-stm32.7-2018-q2-update.win32_1.5.0.202011040924/tools/bin/../lib/gcc/arm-none-eabi/7.3.1/../../../../arm-none-eabi/lib/thumb/v7e-m/fpv4-sp/hard\libc_nano.a(lib_a-nano-callocr.o)
                              c:/st/stm32cubeide_1.3.0/stm32cubeide/plugins/com.st.stm32cube.ide.mcu.externaltools.gnu-tools-for-stm32.7-2018-q2-update.win32_1.5.0.202011040924/tools/bin/../lib/gcc/arm-none-eabi/7.3.1/../../../../arm-none-eabi/lib/thumb/v7e-m/fpv4-sp/hard\libc_nano.a(lib_a-calloc.o) (_calloc_r)
c:/st/stm32cubeide_1.3.0/stm32cubeide/plugins/com.st.stm32cube.ide.mcu.externaltools.gnu-tools-for-stm32.7-2018-q2-update.win32_1.5.0.202011040924/tools/bin/../lib/gcc/arm-none-eabi/7.3.1/../../../../arm-none-eabi/lib/thumb/v7e-m/fpv4-sp/hard\libc_nano.a(lib_a-nano-freer.o)
[...]
Memory Configuration

Name             Origin             Length             Attributes
CCMRAM           0x0000000010000000 0x0000000000010000 xrw
RAM              0x0000000020000000 0x0000000000020000 xrw
FLASH            0x0000000008000000 0x0000000000100000 xr
*default*        0x0000000000000000 0xffffffffffffffff

Linker script and memory map

LOAD c:/st/stm32cubeide_1.3.0/stm32cubeide/plugins/com.st.stm32cube.ide.mcu.externaltools.gnu-tools-for-stm32.7-2018-q2-update.win32_1.5.0.202011040924/tools/bin/../lib/gcc/arm-none-eabi/7.3.1/thumb/v7e-m/fpv4-sp/hard/crti.o
LOAD c:/st/stm32cubeide_1.3.0/stm32cubeide/plugins/com.st.stm32cube.ide.mcu.externaltools.gnu-tools-for-stm32.7-2018-q2-update.win32_1.5.0.202011040924/tools/bin/../lib/gcc/arm-none-eabi/7.3.1/thumb/v7e-m/fpv4-sp/hard/crtbegin.o
LOAD c:/st/stm32cubeide_1.3.0/stm32cubeide/plugins/com.st.stm32cube.ide.mcu.externaltools.gnu-tools-for-stm32.7-2018-q2-update.win32_1.5.0.202011040924/tools/bin/../lib/gcc/arm-none-eabi/7.3.1/../../../../arm-none-eabi/lib/thumb/v7e-m/fpv4-sp/hard/crt0.o
LOAD Core/Src/command_respond.o
LOAD Core/Src/common_def.o
LOAD Core/Src/communicate_payload.o
LOAD Core/Src/dma.o
LOAD Core/Src/freertos.o
LOAD Core/Src/fsmc.o
LOAD Core/Src/gpio.o
LOAD Core/Src/kinematic.o
LOAD Core/Src/main.o
LOAD Core/Src/ringbuffer.o
LOAD Core/Src/robot_lowlayler.o
LOAD Core/Src/robot_scara.o
LOAD Core/Src/stm32f4xx_hal_msp.o
LOAD Core/Src/stm32f4xx_hal_timebase_tim.o
LOAD Core/Src/stm32f4xx_it.o
LOAD Core/Src/sys.o
LOAD Core/Src/syscalls.o
LOAD Core/Src/sysmem.o
LOAD Core/Src/system_stm32f4xx.o
LOAD Core/Src/tim.o
LOAD Core/Src/usart.o
LOAD Core/Startup/startup_stm32f407vgtx.o
LOAD Drivers/STM32F4xx_HAL_Driver/Src/stm32f4xx_hal.o
LOAD Drivers/STM32F4xx_HAL_Driver/Src/stm32f4xx_hal_cortex.o
LOAD Drivers/STM32F4xx_HAL_Driver/Src/stm32f4xx_hal_dma.o
LOAD Drivers/STM32F4xx_HAL_Driver/Src/stm32f4xx_hal_dma_ex.o
LOAD Drivers/STM32F4xx_HAL_Driver/Src/stm32f4xx_hal_exti.o
LOAD Drivers/STM32F4xx_HAL_Driver/Src/stm32f4xx_hal_flash.o
LOAD Drivers/STM32F4xx_HAL_Driver/Src/stm32f4xx_hal_flash_ex.o
LOAD Drivers/STM32F4xx_HAL_Driver/Src/stm32f4xx_hal_flash_ramfunc.o
LOAD Drivers/STM32F4xx_HAL_Driver/Src/stm32f4xx_hal_gpio.o
LOAD Drivers/STM32F4xx_HAL_Driver/Src/stm32f4xx_hal_nor.o
LOAD Drivers/STM32F4xx_HAL_Driver/Src/stm32f4xx_hal_pcd.o
LOAD Drivers/STM32F4xx_HAL_Driver/Src/stm32f4xx_hal_pcd_ex.o
LOAD Drivers/STM32F4xx_HAL_Driver/Src/stm32f4xx_hal_pwr.o
LOAD Drivers/STM32F4xx_HAL_Driver/Src/stm32f4xx_hal_pwr_ex.o
LOAD Drivers/STM32F4xx_HAL_Driver/Src/stm32f4xx_hal_rcc.o
LOAD Drivers/STM32F4xx_HAL_Driver/Src/stm32f4xx_hal_rcc_ex.o
LOAD Drivers/STM32F4xx_HAL_Driver/Src/stm32f4xx_hal_tim.o
LOAD Drivers/STM32F4xx_HAL_Driver/Src/stm32f4xx_hal_tim_ex.o
LOAD Drivers/STM32F4xx_HAL_Driver/Src/stm32f4xx_hal_uart.o
LOAD Drivers/STM32F4xx_HAL_Driver/Src/stm32f4xx_ll_fsmc.o
LOAD Drivers/STM32F4xx_HAL_Driver/Src/stm32f4xx_ll_usb.o
LOAD Middlewares/ST/STM32_USB_Device_Library/Class/CDC/Src/usbd_cdc.o
LOAD Middlewares/ST/STM32_USB_Device_Library/Core/Src/usbd_core.o
LOAD Middlewares/ST/STM32_USB_Device_Library/Core/Src/usbd_ctlreq.o
LOAD Middlewares/ST/STM32_USB_Device_Library/Core/Src/usbd_ioreq.o
LOAD Middlewares/Third_Party/FreeRTOS/Source/CMSIS_RTOS/cmsis_os.o
LOAD Middlewares/Third_Party/FreeRTOS/Source/croutine.o
LOAD Middlewares/Third_Party/FreeRTOS/Source/event_groups.o
LOAD Middlewares/Third_Party/FreeRTOS/Source/list.o
LOAD Middlewares/Third_Party/FreeRTOS/Source/queue.o
LOAD Middlewares/Third_Party/FreeRTOS/Source/stream_buffer.o
LOAD Middlewares/Third_Party/FreeRTOS/Source/tasks.o
LOAD Middlewares/Third_Party/FreeRTOS/Source/timers.o
LOAD Middlewares/Third_Party/FreeRTOS/Source/portable/GCC/ARM_CM4F/port.o
LOAD Middlewares/Third_Party/FreeRTOS/Source/portable/MemMang/heap_4.o
LOAD USB_DEVICE/App/usb_device.o
LOAD USB_DEVICE/App/usbd_cdc_if.o
LOAD USB_DEVICE/App/usbd_desc.o
LOAD USB_DEVICE/Target/usbd_conf.o
START GROUP
LOAD c:/st/stm32cubeide_1.3.0/stm32cubeide/plugins/com.st.stm32cube.ide.mcu.externaltools.gnu-tools-for-stm32.7-2018-q2-update.win32_1.5.0.202011040924/tools/bin/../lib/gcc/arm-none-eabi/7.3.1/../../../../arm-none-eabi/lib/thumb/v7e-m/fpv4-sp/hard\libc_nano.a
LOAD c:/st/stm32cubeide_1.3.0/stm32cubeide/plugins/com.st.stm32cube.ide.mcu.externaltools.gnu-tools-for-stm32.7-2018-q2-update.win32_1.5.0.202011040924/tools/bin/../lib/gcc/arm-none-eabi/7.3.1/../../../../arm-none-eabi/lib/thumb/v7e-m/fpv4-sp/hard\libm.a
END GROUP
START GROUP
LOAD c:/st/stm32cubeide_1.3.0/stm32cubeide/plugins/com.st.stm32cube.ide.mcu.externaltools.gnu-tools-for-stm32.7-2018-q2-update.win32_1.5.0.202011040924/tools/bin/../lib/gcc/arm-none-eabi/7.3.1/thumb/v7e-m/fpv4-sp/hard\libgcc.a
LOAD c:/st/stm32cubeide_1.3.0/stm32cubeide/plugins/com.st.stm32cube.ide.mcu.externaltools.gnu-tools-for-stm32.7-2018-q2-update.win32_1.5.0.202011040924/tools/bin/../lib/gcc/arm-none-eabi/7.3.1/../../../../arm-none-eabi/lib/thumb/v7e-m/fpv4-sp/hard\libc_nano.a
END GROUP
START GROUP
LOAD c:/st/stm32cubeide_1.3.0/stm32cubeide/plugins/com.st.stm32cube.ide.mcu.externaltools.gnu-tools-for-stm32.7-2018-q2-update.win32_1.5.0.202011040924/tools/bin/../lib/gcc/arm-none-eabi/7.3.1/thumb/v7e-m/fpv4-sp/hard\libgcc.a
LOAD c:/st/stm32cubeide_1.3.0/stm32cubeide/plugins/com.st.stm32cube.ide.mcu.externaltools.gnu-tools-for-stm32.7-2018-q2-update.win32_1.5.0.202011040924/tools/bin/../lib/gcc/arm-none-eabi/7.3.1/../../../../arm-none-eabi/lib/thumb/v7e-m/fpv4-sp/hard\libc_nano.a
LOAD c:/st/stm32cubeide_1.3.0/stm32cubeide/plugins/com.st.stm32cube.ide.mcu.externaltools.gnu-tools-for-stm32.7-2018-q2-update.win32_1.5.0.202011040924/tools/bin/../lib/gcc/arm-none-eabi/7.3.1/../../../../arm-none-eabi/lib/thumb/v7e-m/fpv4-sp/hard\libnosys.a
END GROUP
START GROUP
LOAD c:/st/stm32cubeide_1.3.0/stm32cubeide/plugins/com.st.stm32cube.ide.mcu.externaltools.gnu-tools-for-stm32.7-2018-q2-update.win32_1.5.0.202011040924/tools/bin/../lib/gcc/arm-none-eabi/7.3.1/thumb/v7e-m/fpv4-sp/hard\libgcc.a
LOAD c:/st/stm32cubeide_1.3.0/stm32cubeide/plugins/com.st.stm32cube.ide.mcu.externaltools.gnu-tools-for-stm32.7-2018-q2-update.win32_1.5.0.202011040924/tools/bin/../lib/gcc/arm-none-eabi/7.3.1/../../../../arm-none-eabi/lib/thumb/v7e-m/fpv4-sp/hard\libc_nano.a
LOAD c:/st/stm32cubeide_1.3.0/stm32cubeide/plugins/com.st.stm32cube.ide.mcu.externaltools.gnu-tools-for-stm32.7-2018-q2-update.win32_1.5.0.202011040924/tools/bin/../lib/gcc/arm-none-eabi/7.3.1/../../../../arm-none-eabi/lib/thumb/v7e-m/fpv4-sp/hard\libnosys.a
END GROUP
LOAD c:/st/stm32cubeide_1.3.0/stm32cubeide/plugins/com.st.stm32cube.ide.mcu.externaltools.gnu-tools-for-stm32.7-2018-q2-update.win32_1.5.0.202011040924/tools/bin/../lib/gcc/arm-none-eabi/7.3.1/thumb/v7e-m/fpv4-sp/hard/crtend.o
LOAD c:/st/stm32cubeide_1.3.0/stm32cubeide/plugins/com.st.stm32cube.ide.mcu.externaltools.gnu-tools-for-stm32.7-2018-q2-update.win32_1.5.0.202011040924/tools/bin/../lib/gcc/arm-none-eabi/7.3.1/thumb/v7e-m/fpv4-sp/hard/crtn.o
                0x0000000020020000                _estack = (ORIGIN (RAM) + LENGTH (RAM))
                0x0000000000000200                _Min_Heap_Size = 0x200
                0x0000000000000400                _Min_Stack_Size = 0x400

.isr_vector     0x0000000008000000      0x188
                0x0000000008000000                . = ALIGN (0x4)
 *(.isr_vector)
 .isr_vector    0x0000000008000000      0x188 Core/Startup/startup_stm32f407vgtx.o
                0x0000000008000000                g_pfnVectors
                0x0000000008000188                . = ALIGN (0x4)

.text           0x0000000008000190    0x1aecc
                0x0000000008000190                . = ALIGN (0x4)
 *(.text)
 .text          0x0000000008000190       0x40 c:/st/stm32cubeide_1.3.0/stm32cubeide/plugins/com.st.stm32cube.ide.mcu.externaltools.gnu-tools-for-stm32.7-2018-q2-update.win32_1.5.0.202011040924/tools/bin/../lib/gcc/arm-none-eabi/7.3.1/thumb/v7e-m/fpv4-sp/hard/crtbegin.o
 .text          0x00000000080001d0       0x10 c:/st/stm32cubeide_1.3.0/stm32cubeide/plugins/com.st.stm32cube.ide.mcu.externaltools.gnu-tools-for-stm32.7-2018-q2-update.win32_1.5.0.202011040924/tools/bin/../lib/gcc/arm-none-eabi/7.3.1/../../../../arm-none-eabi/lib/thumb/v7e-m/fpv4-sp/hard\libc_nano.a(lib_a-strlen.o)
                0x00000000080001d0                strlen
 .text          0x00000000080001e0       0xa0 c:/st/stm32cubeide_1.3.0/stm32cubeide/plugins/com.st.stm32cube.ide.mcu.externaltools.gnu-tools-for-stm32.7-2018-q2-update.win32_1.5.0.202011040924/tools/bin/../lib/gcc/arm-none-eabi/7.3.1/../../../../arm-none-eabi/lib/thumb/v7e-m/fpv4-sp/hard\libc_nano.a(lib_a-memchr.o)
                0x00000000080001e0                memchr
 .text          0x0000000008000280      0x378 c:/st/stm32cubeide_1.3.0/stm32cubeide/plugins/com.st.stm32cube.ide.mcu.externaltools.gnu-tools-for-stm32.7-2018-q2-update.win32_1.5.0.202011040924/tools/bin/../lib/gcc/arm-none-eabi/7.3.1/thumb/v7e-m/fpv4-sp/hard\libgcc.a(_arm_addsubdf3.o)
                0x0000000008000280                __aeabi_drsub
                0x0000000008000288                __aeabi_dsub
                0x0000000008000288                __subdf3
                0x000000000800028c                __aeabi_dadd
                0x000000000800028c                __adddf3
                0x0000000008000504                __floatunsidf
                0x0000000008000504                __aeabi_ui2d
                0x0000000008000524                __floatsidf
                0x0000000008000524                __aeabi_i2d
                0x0000000008000548                __aeabi_f2d
                0x0000000008000548                __extendsfdf2
                0x000000000800058c                __floatundidf
                0x000000000800058c                __aeabi_ul2d
                0x000000000800059c                __floatdidf
                0x000000000800059c                __aeabi_l2d
 .text          0x00000000080005f8      0x424 c:/st/stm32cubeide_1.3.0/stm32cubeide/plugins/com.st.stm32cube.ide.mcu.externaltools.gnu-tools-for-stm32.7-2018-q2-update.win32_1.5.0.202011040924/tools/bin/../lib/gcc/arm-none-eabi/7.3.1/thumb/v7e-m/fpv4-sp/hard\libgcc.a(_arm_muldivdf3.o)
                0x00000000080005f8                __aeabi_dmul
                0x00000000080005f8                __muldf3
                0x000000000800084c                __divdf3
                0x000000000800084c                __aeabi_ddiv
 .text          0x0000000008000a1c      0x110 c:/st/stm32cubeide_1.3.0/stm32cubeide/plugins/com.st.stm32cube.ide.mcu.externaltools.gnu-tools-for-stm32.7-2018-q2-update.win32_1.5.0.202011040924/tools/bin/../lib/gcc/arm-none-eabi/7.3.1/thumb/v7e-m/fpv4-sp/hard\libgcc.a(_arm_cmpdf2.o)
                0x0000000008000a1c                __gtdf2
                0x0000000008000a1c                __gedf2
                0x0000000008000a24                __ltdf2
                0x0000000008000a24                __ledf2
                0x0000000008000a2c                __nedf2
                0x0000000008000a2c                __eqdf2
                0x0000000008000a2c                __cmpdf2
                0x0000000008000aa8                __aeabi_cdrcmple
                0x0000000008000ab8                __aeabi_cdcmpeq
                0x0000000008000ab8                __aeabi_cdcmple
                0x0000000008000ac8                __aeabi_dcmpeq
                0x0000000008000adc                __aeabi_dcmplt
                0x0000000008000af0                __aeabi_dcmple
                0x0000000008000b04                __aeabi_dcmpge
                0x0000000008000b18                __aeabi_dcmpgt
 .text          0x0000000008000b2c       0x2c c:/st/stm32cubeide_1.3.0/stm32cubeide/plugins/com.st.stm32cube.ide.mcu.externaltools.gnu-tools-for-stm32.7-2018-q2-update.win32_1.5.0.202011040924/tools/bin/../lib/gcc/arm-none-eabi/7.3.1/thumb/v7e-m/fpv4-sp/hard\libgcc.a(_arm_unorddf2.o)
                0x0000000008000b2c                __unorddf2
                0x0000000008000b2c                __aeabi_dcmpun
 .text          0x0000000008000b58       0x50 c:/st/stm32cubeide_1.3.0/stm32cubeide/plugins/com.st.stm32cube.ide.mcu.externaltools.gnu-tools-for-stm32.7-2018-q2-update.win32_1.5.0.202011040924/tools/bin/../lib/gcc/arm-none-eabi/7.3.1/thumb/v7e-m/fpv4-sp/hard\libgcc.a(_arm_fixdfsi.o)
                0x0000000008000b58                __aeabi_d2iz
                0x0000000008000b58                __fixdfsi
 .text          0x0000000008000ba8       0x40 c:/st/stm32cubeide_1.3.0/stm32cubeide/plugins/com.st.stm32cube.ide.mcu.externaltools.gnu-tools-for-stm32.7-2018-q2-update.win32_1.5.0.202011040924/tools/bin/../lib/gcc/arm-none-eabi/7.3.1/thumb/v7e-m/fpv4-sp/hard\libgcc.a(_arm_fixunsdfsi.o)
                0x0000000008000ba8                __aeabi_d2uiz
                0x0000000008000ba8                __fixunsdfsi
 .text          0x0000000008000be8       0xa0 c:/st/stm32cubeide_1.3.0/stm32cubeide/plugins/com.st.stm32cube.ide.mcu.externaltools.gnu-tools-for-stm32.7-2018-q2-update.win32_1.5.0.202011040924/tools/bin/../lib/gcc/arm-none-eabi/7.3.1/thumb/v7e-m/fpv4-sp/hard\libgcc.a(_arm_truncdfsf2.o)
                0x0000000008000be8                __truncdfsf2
                0x0000000008000be8                __aeabi_d2f
 .text          0x0000000008000c88       0x30 c:/st/stm32cubeide_1.3.0/stm32cubeide/plugins/com.st.stm32cube.ide.mcu.externaltools.gnu-tools-for-stm32.7-2018-q2-update.win32_1.5.0.202011040924/tools/bin/../lib/gcc/arm-none-eabi/7.3.1/thumb/v7e-m/fpv4-sp/hard\libgcc.a(_aeabi_uldivmod.o)
                0x0000000008000c88                __aeabi_uldivmod
 .text          0x0000000008000cb8      0x2cc c:/st/stm32cubeide_1.3.0/stm32cubeide/plugins/com.st.stm32cube.ide.mcu.externaltools.gnu-tools-for-stm32.7-2018-q2-update.win32_1.5.0.202011040924/tools/bin/../lib/gcc/arm-none-eabi/7.3.1/thumb/v7e-m/fpv4-sp/hard\libgcc.a(_udivmoddi4.o)
                0x0000000008000cb8                __udivmoddi4
 .text          0x0000000008000f84        0x4 c:/st/stm32cubeide_1.3.0/stm32cubeide/plugins/com.st.stm32cube.ide.mcu.externaltools.gnu-tools-for-stm32.7-2018-q2-update.win32_1.5.0.202011040924/tools/bin/../lib/gcc/arm-none-eabi/7.3.1/thumb/v7e-m/fpv4-sp/hard\libgcc.a(_dvmd_tls.o)
                0x0000000008000f84                __aeabi_idiv0
                0x0000000008000f84                __aeabi_ldiv0
 *(.text*)
 .text.commandRead
                0x0000000008000f88      0x6b4 Core/Src/command_respond.o
                0x0000000008000f88                commandRead
 .text.commandReply
                0x000000000800163c      0x368 Core/Src/command_respond.o
                0x000000000800163c                commandReply
 .text.commandRespond1
                0x00000000080019a4       0xa0 Core/Src/command_respond.o
                0x00000000080019a4                commandRespond1
 .text.LOG_REPORT
                0x0000000008001a44       0x8c Core/Src/common_def.o
                0x0000000008001a44                LOG_REPORT
 .text.unPackPayload
                0x0000000008001ad0       0xec Core/Src/communicate_payload.o
                0x0000000008001ad0                unPackPayload
 .text.MX_DMA_Init
                0x0000000008001bbc       0x40 Core/Src/dma.o
                0x0000000008001bbc                MX_DMA_Init
 .text.vApplicationGetIdleTaskMemory
                0x0000000008001bfc       0x34 Core/Src/freertos.o
                0x0000000008001bfc                vApplicationGetIdleTaskMemory
 .text.MX_FREERTOS_Init
                0x0000000008001c30       0xa8 Core/Src/freertos.o
                0x0000000008001c30                MX_FREERTOS_Init
 .text.StartDefaultTask
                0x0000000008001cd8     0x15bc Core/Src/freertos.o
                0x0000000008001cd8                StartDefaultTask
 .text.Start_USB_RX_Task
                0x0000000008003294      0x1c4 Core/Src/freertos.o
                0x0000000008003294                Start_USB_RX_Task
 .text.FSMC_Write
                0x0000000008003458       0x1e Core/Src/fsmc.o
                0x0000000008003458                FSMC_Write
 .text.FSMC_Read
                0x0000000008003476       0x1a Core/Src/fsmc.o
                0x0000000008003476                FSMC_Read
 .text.MX_FSMC_Init
                0x0000000008003490       0xc0 Core/Src/fsmc.o
                0x0000000008003490                MX_FSMC_Init
 .text.HAL_FSMC_MspInit
                0x0000000008003550       0xbc Core/Src/fsmc.o
 .text.HAL_NOR_MspInit
                0x000000000800360c       0x14 Core/Src/fsmc.o
                0x000000000800360c                HAL_NOR_MspInit
 .text.MX_GPIO_Init
                0x0000000008003620      0x170 Core/Src/gpio.o
                0x0000000008003620                MX_GPIO_Init
 .text.kinematicForward
                0x0000000008003790      0x274 Core/Src/kinematic.o
                0x0000000008003790                kinematicForward
 *fill*         0x0000000008003a04        0x4 
 .text.kinematicInverse
                0x0000000008003a08      0x3fc Core/Src/kinematic.o
                0x0000000008003a08                kinematicInverse
 .text.main     0x0000000008003e04       0x2e Core/Src/main.o
                0x0000000008003e04                main
 *fill*         0x0000000008003e32        0x2 
 .text.SystemClock_Config
                0x0000000008003e34       0xd4 Core/Src/main.o
                0x0000000008003e34                SystemClock_Config
 .text.HAL_TIM_PeriodElapsedCallback
                0x0000000008003f08       0x24 Core/Src/main.o
                0x0000000008003f08                HAL_TIM_PeriodElapsedCallback
 .text.Error_Handler
                0x0000000008003f2c        0xe Core/Src/main.o
                0x0000000008003f2c                Error_Handler
 .text.ringBuff_PushChar
                0x0000000008003f3a       0x70 Core/Src/ringbuffer.o
                0x0000000008003f3a                ringBuff_PushChar
 .text.ringBuff_PopChar
                0x0000000008003faa       0x70 Core/Src/ringbuffer.o
                0x0000000008003faa                ringBuff_PopChar
 .text.ringBuff_PushArray
                0x000000000800401a       0x50 Core/Src/ringbuffer.o
                0x000000000800401a                ringBuff_PushArray
 .text.ringBuff_PopArray
                0x000000000800406a       0x42 Core/Src/ringbuffer.o
                0x000000000800406a                ringBuff_PopArray
 .text.ringBuff_DistanceOf
                0x00000000080040ac       0xb6 Core/Src/ringbuffer.o
                0x00000000080040ac                ringBuff_DistanceOf
 *fill*         0x0000000008004162        0x2 
 .text.lowlayer_scanReset
                0x0000000008004164       0x60 Core/Src/robot_lowlayler.o
                0x0000000008004164                lowlayer_scanReset
 *fill*         0x00000000080041c4        0x4 
 .text.lowlayer_scanFlow
                0x00000000080041c8      0x2b4 Core/Src/robot_lowlayler.o
                0x00000000080041c8                lowlayer_scanFlow
 *fill*         0x000000000800447c        0x4 
 .text.lowlayer_goToSoftLimit
                0x0000000008004480       0xf8 Core/Src/robot_lowlayler.o
                0x0000000008004480                lowlayer_goToSoftLimit
 .text.lowlayer_readTruePosition
                0x0000000008004578      0x1b4 Core/Src/robot_lowlayler.o
                0x0000000008004578                lowlayer_readTruePosition
 *fill*         0x000000000800472c        0x4 
 .text.lowlayer_readSetPosition
                0x0000000008004730      0x168 Core/Src/robot_lowlayler.o
                0x0000000008004730                lowlayer_readSetPosition
 .text.lowlayer_computeAndWritePulse
                0x0000000008004898      0x348 Core/Src/robot_lowlayler.o
                0x0000000008004898                lowlayer_computeAndWritePulse
 .text.lowlayer_writePulse
                0x0000000008004be0      0x188 Core/Src/robot_lowlayler.o
                0x0000000008004be0                lowlayer_writePulse
 .text.lowlayer_resetEncoder
                0x0000000008004d68       0x3c Core/Src/robot_lowlayler.o
                0x0000000008004d68                lowlayer_resetEncoder
 .text.lowlayer_readLimitSwitch
                0x0000000008004da4       0x20 Core/Src/robot_lowlayler.o
                0x0000000008004da4                lowlayer_readLimitSwitch
 .text.lowlayer_readEncoder
                0x0000000008004dc4       0x58 Core/Src/robot_lowlayler.o
                0x0000000008004dc4                lowlayer_readEncoder
 .text.lowlayer_readCapture
                0x0000000008004e1c       0x58 Core/Src/robot_lowlayler.o
                0x0000000008004e1c                lowlayer_readCapture
 .text.lowlayer_updateEncoder
                0x0000000008004e74       0x38 Core/Src/robot_lowlayler.o
                0x0000000008004e74                lowlayer_updateEncoder
 .text.lowlayer_updateCapture
                0x0000000008004eac       0x38 Core/Src/robot_lowlayler.o
                0x0000000008004eac                lowlayer_updateCapture
 .text.lowlayer_updateLimit
                0x0000000008004ee4       0x44 Core/Src/robot_lowlayler.o
                0x0000000008004ee4                lowlayer_updateLimit
 .text.lowlayer_setOutput
                0x0000000008004f28       0x38 Core/Src/robot_lowlayler.o
                0x0000000008004f28                lowlayer_setOutput
 .text.lowlayer_CPLD_Init
                0x0000000008004f60       0x18 Core/Src/robot_lowlayler.o
                0x0000000008004f60                lowlayer_CPLD_Init
 .text.lowlayer_stepMotorInit
                0x0000000008004f78       0x30 Core/Src/robot_lowlayler.o
                0x0000000008004f78                lowlayer_stepMotorInit
 .text.scaraStartup
                0x0000000008004fa8       0x14 Core/Src/robot_scara.o
                0x0000000008004fa8                scaraStartup
 *fill*         0x0000000008004fbc        0x4 
 .text.scara_test_InitDuty
                0x0000000008004fc0      0x268 Core/Src/robot_scara.o
                0x0000000008004fc0                scara_test_InitDuty
 .text.scaraInitDuty
                0x0000000008005228     0x1710 Core/Src/robot_scara.o
                0x0000000008005228                scaraInitDuty
 .text.scaraInitLine
                0x0000000008006938      0x186 Core/Src/robot_scara.o
                0x0000000008006938                scaraInitLine
 *fill*         0x0000000008006abe        0x2 
 .text.scaraInitCircle
                0x0000000008006ac0      0x2ec Core/Src/robot_scara.o
                0x0000000008006ac0                scaraInitCircle
 *fill*         0x0000000008006dac        0x4 
 .text.scaraInitLinear
                0x0000000008006db0       0x98 Core/Src/robot_scara.o
                0x0000000008006db0                scaraInitLinear
 .text.scaraInitLSPB1
                0x0000000008006e48      0x4b8 Core/Src/robot_scara.o
                0x0000000008006e48                scaraInitLSPB1
 .text.scaraInitLSPB
                0x0000000008007300      0x7bc Core/Src/robot_scara.o
                0x0000000008007300                scaraInitLSPB
 *fill*         0x0000000008007abc        0x4 
 .text.scaraInitScurve
                0x0000000008007ac0      0x70c Core/Src/robot_scara.o
                0x0000000008007ac0                scaraInitScurve
 .text.scaraTestFlowDuty
                0x00000000080081cc       0xd8 Core/Src/robot_scara.o
                0x00000000080081cc                scaraTestFlowDuty
 .text.scaraFlowDuty
                0x00000000080082a4      0x714 Core/Src/robot_scara.o
                0x00000000080082a4                scaraFlowDuty
 .text.scaraFlowLine
                0x00000000080089b8      0x110 Core/Src/robot_scara.o
                0x00000000080089b8                scaraFlowLine
 .text.scaraFlowCircle
                0x0000000008008ac8      0x110 Core/Src/robot_scara.o
                0x0000000008008ac8                scaraFlowCircle
 .text.scaraFlowLSPB1
                0x0000000008008bd8      0x33c Core/Src/robot_scara.o
                0x0000000008008bd8                scaraFlowLSPB1
 .text.scaraFlowLSPB
                0x0000000008008f14      0x358 Core/Src/robot_scara.o
                0x0000000008008f14                scaraFlowLSPB
 .text.scaraFLowScurve
                0x000000000800926c      0xdc8 Core/Src/robot_scara.o
                0x000000000800926c                scaraFLowScurve
 *fill*         0x000000000800a034        0x4 
 .text.scaraCheckWorkSpace4
                0x000000000800a038      0x10c Core/Src/robot_scara.o
                0x000000000800a038                scaraCheckWorkSpace4
 *fill*         0x000000000800a144        0x4 
 .text.scaraCheckWorkSpace1
                0x000000000800a148      0x12c Core/Src/robot_scara.o
                0x000000000800a148                scaraCheckWorkSpace1
 *fill*         0x000000000800a274        0x4 
 .text.scaraTestLinearDuty
                0x000000000800a278       0xf8 Core/Src/robot_scara.o
                0x000000000800a278                scaraTestLinearDuty
 .text.scaraTestDuty
                0x000000000800a370       0xf8 Core/Src/robot_scara.o
                0x000000000800a370                scaraTestDuty
 .text.scaraSetScanFlag
                0x000000000800a468       0x18 Core/Src/robot_scara.o
                0x000000000800a468                scaraSetScanFlag
 .text.scaraSetOutput
                0x000000000800a480       0x24 Core/Src/robot_scara.o
                0x000000000800a480                scaraSetOutput
 .text.scaraSetDutyState
                0x000000000800a4a4       0x20 Core/Src/robot_scara.o
                0x000000000800a4a4                scaraSetDutyState
 .text.scaraSetMode
                0x000000000800a4c4       0x20 Core/Src/robot_scara.o
                0x000000000800a4c4                scaraSetMode
 .text.scaraSetMethod
                0x000000000800a4e4       0x20 Core/Src/robot_scara.o
                0x000000000800a4e4                scaraSetMethod
 .text.scaraGetPosition
                0x000000000800a504       0x20 Core/Src/robot_scara.o
                0x000000000800a504                scaraGetPosition
 .text.scaraUpdatePosition
                0x000000000800a524       0x20 Core/Src/robot_scara.o
                0x000000000800a524                scaraUpdatePosition
 .text.scaraGetMode
                0x000000000800a544       0x18 Core/Src/robot_scara.o
                0x000000000800a544                scaraGetMode
 .text.scaraGetMethod
                0x000000000800a55c       0x18 Core/Src/robot_scara.o
                0x000000000800a55c                scaraGetMethod
 .text.scaraGetDutyState
                0x000000000800a574       0x18 Core/Src/robot_scara.o
                0x000000000800a574                scaraGetDutyState
 .text.scaraIsScanLimit
                0x000000000800a58c       0x18 Core/Src/robot_scara.o
                0x000000000800a58c                scaraIsScanLimit
 .text.scaraIsFinish
                0x000000000800a5a4       0x38 Core/Src/robot_scara.o
                0x000000000800a5a4                scaraIsFinish
 *fill*         0x000000000800a5dc        0x4 
 .text.scaraPosition_packaging
                0x000000000800a5e0      0x198 Core/Src/robot_scara.o
                0x000000000800a5e0                scaraPosition_packaging
 .text.Append_Coordinate_Value
                0x000000000800a778       0x42 Core/Src/robot_scara.o
                0x000000000800a778                Append_Coordinate_Value
 *fill*         0x000000000800a7ba        0x6 
 .text.scaraKeyInit1
                0x000000000800a7c0      0x5e8 Core/Src/robot_scara.o
                0x000000000800a7c0                scaraKeyInit1
 .text.HAL_MspInit
                0x000000000800ada8       0x58 Core/Src/stm32f4xx_hal_msp.o
                0x000000000800ada8                HAL_MspInit
 .text.HAL_InitTick
                0x000000000800ae00       0xb4 Core/Src/stm32f4xx_hal_timebase_tim.o
                0x000000000800ae00                HAL_InitTick
 .text.NMI_Handler
                0x000000000800aeb4        0xe Core/Src/stm32f4xx_it.o
                0x000000000800aeb4                NMI_Handler
 *fill*         0x000000000800aec2        0x2 
 .text.HardFault_Handler
                0x000000000800aec4       0x14 Core/Src/stm32f4xx_it.o
                0x000000000800aec4                HardFault_Handler
 .text.MemManage_Handler
                0x000000000800aed8       0x14 Core/Src/stm32f4xx_it.o
                0x000000000800aed8                MemManage_Handler
 .text.BusFault_Handler
                0x000000000800aeec       0x14 Core/Src/stm32f4xx_it.o
                0x000000000800aeec                BusFault_Handler
 .text.UsageFault_Handler
                0x000000000800af00        0x6 Core/Src/stm32f4xx_it.o
                0x000000000800af00                UsageFault_Handler
 .text.DebugMon_Handler
                0x000000000800af06        0xe Core/Src/stm32f4xx_it.o
                0x000000000800af06                DebugMon_Handler
 .text.DMA1_Stream4_IRQHandler
                0x000000000800af14       0x14 Core/Src/stm32f4xx_it.o
                0x000000000800af14                DMA1_Stream4_IRQHandler
 .text.UART4_IRQHandler
                0x000000000800af28       0x14 Core/Src/stm32f4xx_it.o
                0x000000000800af28                UART4_IRQHandler
 .text.TIM6_DAC_IRQHandler
                0x000000000800af3c       0x14 Core/Src/stm32f4xx_it.o
                0x000000000800af3c                TIM6_DAC_IRQHandler
 .text.TIM7_IRQHandler
                0x000000000800af50       0x24 Core/Src/stm32f4xx_it.o
                0x000000000800af50                TIM7_IRQHandler
 .text.OTG_FS_IRQHandler
                0x000000000800af74       0x14 Core/Src/stm32f4xx_it.o
                0x000000000800af74                OTG_FS_IRQHandler
 .text._sbrk    0x000000000800af88       0x58 Core/Src/sysmem.o
                0x000000000800af88                _sbrk
 .text.SystemInit
                0x000000000800afe0       0x2c Core/Src/system_stm32f4xx.o
                0x000000000800afe0                SystemInit
 .text.MX_TIM2_Init
                0x000000000800b00c       0x9c Core/Src/tim.o
                0x000000000800b00c                MX_TIM2_Init
 .text.MX_TIM7_Init
                0x000000000800b0a8       0x6c Core/Src/tim.o
                0x000000000800b0a8                MX_TIM7_Init
 .text.HAL_TIM_Base_MspInit
                0x000000000800b114       0x78 Core/Src/tim.o
                0x000000000800b114                HAL_TIM_Base_MspInit
 .text.MX_UART4_Init
                0x000000000800b18c       0x54 Core/Src/usart.o
                0x000000000800b18c                MX_UART4_Init
 .text.HAL_UART_MspInit
                0x000000000800b1e0      0x104 Core/Src/usart.o
                0x000000000800b1e0                HAL_UART_MspInit
 .text.HAL_UART_TxCpltCallback
                0x000000000800b2e4       0x50 Core/Src/usart.o
                0x000000000800b2e4                HAL_UART_TxCpltCallback
 .text.Reset_Handler
                0x000000000800b334       0x50 Core/Startup/startup_stm32f407vgtx.o
                0x000000000800b334                Reset_Handler
 .text.Default_Handler
                0x000000000800b384        0x2 Core/Startup/startup_stm32f407vgtx.o
                0x000000000800b384                RTC_Alarm_IRQHandler
                0x000000000800b384                HASH_RNG_IRQHandler
                0x000000000800b384                EXTI2_IRQHandler
                0x000000000800b384                TIM8_CC_IRQHandler
                0x000000000800b384                TIM1_CC_IRQHandler
                0x000000000800b384                DMA2_Stream5_IRQHandler
                0x000000000800b384                DMA1_Stream5_IRQHandler
                0x000000000800b384                PVD_IRQHandler
                0x000000000800b384                SDIO_IRQHandler
                0x000000000800b384                TAMP_STAMP_IRQHandler
                0x000000000800b384                CAN2_RX1_IRQHandler
                0x000000000800b384                EXTI3_IRQHandler
                0x000000000800b384                TIM8_TRG_COM_TIM14_IRQHandler
                0x000000000800b384                TIM1_UP_TIM10_IRQHandler
                0x000000000800b384                TIM8_UP_TIM13_IRQHandler
                0x000000000800b384                I2C3_ER_IRQHandler
                0x000000000800b384                EXTI0_IRQHandler
                0x000000000800b384                I2C2_EV_IRQHandler
                0x000000000800b384                DMA1_Stream2_IRQHandler
                0x000000000800b384                CAN1_RX0_IRQHandler
                0x000000000800b384                FPU_IRQHandler
                0x000000000800b384                OTG_HS_WKUP_IRQHandler
                0x000000000800b384                CAN2_SCE_IRQHandler
                0x000000000800b384                DMA2_Stream2_IRQHandler
                0x000000000800b384                SPI1_IRQHandler
                0x000000000800b384                TIM1_BRK_TIM9_IRQHandler
                0x000000000800b384                DCMI_IRQHandler
                0x000000000800b384                CAN2_RX0_IRQHandler
                0x000000000800b384                DMA2_Stream3_IRQHandler
                0x000000000800b384                USART6_IRQHandler
                0x000000000800b384                USART3_IRQHandler
                0x000000000800b384                CAN1_RX1_IRQHandler
                0x000000000800b384                UART5_IRQHandler
                0x000000000800b384                DMA2_Stream0_IRQHandler
                0x000000000800b384                TIM4_IRQHandler
                0x000000000800b384                I2C1_EV_IRQHandler
                0x000000000800b384                DMA1_Stream6_IRQHandler
                0x000000000800b384                DMA1_Stream1_IRQHandler
                0x000000000800b384                TIM3_IRQHandler
                0x000000000800b384                RCC_IRQHandler
                0x000000000800b384                TIM8_BRK_TIM12_IRQHandler
                0x000000000800b384                Default_Handler
                0x000000000800b384                EXTI15_10_IRQHandler
                0x000000000800b384                ADC_IRQHandler
                0x000000000800b384                DMA1_Stream7_IRQHandler
                0x000000000800b384                CAN2_TX_IRQHandler
                0x000000000800b384                TIM5_IRQHandler
                0x000000000800b384                DMA2_Stream7_IRQHandler
                0x000000000800b384                I2C3_EV_IRQHandler
                0x000000000800b384                EXTI9_5_IRQHandler
                0x000000000800b384                RTC_WKUP_IRQHandler
                0x000000000800b384                ETH_WKUP_IRQHandler
                0x000000000800b384                SPI2_IRQHandler
                0x000000000800b384                OTG_HS_EP1_IN_IRQHandler
                0x000000000800b384                DMA1_Stream0_IRQHandler
                0x000000000800b384                CAN1_TX_IRQHandler
                0x000000000800b384                EXTI4_IRQHandler
                0x000000000800b384                FSMC_IRQHandler
                0x000000000800b384                ETH_IRQHandler
                0x000000000800b384                OTG_HS_EP1_OUT_IRQHandler
                0x000000000800b384                WWDG_IRQHandler
                0x000000000800b384                TIM2_IRQHandler
                0x000000000800b384                OTG_FS_WKUP_IRQHandler
                0x000000000800b384                TIM1_TRG_COM_TIM11_IRQHandler
                0x000000000800b384                OTG_HS_IRQHandler
                0x000000000800b384                EXTI1_IRQHandler
                0x000000000800b384                USART2_IRQHandler
                0x000000000800b384                I2C2_ER_IRQHandler
                0x000000000800b384                DMA2_Stream1_IRQHandler
                0x000000000800b384                CAN1_SCE_IRQHandler
                0x000000000800b384                FLASH_IRQHandler
                0x000000000800b384                DMA2_Stream4_IRQHandler
                0x000000000800b384                USART1_IRQHandler
                0x000000000800b384                SPI3_IRQHandler
                0x000000000800b384                I2C1_ER_IRQHandler
                0x000000000800b384                DMA2_Stream6_IRQHandler
                0x000000000800b384                DMA1_Stream3_IRQHandler
 *fill*         0x000000000800b386        0x2 
 .text.HAL_Init
                0x000000000800b388       0x44 Drivers/STM32F4xx_HAL_Driver/Src/stm32f4xx_hal.o
                0x000000000800b388                HAL_Init
 .text.HAL_IncTick
                0x000000000800b3cc       0x28 Drivers/STM32F4xx_HAL_Driver/Src/stm32f4xx_hal.o
                0x000000000800b3cc                HAL_IncTick
 .text.HAL_GetTick
                0x000000000800b3f4       0x18 Drivers/STM32F4xx_HAL_Driver/Src/stm32f4xx_hal.o
                0x000000000800b3f4                HAL_GetTick
 .text.HAL_Delay
                0x000000000800b40c       0x44 Drivers/STM32F4xx_HAL_Driver/Src/stm32f4xx_hal.o
                0x000000000800b40c                HAL_Delay
 .text.__NVIC_SetPriorityGrouping
                0x000000000800b450       0x48 Drivers/STM32F4xx_HAL_Driver/Src/stm32f4xx_hal_cortex.o
 .text.__NVIC_GetPriorityGrouping
                0x000000000800b498       0x1c Drivers/STM32F4xx_HAL_Driver/Src/stm32f4xx_hal_cortex.o
 .text.__NVIC_EnableIRQ
                0x000000000800b4b4       0x3c Drivers/STM32F4xx_HAL_Driver/Src/stm32f4xx_hal_cortex.o
 .text.__NVIC_SetPriority
                0x000000000800b4f0       0x54 Drivers/STM32F4xx_HAL_Driver/Src/stm32f4xx_hal_cortex.o
 .text.NVIC_EncodePriority
                0x000000000800b544       0x66 Drivers/STM32F4xx_HAL_Driver/Src/stm32f4xx_hal_cortex.o
 .text.HAL_NVIC_SetPriorityGrouping
                0x000000000800b5aa       0x16 Drivers/STM32F4xx_HAL_Driver/Src/stm32f4xx_hal_cortex.o
                0x000000000800b5aa                HAL_NVIC_SetPriorityGrouping
 .text.HAL_NVIC_SetPriority
                0x000000000800b5c0       0x38 Drivers/STM32F4xx_HAL_Driver/Src/stm32f4xx_hal_cortex.o
                0x000000000800b5c0                HAL_NVIC_SetPriority
 .text.HAL_NVIC_EnableIRQ
                0x000000000800b5f8       0x1c Drivers/STM32F4xx_HAL_Driver/Src/stm32f4xx_hal_cortex.o
                0x000000000800b5f8                HAL_NVIC_EnableIRQ
 .text.HAL_DMA_Init
                0x000000000800b614      0x15c Drivers/STM32F4xx_HAL_Driver/Src/stm32f4xx_hal_dma.o
                0x000000000800b614                HAL_DMA_Init
 .text.HAL_DMA_Start_IT
                0x000000000800b770       0xb0 Drivers/STM32F4xx_HAL_Driver/Src/stm32f4xx_hal_dma.o
                0x000000000800b770                HAL_DMA_Start_IT
 .text.HAL_DMA_Abort_IT
                0x000000000800b820       0x44 Drivers/STM32F4xx_HAL_Driver/Src/stm32f4xx_hal_dma.o
                0x000000000800b820                HAL_DMA_Abort_IT
 .text.HAL_DMA_IRQHandler
                0x000000000800b864      0x314 Drivers/STM32F4xx_HAL_Driver/Src/stm32f4xx_hal_dma.o
                0x000000000800b864                HAL_DMA_IRQHandler
 .text.HAL_DMA_GetState
                0x000000000800bb78       0x1c Drivers/STM32F4xx_HAL_Driver/Src/stm32f4xx_hal_dma.o
                0x000000000800bb78                HAL_DMA_GetState
 .text.DMA_SetConfig
                0x000000000800bb94       0x5c Drivers/STM32F4xx_HAL_Driver/Src/stm32f4xx_hal_dma.o
 .text.DMA_CalcBaseAndBitshift
                0x000000000800bbf0       0x6c Drivers/STM32F4xx_HAL_Driver/Src/stm32f4xx_hal_dma.o
 .text.DMA_CheckFifoParam
                0x000000000800bc5c       0xf4 Drivers/STM32F4xx_HAL_Driver/Src/stm32f4xx_hal_dma.o
 .text.HAL_GPIO_Init
                0x000000000800bd50      0x334 Drivers/STM32F4xx_HAL_Driver/Src/stm32f4xx_hal_gpio.o
                0x000000000800bd50                HAL_GPIO_Init
 .text.HAL_GPIO_WritePin
                0x000000000800c084       0x32 Drivers/STM32F4xx_HAL_Driver/Src/stm32f4xx_hal_gpio.o
                0x000000000800c084                HAL_GPIO_WritePin
 *fill*         0x000000000800c0b6        0x2 
 .text.HAL_NOR_Init
                0x000000000800c0b8       0xac Drivers/STM32F4xx_HAL_Driver/Src/stm32f4xx_hal_nor.o
                0x000000000800c0b8                HAL_NOR_Init
 .text.HAL_PCD_Init
                0x000000000800c164      0x23a Drivers/STM32F4xx_HAL_Driver/Src/stm32f4xx_hal_pcd.o
                0x000000000800c164                HAL_PCD_Init
 .text.HAL_PCD_Start
                0x000000000800c39e       0x66 Drivers/STM32F4xx_HAL_Driver/Src/stm32f4xx_hal_pcd.o
                0x000000000800c39e                HAL_PCD_Start
 .text.HAL_PCD_IRQHandler
                0x000000000800c404      0x764 Drivers/STM32F4xx_HAL_Driver/Src/stm32f4xx_hal_pcd.o
                0x000000000800c404                HAL_PCD_IRQHandler
 .text.HAL_PCD_SetAddress
                0x000000000800cb68       0x4a Drivers/STM32F4xx_HAL_Driver/Src/stm32f4xx_hal_pcd.o
                0x000000000800cb68                HAL_PCD_SetAddress
 .text.HAL_PCD_EP_Open
                0x000000000800cbb2       0xd0 Drivers/STM32F4xx_HAL_Driver/Src/stm32f4xx_hal_pcd.o
                0x000000000800cbb2                HAL_PCD_EP_Open
 .text.HAL_PCD_EP_Close
                0x000000000800cc82       0x94 Drivers/STM32F4xx_HAL_Driver/Src/stm32f4xx_hal_pcd.o
                0x000000000800cc82                HAL_PCD_EP_Close
 .text.HAL_PCD_EP_Receive
                0x000000000800cd16       0x96 Drivers/STM32F4xx_HAL_Driver/Src/stm32f4xx_hal_pcd.o
                0x000000000800cd16                HAL_PCD_EP_Receive
 .text.HAL_PCD_EP_GetRxCount
                0x000000000800cdac       0x30 Drivers/STM32F4xx_HAL_Driver/Src/stm32f4xx_hal_pcd.o
                0x000000000800cdac                HAL_PCD_EP_GetRxCount
 .text.HAL_PCD_EP_Transmit
                0x000000000800cddc       0x94 Drivers/STM32F4xx_HAL_Driver/Src/stm32f4xx_hal_pcd.o
                0x000000000800cddc                HAL_PCD_EP_Transmit
 .text.HAL_PCD_EP_SetStall
                0x000000000800ce70       0xc8 Drivers/STM32F4xx_HAL_Driver/Src/stm32f4xx_hal_pcd.o
                0x000000000800ce70                HAL_PCD_EP_SetStall
 .text.HAL_PCD_EP_ClrStall
                0x000000000800cf38       0xac Drivers/STM32F4xx_HAL_Driver/Src/stm32f4xx_hal_pcd.o
                0x000000000800cf38                HAL_PCD_EP_ClrStall
 .text.PCD_WriteEmptyTxFifo
                0x000000000800cfe4      0x11a Drivers/STM32F4xx_HAL_Driver/Src/stm32f4xx_hal_pcd.o
 *fill*         0x000000000800d0fe        0x2 
 .text.PCD_EP_OutXfrComplete_int
                0x000000000800d100      0x218 Drivers/STM32F4xx_HAL_Driver/Src/stm32f4xx_hal_pcd.o
 .text.PCD_EP_OutSetupPacket_int
                0x000000000800d318       0x8c Drivers/STM32F4xx_HAL_Driver/Src/stm32f4xx_hal_pcd.o
 .text.HAL_PCDEx_SetTxFiFo
                0x000000000800d3a4       0x8e Drivers/STM32F4xx_HAL_Driver/Src/stm32f4xx_hal_pcd_ex.o
                0x000000000800d3a4                HAL_PCDEx_SetTxFiFo
 .text.HAL_PCDEx_SetRxFiFo
                0x000000000800d432       0x22 Drivers/STM32F4xx_HAL_Driver/Src/stm32f4xx_hal_pcd_ex.o
                0x000000000800d432                HAL_PCDEx_SetRxFiFo
 .text.HAL_PCDEx_LPM_Callback
                0x000000000800d454       0x18 Drivers/STM32F4xx_HAL_Driver/Src/stm32f4xx_hal_pcd_ex.o
                0x000000000800d454                HAL_PCDEx_LPM_Callback
 .text.HAL_RCC_OscConfig
                0x000000000800d46c      0x4e0 Drivers/STM32F4xx_HAL_Driver/Src/stm32f4xx_hal_rcc.o
                0x000000000800d46c                HAL_RCC_OscConfig
 .text.HAL_RCC_ClockConfig
                0x000000000800d94c      0x1cc Drivers/STM32F4xx_HAL_Driver/Src/stm32f4xx_hal_rcc.o
                0x000000000800d94c                HAL_RCC_ClockConfig
 .text.HAL_RCC_GetSysClockFreq
                0x000000000800db18      0x1b0 Drivers/STM32F4xx_HAL_Driver/Src/stm32f4xx_hal_rcc.o
                0x000000000800db18                HAL_RCC_GetSysClockFreq
 .text.HAL_RCC_GetHCLKFreq
                0x000000000800dcc8       0x18 Drivers/STM32F4xx_HAL_Driver/Src/stm32f4xx_hal_rcc.o
                0x000000000800dcc8                HAL_RCC_GetHCLKFreq
 .text.HAL_RCC_GetPCLK1Freq
                0x000000000800dce0       0x28 Drivers/STM32F4xx_HAL_Driver/Src/stm32f4xx_hal_rcc.o
                0x000000000800dce0                HAL_RCC_GetPCLK1Freq
 .text.HAL_RCC_GetPCLK2Freq
                0x000000000800dd08       0x28 Drivers/STM32F4xx_HAL_Driver/Src/stm32f4xx_hal_rcc.o
                0x000000000800dd08                HAL_RCC_GetPCLK2Freq
 .text.HAL_RCC_GetClockConfig
                0x000000000800dd30       0x64 Drivers/STM32F4xx_HAL_Driver/Src/stm32f4xx_hal_rcc.o
                0x000000000800dd30                HAL_RCC_GetClockConfig
 .text.HAL_TIM_Base_Init
                0x000000000800dd94       0x56 Drivers/STM32F4xx_HAL_Driver/Src/stm32f4xx_hal_tim.o
                0x000000000800dd94                HAL_TIM_Base_Init
 .text.HAL_TIM_Base_Start_IT
                0x000000000800ddea       0x48 Drivers/STM32F4xx_HAL_Driver/Src/stm32f4xx_hal_tim.o
                0x000000000800ddea                HAL_TIM_Base_Start_IT
 .text.HAL_TIM_IRQHandler
                0x000000000800de32      0x210 Drivers/STM32F4xx_HAL_Driver/Src/stm32f4xx_hal_tim.o
                0x000000000800de32                HAL_TIM_IRQHandler
 .text.HAL_TIM_ConfigClockSource
                0x000000000800e042      0x16e Drivers/STM32F4xx_HAL_Driver/Src/stm32f4xx_hal_tim.o
                0x000000000800e042                HAL_TIM_ConfigClockSource
 .text.HAL_TIM_OC_DelayElapsedCallback
                0x000000000800e1b0       0x14 Drivers/STM32F4xx_HAL_Driver/Src/stm32f4xx_hal_tim.o
                0x000000000800e1b0                HAL_TIM_OC_DelayElapsedCallback
 .text.HAL_TIM_IC_CaptureCallback
                0x000000000800e1c4       0x14 Drivers/STM32F4xx_HAL_Driver/Src/stm32f4xx_hal_tim.o
                0x000000000800e1c4                HAL_TIM_IC_CaptureCallback
 .text.HAL_TIM_PWM_PulseFinishedCallback
                0x000000000800e1d8       0x14 Drivers/STM32F4xx_HAL_Driver/Src/stm32f4xx_hal_tim.o
                0x000000000800e1d8                HAL_TIM_PWM_PulseFinishedCallback
 .text.HAL_TIM_TriggerCallback
                0x000000000800e1ec       0x14 Drivers/STM32F4xx_HAL_Driver/Src/stm32f4xx_hal_tim.o
                0x000000000800e1ec                HAL_TIM_TriggerCallback
 .text.TIM_Base_SetConfig
                0x000000000800e200      0x140 Drivers/STM32F4xx_HAL_Driver/Src/stm32f4xx_hal_tim.o
                0x000000000800e200                TIM_Base_SetConfig
 .text.TIM_TI1_ConfigInputStage
                0x000000000800e340       0x5e Drivers/STM32F4xx_HAL_Driver/Src/stm32f4xx_hal_tim.o
 .text.TIM_TI2_ConfigInputStage
                0x000000000800e39e       0x60 Drivers/STM32F4xx_HAL_Driver/Src/stm32f4xx_hal_tim.o
 .text.TIM_ITRx_SetConfig
                0x000000000800e3fe       0x36 Drivers/STM32F4xx_HAL_Driver/Src/stm32f4xx_hal_tim.o
 .text.TIM_ETR_SetConfig
                0x000000000800e434       0x40 Drivers/STM32F4xx_HAL_Driver/Src/stm32f4xx_hal_tim.o
                0x000000000800e434                TIM_ETR_SetConfig
 .text.HAL_TIMEx_MasterConfigSynchronization
                0x000000000800e474       0xf8 Drivers/STM32F4xx_HAL_Driver/Src/stm32f4xx_hal_tim_ex.o
                0x000000000800e474                HAL_TIMEx_MasterConfigSynchronization
 .text.HAL_TIMEx_CommutCallback
                0x000000000800e56c       0x14 Drivers/STM32F4xx_HAL_Driver/Src/stm32f4xx_hal_tim_ex.o
                0x000000000800e56c                HAL_TIMEx_CommutCallback
 .text.HAL_TIMEx_BreakCallback
                0x000000000800e580       0x14 Drivers/STM32F4xx_HAL_Driver/Src/stm32f4xx_hal_tim_ex.o
                0x000000000800e580                HAL_TIMEx_BreakCallback
 .text.HAL_UART_Init
                0x000000000800e594       0x9a Drivers/STM32F4xx_HAL_Driver/Src/stm32f4xx_hal_uart.o
                0x000000000800e594                HAL_UART_Init
 *fill*         0x000000000800e62e        0x2 
 .text.HAL_UART_Transmit_DMA
                0x000000000800e630       0xd8 Drivers/STM32F4xx_HAL_Driver/Src/stm32f4xx_hal_uart.o
                0x000000000800e630                HAL_UART_Transmit_DMA
 .text.HAL_UART_IRQHandler
                0x000000000800e708      0x200 Drivers/STM32F4xx_HAL_Driver/Src/stm32f4xx_hal_uart.o
                0x000000000800e708                HAL_UART_IRQHandler
 .text.HAL_UART_TxHalfCpltCallback
                0x000000000800e908       0x14 Drivers/STM32F4xx_HAL_Driver/Src/stm32f4xx_hal_uart.o
                0x000000000800e908                HAL_UART_TxHalfCpltCallback
 .text.HAL_UART_RxCpltCallback
                0x000000000800e91c       0x14 Drivers/STM32F4xx_HAL_Driver/Src/stm32f4xx_hal_uart.o
                0x000000000800e91c                HAL_UART_RxCpltCallback
 .text.HAL_UART_ErrorCallback
                0x000000000800e930       0x14 Drivers/STM32F4xx_HAL_Driver/Src/stm32f4xx_hal_uart.o
                0x000000000800e930                HAL_UART_ErrorCallback
 .text.UART_DMATransmitCplt
                0x000000000800e944       0x52 Drivers/STM32F4xx_HAL_Driver/Src/stm32f4xx_hal_uart.o
 .text.UART_DMATxHalfCplt
                0x000000000800e996       0x1c Drivers/STM32F4xx_HAL_Driver/Src/stm32f4xx_hal_uart.o
 .text.UART_DMAError
                0x000000000800e9b2       0x94 Drivers/STM32F4xx_HAL_Driver/Src/stm32f4xx_hal_uart.o
 .text.UART_EndTxTransfer
                0x000000000800ea46       0x2c Drivers/STM32F4xx_HAL_Driver/Src/stm32f4xx_hal_uart.o
 .text.UART_EndRxTransfer
                0x000000000800ea72       0x3c Drivers/STM32F4xx_HAL_Driver/Src/stm32f4xx_hal_uart.o
 .text.UART_DMAAbortOnError
                0x000000000800eaae       0x28 Drivers/STM32F4xx_HAL_Driver/Src/stm32f4xx_hal_uart.o
 .text.UART_Transmit_IT
                0x000000000800ead6       0xac Drivers/STM32F4xx_HAL_Driver/Src/stm32f4xx_hal_uart.o
 .text.UART_EndTransmit_IT
                0x000000000800eb82       0x30 Drivers/STM32F4xx_HAL_Driver/Src/stm32f4xx_hal_uart.o
 .text.UART_Receive_IT
                0x000000000800ebb2      0x102 Drivers/STM32F4xx_HAL_Driver/Src/stm32f4xx_hal_uart.o
 .text.UART_SetConfig
                0x000000000800ecb4      0x6f8 Drivers/STM32F4xx_HAL_Driver/Src/stm32f4xx_hal_uart.o
 .text.FSMC_NORSRAM_Init
                0x000000000800f3ac       0xa4 Drivers/STM32F4xx_HAL_Driver/Src/stm32f4xx_ll_fsmc.o
                0x000000000800f3ac                FSMC_NORSRAM_Init
 .text.FSMC_NORSRAM_Timing_Init
                0x000000000800f450       0x7a Drivers/STM32F4xx_HAL_Driver/Src/stm32f4xx_ll_fsmc.o
                0x000000000800f450                FSMC_NORSRAM_Timing_Init
 *fill*         0x000000000800f4ca        0x2 
 .text.FSMC_NORSRAM_Extended_Timing_Init
                0x000000000800f4cc       0x80 Drivers/STM32F4xx_HAL_Driver/Src/stm32f4xx_ll_fsmc.o
                0x000000000800f4cc                FSMC_NORSRAM_Extended_Timing_Init
 .text.USB_CoreInit
                0x000000000800f54c       0xc2 Drivers/STM32F4xx_HAL_Driver/Src/stm32f4xx_ll_usb.o
                0x000000000800f54c                USB_CoreInit
 *fill*         0x000000000800f60e        0x2 
 .text.USB_SetTurnaroundTime
                0x000000000800f610      0x144 Drivers/STM32F4xx_HAL_Driver/Src/stm32f4xx_ll_usb.o
                0x000000000800f610                USB_SetTurnaroundTime
 .text.USB_EnableGlobalInt
                0x000000000800f754       0x22 Drivers/STM32F4xx_HAL_Driver/Src/stm32f4xx_ll_usb.o
                0x000000000800f754                USB_EnableGlobalInt
 .text.USB_DisableGlobalInt
                0x000000000800f776       0x22 Drivers/STM32F4xx_HAL_Driver/Src/stm32f4xx_ll_usb.o
                0x000000000800f776                USB_DisableGlobalInt
 .text.USB_SetCurrentMode
                0x000000000800f798       0x54 Drivers/STM32F4xx_HAL_Driver/Src/stm32f4xx_ll_usb.o
                0x000000000800f798                USB_SetCurrentMode
 .text.USB_DevInit
                0x000000000800f7ec      0x2c8 Drivers/STM32F4xx_HAL_Driver/Src/stm32f4xx_ll_usb.o
                0x000000000800f7ec                USB_DevInit
 .text.USB_FlushTxFifo
                0x000000000800fab4       0x4c Drivers/STM32F4xx_HAL_Driver/Src/stm32f4xx_ll_usb.o
                0x000000000800fab4                USB_FlushTxFifo
 .text.USB_FlushRxFifo
                0x000000000800fb00       0x44 Drivers/STM32F4xx_HAL_Driver/Src/stm32f4xx_ll_usb.o
                0x000000000800fb00                USB_FlushRxFifo
 .text.USB_SetDevSpeed
                0x000000000800fb44       0x32 Drivers/STM32F4xx_HAL_Driver/Src/stm32f4xx_ll_usb.o
                0x000000000800fb44                USB_SetDevSpeed
 .text.USB_GetDevSpeed
                0x000000000800fb76       0x4a Drivers/STM32F4xx_HAL_Driver/Src/stm32f4xx_ll_usb.o
                0x000000000800fb76                USB_GetDevSpeed
 .text.USB_ActivateEndpoint
                0x000000000800fbc0      0x10e Drivers/STM32F4xx_HAL_Driver/Src/stm32f4xx_ll_usb.o
                0x000000000800fbc0                USB_ActivateEndpoint
 *fill*         0x000000000800fcce        0x2 
 .text.USB_DeactivateEndpoint
                0x000000000800fcd0      0x1b8 Drivers/STM32F4xx_HAL_Driver/Src/stm32f4xx_ll_usb.o
                0x000000000800fcd0                USB_DeactivateEndpoint
 .text.USB_EPStartXfer
                0x000000000800fe88      0x488 Drivers/STM32F4xx_HAL_Driver/Src/stm32f4xx_ll_usb.o
                0x000000000800fe88                USB_EPStartXfer
 .text.USB_EP0StartXfer
                0x0000000008010310      0x2a6 Drivers/STM32F4xx_HAL_Driver/Src/stm32f4xx_ll_usb.o
                0x0000000008010310                USB_EP0StartXfer
 .text.USB_WritePacket
                0x00000000080105b6       0x6a Drivers/STM32F4xx_HAL_Driver/Src/stm32f4xx_ll_usb.o
                0x00000000080105b6                USB_WritePacket
 .text.USB_ReadPacket
                0x0000000008010620       0x52 Drivers/STM32F4xx_HAL_Driver/Src/stm32f4xx_ll_usb.o
                0x0000000008010620                USB_ReadPacket
 .text.USB_EPSetStall
                0x0000000008010672       0xdc Drivers/STM32F4xx_HAL_Driver/Src/stm32f4xx_ll_usb.o
                0x0000000008010672                USB_EPSetStall
 .text.USB_EPClearStall
                0x000000000801074e       0xcc Drivers/STM32F4xx_HAL_Driver/Src/stm32f4xx_ll_usb.o
                0x000000000801074e                USB_EPClearStall
 .text.USB_SetDevAddress
                0x000000000801081a       0x4c Drivers/STM32F4xx_HAL_Driver/Src/stm32f4xx_ll_usb.o
                0x000000000801081a                USB_SetDevAddress
 .text.USB_DevConnect
                0x0000000008010866       0x42 Drivers/STM32F4xx_HAL_Driver/Src/stm32f4xx_ll_usb.o
                0x0000000008010866                USB_DevConnect
 .text.USB_DevDisconnect
                0x00000000080108a8       0x42 Drivers/STM32F4xx_HAL_Driver/Src/stm32f4xx_ll_usb.o
                0x00000000080108a8                USB_DevDisconnect
 .text.USB_ReadInterrupts
                0x00000000080108ea       0x26 Drivers/STM32F4xx_HAL_Driver/Src/stm32f4xx_ll_usb.o
                0x00000000080108ea                USB_ReadInterrupts
 .text.USB_ReadDevAllOutEpInterrupt
                0x0000000008010910       0x34 Drivers/STM32F4xx_HAL_Driver/Src/stm32f4xx_ll_usb.o
                0x0000000008010910                USB_ReadDevAllOutEpInterrupt
 .text.USB_ReadDevAllInEpInterrupt
                0x0000000008010944       0x34 Drivers/STM32F4xx_HAL_Driver/Src/stm32f4xx_ll_usb.o
                0x0000000008010944                USB_ReadDevAllInEpInterrupt
 .text.USB_ReadDevOutEPInterrupt
                0x0000000008010978       0x3c Drivers/STM32F4xx_HAL_Driver/Src/stm32f4xx_ll_usb.o
                0x0000000008010978                USB_ReadDevOutEPInterrupt
 .text.USB_ReadDevInEPInterrupt
                0x00000000080109b4       0x5c Drivers/STM32F4xx_HAL_Driver/Src/stm32f4xx_ll_usb.o
                0x00000000080109b4                USB_ReadDevInEPInterrupt
 .text.USB_GetMode
                0x0000000008010a10       0x1c Drivers/STM32F4xx_HAL_Driver/Src/stm32f4xx_ll_usb.o
                0x0000000008010a10                USB_GetMode
 .text.USB_ActivateSetup
                0x0000000008010a2c       0x46 Drivers/STM32F4xx_HAL_Driver/Src/stm32f4xx_ll_usb.o
                0x0000000008010a2c                USB_ActivateSetup
 *fill*         0x0000000008010a72        0x2 
 .text.USB_EP0_OutStart
                0x0000000008010a74       0xbc Drivers/STM32F4xx_HAL_Driver/Src/stm32f4xx_ll_usb.o
                0x0000000008010a74                USB_EP0_OutStart
 .text.USB_CoreReset
                0x0000000008010b30       0x68 Drivers/STM32F4xx_HAL_Driver/Src/stm32f4xx_ll_usb.o
 .text.USBD_CDC_Init
                0x0000000008010b98      0x100 Middlewares/ST/STM32_USB_Device_Library/Class/CDC/Src/usbd_cdc.o
 .text.USBD_CDC_DeInit
                0x0000000008010c98       0x78 Middlewares/ST/STM32_USB_Device_Library/Class/CDC/Src/usbd_cdc.o
 .text.USBD_CDC_Setup
                0x0000000008010d10      0x178 Middlewares/ST/STM32_USB_Device_Library/Class/CDC/Src/usbd_cdc.o
 .text.USBD_CDC_DataIn
                0x0000000008010e88       0xbe Middlewares/ST/STM32_USB_Device_Library/Class/CDC/Src/usbd_cdc.o
 .text.USBD_CDC_DataOut
                0x0000000008010f46       0x56 Middlewares/ST/STM32_USB_Device_Library/Class/CDC/Src/usbd_cdc.o
 .text.USBD_CDC_EP0_RxReady
                0x0000000008010f9c       0x50 Middlewares/ST/STM32_USB_Device_Library/Class/CDC/Src/usbd_cdc.o
 .text.USBD_CDC_GetFSCfgDesc
                0x0000000008010fec       0x20 Middlewares/ST/STM32_USB_Device_Library/Class/CDC/Src/usbd_cdc.o
 .text.USBD_CDC_GetHSCfgDesc
                0x000000000801100c       0x20 Middlewares/ST/STM32_USB_Device_Library/Class/CDC/Src/usbd_cdc.o
 .text.USBD_CDC_GetOtherSpeedCfgDesc
                0x000000000801102c       0x20 Middlewares/ST/STM32_USB_Device_Library/Class/CDC/Src/usbd_cdc.o
 .text.USBD_CDC_GetDeviceQualifierDescriptor
                0x000000000801104c       0x20 Middlewares/ST/STM32_USB_Device_Library/Class/CDC/Src/usbd_cdc.o
                0x000000000801104c                USBD_CDC_GetDeviceQualifierDescriptor
 .text.USBD_CDC_RegisterInterface
                0x000000000801106c       0x2a Middlewares/ST/STM32_USB_Device_Library/Class/CDC/Src/usbd_cdc.o
                0x000000000801106c                USBD_CDC_RegisterInterface
 .text.USBD_CDC_SetTxBuffer
                0x0000000008011096       0x32 Middlewares/ST/STM32_USB_Device_Library/Class/CDC/Src/usbd_cdc.o
                0x0000000008011096                USBD_CDC_SetTxBuffer
 .text.USBD_CDC_SetRxBuffer
                0x00000000080110c8       0x28 Middlewares/ST/STM32_USB_Device_Library/Class/CDC/Src/usbd_cdc.o
                0x00000000080110c8                USBD_CDC_SetRxBuffer
 .text.USBD_CDC_TransmitPacket
                0x00000000080110f0       0x60 Middlewares/ST/STM32_USB_Device_Library/Class/CDC/Src/usbd_cdc.o
                0x00000000080110f0                USBD_CDC_TransmitPacket
 .text.USBD_CDC_ReceivePacket
                0x0000000008011150       0x54 Middlewares/ST/STM32_USB_Device_Library/Class/CDC/Src/usbd_cdc.o
                0x0000000008011150                USBD_CDC_ReceivePacket
 .text.USBD_Init
                0x00000000080111a4       0x6c Middlewares/ST/STM32_USB_Device_Library/Core/Src/usbd_core.o
                0x00000000080111a4                USBD_Init
 .text.USBD_RegisterClass
                0x0000000008011210       0x42 Middlewares/ST/STM32_USB_Device_Library/Core/Src/usbd_core.o
                0x0000000008011210                USBD_RegisterClass
 .text.USBD_Start
                0x0000000008011252       0x18 Middlewares/ST/STM32_USB_Device_Library/Core/Src/usbd_core.o
                0x0000000008011252                USBD_Start
 .text.USBD_RunTestMode
                0x000000000801126a       0x16 Middlewares/ST/STM32_USB_Device_Library/Core/Src/usbd_core.o
                0x000000000801126a                USBD_RunTestMode
 .text.USBD_SetClassConfig
                0x0000000008011280       0x38 Middlewares/ST/STM32_USB_Device_Library/Core/Src/usbd_core.o
                0x0000000008011280                USBD_SetClassConfig
 .text.USBD_ClrClassConfig
                0x00000000080112b8       0x30 Middlewares/ST/STM32_USB_Device_Library/Core/Src/usbd_core.o
                0x00000000080112b8                USBD_ClrClassConfig
 .text.USBD_LL_SetupStage
                0x00000000080112e8       0xa6 Middlewares/ST/STM32_USB_Device_Library/Core/Src/usbd_core.o
                0x00000000080112e8                USBD_LL_SetupStage
 .text.USBD_LL_DataOutStage
                0x000000000801138e       0xc6 Middlewares/ST/STM32_USB_Device_Library/Core/Src/usbd_core.o
                0x000000000801138e                USBD_LL_DataOutStage
 .text.USBD_LL_DataInStage
                0x0000000008011454      0x12c Middlewares/ST/STM32_USB_Device_Library/Core/Src/usbd_core.o
                0x0000000008011454                USBD_LL_DataInStage
 .text.USBD_LL_Reset
                0x0000000008011580       0x82 Middlewares/ST/STM32_USB_Device_Library/Core/Src/usbd_core.o
                0x0000000008011580                USBD_LL_Reset
 .text.USBD_LL_SetSpeed
                0x0000000008011602       0x20 Middlewares/ST/STM32_USB_Device_Library/Core/Src/usbd_core.o
                0x0000000008011602                USBD_LL_SetSpeed
 .text.USBD_LL_Suspend
                0x0000000008011622       0x2a Middlewares/ST/STM32_USB_Device_Library/Core/Src/usbd_core.o
                0x0000000008011622                USBD_LL_Suspend
 .text.USBD_LL_Resume
                0x000000000801164c       0x2c Middlewares/ST/STM32_USB_Device_Library/Core/Src/usbd_core.o
                0x000000000801164c                USBD_LL_Resume
 .text.USBD_LL_SOF
                0x0000000008011678       0x34 Middlewares/ST/STM32_USB_Device_Library/Core/Src/usbd_core.o
                0x0000000008011678                USBD_LL_SOF
 .text.USBD_LL_IsoINIncomplete
                0x00000000080116ac       0x1a Middlewares/ST/STM32_USB_Device_Library/Core/Src/usbd_core.o
                0x00000000080116ac                USBD_LL_IsoINIncomplete
 .text.USBD_LL_IsoOUTIncomplete
                0x00000000080116c6       0x1a Middlewares/ST/STM32_USB_Device_Library/Core/Src/usbd_core.o
                0x00000000080116c6                USBD_LL_IsoOUTIncomplete
 .text.USBD_LL_DevConnected
                0x00000000080116e0       0x16 Middlewares/ST/STM32_USB_Device_Library/Core/Src/usbd_core.o
                0x00000000080116e0                USBD_LL_DevConnected
 .text.USBD_LL_DevDisconnected
                0x00000000080116f6       0x38 Middlewares/ST/STM32_USB_Device_Library/Core/Src/usbd_core.o
                0x00000000080116f6                USBD_LL_DevDisconnected
 .text.SWAPBYTE
                0x000000000801172e       0x3c Middlewares/ST/STM32_USB_Device_Library/Core/Src/usbd_ctlreq.o
 *fill*         0x000000000801176a        0x2 
 .text.USBD_StdDevReq
                0x000000000801176c       0xdc Middlewares/ST/STM32_USB_Device_Library/Core/Src/usbd_ctlreq.o
                0x000000000801176c                USBD_StdDevReq
 .text.USBD_StdItfReq
                0x0000000008011848       0x8c Middlewares/ST/STM32_USB_Device_Library/Core/Src/usbd_ctlreq.o
                0x0000000008011848                USBD_StdItfReq
 .text.USBD_StdEPReq
                0x00000000080118d4      0x2aa Middlewares/ST/STM32_USB_Device_Library/Core/Src/usbd_ctlreq.o
                0x00000000080118d4                USBD_StdEPReq
 *fill*         0x0000000008011b7e        0x2 
 .text.USBD_GetDescriptor
                0x0000000008011b80      0x2d4 Middlewares/ST/STM32_USB_Device_Library/Core/Src/usbd_ctlreq.o
 .text.USBD_SetAddress
                0x0000000008011e54       0x84 Middlewares/ST/STM32_USB_Device_Library/Core/Src/usbd_ctlreq.o
 .text.USBD_SetConfig
                0x0000000008011ed8      0x148 Middlewares/ST/STM32_USB_Device_Library/Core/Src/usbd_ctlreq.o
 .text.USBD_GetConfig
                0x0000000008012020       0x68 Middlewares/ST/STM32_USB_Device_Library/Core/Src/usbd_ctlreq.o
 .text.USBD_GetStatus
                0x0000000008012088       0x66 Middlewares/ST/STM32_USB_Device_Library/Core/Src/usbd_ctlreq.o
 .text.USBD_SetFeature
                0x00000000080120ee       0x28 Middlewares/ST/STM32_USB_Device_Library/Core/Src/usbd_ctlreq.o
 .text.USBD_ClrFeature
                0x0000000008012116       0x42 Middlewares/ST/STM32_USB_Device_Library/Core/Src/usbd_ctlreq.o
 .text.USBD_ParseSetupRequest
                0x0000000008012158       0x74 Middlewares/ST/STM32_USB_Device_Library/Core/Src/usbd_ctlreq.o
                0x0000000008012158                USBD_ParseSetupRequest
 .text.USBD_CtlError
                0x00000000080121cc       0x22 Middlewares/ST/STM32_USB_Device_Library/Core/Src/usbd_ctlreq.o
                0x00000000080121cc                USBD_CtlError
 .text.USBD_GetString
                0x00000000080121ee       0x8c Middlewares/ST/STM32_USB_Device_Library/Core/Src/usbd_ctlreq.o
                0x00000000080121ee                USBD_GetString
 .text.USBD_GetLen
                0x000000000801227a       0x34 Middlewares/ST/STM32_USB_Device_Library/Core/Src/usbd_ctlreq.o
 .text.USBD_CtlSendData
                0x00000000080122ae       0x36 Middlewares/ST/STM32_USB_Device_Library/Core/Src/usbd_ioreq.o
                0x00000000080122ae                USBD_CtlSendData
 .text.USBD_CtlContinueSendData
                0x00000000080122e4       0x22 Middlewares/ST/STM32_USB_Device_Library/Core/Src/usbd_ioreq.o
                0x00000000080122e4                USBD_CtlContinueSendData
 .text.USBD_CtlPrepareRx
                0x0000000008012306       0x3a Middlewares/ST/STM32_USB_Device_Library/Core/Src/usbd_ioreq.o
                0x0000000008012306                USBD_CtlPrepareRx
 .text.USBD_CtlContinueRx
                0x0000000008012340       0x22 Middlewares/ST/STM32_USB_Device_Library/Core/Src/usbd_ioreq.o
                0x0000000008012340                USBD_CtlContinueRx
 .text.USBD_CtlSendStatus
                0x0000000008012362       0x26 Middlewares/ST/STM32_USB_Device_Library/Core/Src/usbd_ioreq.o
                0x0000000008012362                USBD_CtlSendStatus
 .text.USBD_CtlReceiveStatus
                0x0000000008012388       0x26 Middlewares/ST/STM32_USB_Device_Library/Core/Src/usbd_ioreq.o
                0x0000000008012388                USBD_CtlReceiveStatus
 .text.makeFreeRtosPriority
                0x00000000080123ae       0x30 Middlewares/Third_Party/FreeRTOS/Source/CMSIS_RTOS/cmsis_os.o
 .text.inHandlerMode
                0x00000000080123de       0x24 Middlewares/Third_Party/FreeRTOS/Source/CMSIS_RTOS/cmsis_os.o
 .text.osKernelStart
                0x0000000008012402        0xe Middlewares/Third_Party/FreeRTOS/Source/CMSIS_RTOS/cmsis_os.o
                0x0000000008012402                osKernelStart
 .text.osThreadCreate
                0x0000000008012410       0x98 Middlewares/Third_Party/FreeRTOS/Source/CMSIS_RTOS/cmsis_os.o
                0x0000000008012410                osThreadCreate
 .text.osDelay  0x00000000080124a8       0x28 Middlewares/Third_Party/FreeRTOS/Source/CMSIS_RTOS/cmsis_os.o
                0x00000000080124a8                osDelay
 .text.osSignalSet
                0x00000000080124d0       0x80 Middlewares/Third_Party/FreeRTOS/Source/CMSIS_RTOS/cmsis_os.o
                0x00000000080124d0                osSignalSet
 .text.osSignalWait
                0x0000000008012550       0x98 Middlewares/Third_Party/FreeRTOS/Source/CMSIS_RTOS/cmsis_os.o
                0x0000000008012550                osSignalWait
 .text.osMutexCreate
                0x00000000080125e8       0x30 Middlewares/Third_Party/FreeRTOS/Source/CMSIS_RTOS/cmsis_os.o
                0x00000000080125e8                osMutexCreate
 .text.osPoolCreate
                0x0000000008012618       0xba Middlewares/Third_Party/FreeRTOS/Source/CMSIS_RTOS/cmsis_os.o
                0x0000000008012618                osPoolCreate
 .text.osPoolAlloc
                0x00000000080126d2       0xc4 Middlewares/Third_Party/FreeRTOS/Source/CMSIS_RTOS/cmsis_os.o
                0x00000000080126d2                osPoolAlloc
 .text.osPoolFree
                0x0000000008012796       0x82 Middlewares/Third_Party/FreeRTOS/Source/CMSIS_RTOS/cmsis_os.o
                0x0000000008012796                osPoolFree
 .text.osMailCreate
                0x0000000008012818       0xb0 Middlewares/Third_Party/FreeRTOS/Source/CMSIS_RTOS/cmsis_os.o
                0x0000000008012818                osMailCreate
 .text.osMailAlloc
                0x00000000080128c8       0x2a Middlewares/Third_Party/FreeRTOS/Source/CMSIS_RTOS/cmsis_os.o
                0x00000000080128c8                osMailAlloc
 *fill*         0x00000000080128f2        0x2 
 .text.osMailPut
                0x00000000080128f4       0x7c Middlewares/Third_Party/FreeRTOS/Source/CMSIS_RTOS/cmsis_os.o
                0x00000000080128f4                osMailPut
 .text.osMailGet
                0x0000000008012970       0xe8 Middlewares/Third_Party/FreeRTOS/Source/CMSIS_RTOS/cmsis_os.o
                0x0000000008012970                osMailGet
 .text.osMailFree
                0x0000000008012a58       0x2a Middlewares/Third_Party/FreeRTOS/Source/CMSIS_RTOS/cmsis_os.o
                0x0000000008012a58                osMailFree
 .text.vListInitialise
                0x0000000008012a82       0x40 Middlewares/Third_Party/FreeRTOS/Source/list.o
                0x0000000008012a82                vListInitialise
 .text.vListInitialiseItem
                0x0000000008012ac2       0x1a Middlewares/Third_Party/FreeRTOS/Source/list.o
                0x0000000008012ac2                vListInitialiseItem
 .text.vListInsertEnd
                0x0000000008012adc       0x48 Middlewares/Third_Party/FreeRTOS/Source/list.o
                0x0000000008012adc                vListInsertEnd
 .text.vListInsert
                0x0000000008012b24       0x72 Middlewares/Third_Party/FreeRTOS/Source/list.o
                0x0000000008012b24                vListInsert
 .text.uxListRemove
                0x0000000008012b96       0x54 Middlewares/Third_Party/FreeRTOS/Source/list.o
                0x0000000008012b96                uxListRemove
 *fill*         0x0000000008012bea        0x2 
 .text.xQueueGenericReset
                0x0000000008012bec       0xd0 Middlewares/Third_Party/FreeRTOS/Source/queue.o
                0x0000000008012bec                xQueueGenericReset
 .text.xQueueGenericCreateStatic
                0x0000000008012cbc       0xe6 Middlewares/Third_Party/FreeRTOS/Source/queue.o
                0x0000000008012cbc                xQueueGenericCreateStatic
 .text.xQueueGenericCreate
                0x0000000008012da2       0x7e Middlewares/Third_Party/FreeRTOS/Source/queue.o
                0x0000000008012da2                xQueueGenericCreate
 .text.prvInitialiseNewQueue
                0x0000000008012e20       0x3e Middlewares/Third_Party/FreeRTOS/Source/queue.o
 .text.prvInitialiseMutex
                0x0000000008012e5e       0x34 Middlewares/Third_Party/FreeRTOS/Source/queue.o
 .text.xQueueCreateMutex
                0x0000000008012e92       0x30 Middlewares/Third_Party/FreeRTOS/Source/queue.o
                0x0000000008012e92                xQueueCreateMutex
 .text.xQueueCreateMutexStatic
                0x0000000008012ec2       0x36 Middlewares/Third_Party/FreeRTOS/Source/queue.o
                0x0000000008012ec2                xQueueCreateMutexStatic
 .text.xQueueGenericSend
                0x0000000008012ef8      0x1f4 Middlewares/Third_Party/FreeRTOS/Source/queue.o
                0x0000000008012ef8                xQueueGenericSend
 .text.xQueueGenericSendFromISR
                0x00000000080130ec      0x128 Middlewares/Third_Party/FreeRTOS/Source/queue.o
                0x00000000080130ec                xQueueGenericSendFromISR
 .text.xQueueReceive
                0x0000000008013214      0x1b8 Middlewares/Third_Party/FreeRTOS/Source/queue.o
                0x0000000008013214                xQueueReceive
 .text.xQueueReceiveFromISR
                0x00000000080133cc       0xfa Middlewares/Third_Party/FreeRTOS/Source/queue.o
                0x00000000080133cc                xQueueReceiveFromISR
 .text.prvCopyDataToQueue
                0x00000000080134c6       0xd4 Middlewares/Third_Party/FreeRTOS/Source/queue.o
 .text.prvCopyDataFromQueue
                0x000000000801359a       0x4c Middlewares/Third_Party/FreeRTOS/Source/queue.o
 .text.prvUnlockQueue
                0x00000000080135e6       0xa4 Middlewares/Third_Party/FreeRTOS/Source/queue.o
 .text.prvIsQueueEmpty
                0x000000000801368a       0x2c Middlewares/Third_Party/FreeRTOS/Source/queue.o
 .text.prvIsQueueFull
                0x00000000080136b6       0x30 Middlewares/Third_Party/FreeRTOS/Source/queue.o
 .text.xTaskCreateStatic
                0x00000000080136e6       0xb4 Middlewares/Third_Party/FreeRTOS/Source/tasks.o
                0x00000000080136e6                xTaskCreateStatic
 .text.xTaskCreate
                0x000000000801379a       0x8a Middlewares/Third_Party/FreeRTOS/Source/tasks.o
                0x000000000801379a                xTaskCreate
 .text.prvInitialiseNewTask
                0x0000000008013824      0x10c Middlewares/Third_Party/FreeRTOS/Source/tasks.o
 .text.prvAddNewTaskToReadyList
                0x0000000008013930       0xd4 Middlewares/Third_Party/FreeRTOS/Source/tasks.o
 .text.vTaskDelay
                0x0000000008013a04       0x68 Middlewares/Third_Party/FreeRTOS/Source/tasks.o
                0x0000000008013a04                vTaskDelay
 .text.vTaskStartScheduler
                0x0000000008013a6c       0xbc Middlewares/Third_Party/FreeRTOS/Source/tasks.o
                0x0000000008013a6c                vTaskStartScheduler
 .text.vTaskSuspendAll
                0x0000000008013b28       0x1c Middlewares/Third_Party/FreeRTOS/Source/tasks.o
                0x0000000008013b28                vTaskSuspendAll
 .text.xTaskResumeAll
                0x0000000008013b44      0x138 Middlewares/Third_Party/FreeRTOS/Source/tasks.o
                0x0000000008013b44                xTaskResumeAll
 .text.xTaskIncrementTick
                0x0000000008013c7c      0x170 Middlewares/Third_Party/FreeRTOS/Source/tasks.o
                0x0000000008013c7c                xTaskIncrementTick
 .text.vTaskSwitchContext
                0x0000000008013dec       0xb4 Middlewares/Third_Party/FreeRTOS/Source/tasks.o
                0x0000000008013dec                vTaskSwitchContext
 .text.vTaskPlaceOnEventList
                0x0000000008013ea0       0x48 Middlewares/Third_Party/FreeRTOS/Source/tasks.o
                0x0000000008013ea0                vTaskPlaceOnEventList
 .text.xTaskRemoveFromEventList
                0x0000000008013ee8       0xc4 Middlewares/Third_Party/FreeRTOS/Source/tasks.o
                0x0000000008013ee8                xTaskRemoveFromEventList
 .text.vTaskInternalSetTimeOutState
                0x0000000008013fac       0x2c Middlewares/Third_Party/FreeRTOS/Source/tasks.o
                0x0000000008013fac                vTaskInternalSetTimeOutState
 .text.xTaskCheckForTimeOut
                0x0000000008013fd8       0xc0 Middlewares/Third_Party/FreeRTOS/Source/tasks.o
                0x0000000008013fd8                xTaskCheckForTimeOut
 .text.vTaskMissedYield
                0x0000000008014098       0x18 Middlewares/Third_Party/FreeRTOS/Source/tasks.o
                0x0000000008014098                vTaskMissedYield
 .text.prvIdleTask
                0x00000000080140b0       0x30 Middlewares/Third_Party/FreeRTOS/Source/tasks.o
 .text.prvInitialiseTaskLists
                0x00000000080140e0       0x80 Middlewares/Third_Party/FreeRTOS/Source/tasks.o
 .text.prvCheckTasksWaitingTermination
                0x0000000008014160       0x58 Middlewares/Third_Party/FreeRTOS/Source/tasks.o
 .text.prvDeleteTCB
                0x00000000080141b8       0x5c Middlewares/Third_Party/FreeRTOS/Source/tasks.o
 .text.prvResetNextTaskUnblockTime
                0x0000000008014214       0x40 Middlewares/Third_Party/FreeRTOS/Source/tasks.o
 .text.xTaskGetSchedulerState
                0x0000000008014254       0x3c Middlewares/Third_Party/FreeRTOS/Source/tasks.o
                0x0000000008014254                xTaskGetSchedulerState
 .text.xTaskPriorityDisinherit
                0x0000000008014290      0x108 Middlewares/Third_Party/FreeRTOS/Source/tasks.o
                0x0000000008014290                xTaskPriorityDisinherit
 .text.xTaskNotifyWait
                0x0000000008014398       0xb4 Middlewares/Third_Party/FreeRTOS/Source/tasks.o
                0x0000000008014398                xTaskNotifyWait
 .text.xTaskGenericNotify
                0x000000000801444c      0x164 Middlewares/Third_Party/FreeRTOS/Source/tasks.o
                0x000000000801444c                xTaskGenericNotify
 .text.xTaskGenericNotifyFromISR
                0x00000000080145b0      0x1b0 Middlewares/Third_Party/FreeRTOS/Source/tasks.o
                0x00000000080145b0                xTaskGenericNotifyFromISR
 .text.prvAddCurrentTaskToDelayedList
                0x0000000008014760       0xcc Middlewares/Third_Party/FreeRTOS/Source/tasks.o
 .text.pxPortInitialiseStack
                0x000000000801482c       0x68 Middlewares/Third_Party/FreeRTOS/Source/portable/GCC/ARM_CM4F/port.o
                0x000000000801482c                pxPortInitialiseStack
 .text.prvTaskExitError
                0x0000000008014894       0x54 Middlewares/Third_Party/FreeRTOS/Source/portable/GCC/ARM_CM4F/port.o
 *fill*         0x00000000080148e8        0x8 
 .text.SVC_Handler
                0x00000000080148f0       0x28 Middlewares/Third_Party/FreeRTOS/Source/portable/GCC/ARM_CM4F/port.o
                0x00000000080148f0                SVC_Handler
 .text.prvPortStartFirstTask
                0x0000000008014918       0x28 Middlewares/Third_Party/FreeRTOS/Source/portable/GCC/ARM_CM4F/port.o
 .text.xPortStartScheduler
                0x0000000008014940      0x13c Middlewares/Third_Party/FreeRTOS/Source/portable/GCC/ARM_CM4F/port.o
                0x0000000008014940                xPortStartScheduler
 .text.vPortEnterCritical
                0x0000000008014a7c       0x5c Middlewares/Third_Party/FreeRTOS/Source/portable/GCC/ARM_CM4F/port.o
                0x0000000008014a7c                vPortEnterCritical
 .text.vPortExitCritical
                0x0000000008014ad8       0x50 Middlewares/Third_Party/FreeRTOS/Source/portable/GCC/ARM_CM4F/port.o
                0x0000000008014ad8                vPortExitCritical
 *fill*         0x0000000008014b28        0x8 
 .text.PendSV_Handler
                0x0000000008014b30       0x68 Middlewares/Third_Party/FreeRTOS/Source/portable/GCC/ARM_CM4F/port.o
                0x0000000008014b30                PendSV_Handler
 .text.SysTick_Handler
                0x0000000008014b98       0x40 Middlewares/Third_Party/FreeRTOS/Source/portable/GCC/ARM_CM4F/port.o
                0x0000000008014b98                SysTick_Handler
 .text.vPortSetupTimerInterrupt
                0x0000000008014bd8       0x48 Middlewares/Third_Party/FreeRTOS/Source/portable/GCC/ARM_CM4F/port.o
                0x0000000008014bd8                vPortSetupTimerInterrupt
 .text.vPortEnableVFP
                0x0000000008014c20       0x14 Middlewares/Third_Party/FreeRTOS/Source/portable/GCC/ARM_CM4F/port.o
 .text.vPortValidateInterruptPriority
                0x0000000008014c34       0x7c Middlewares/Third_Party/FreeRTOS/Source/portable/GCC/ARM_CM4F/port.o
                0x0000000008014c34                vPortValidateInterruptPriority
 .text.pvPortMalloc
                0x0000000008014cb0      0x184 Middlewares/Third_Party/FreeRTOS/Source/portable/MemMang/heap_4.o
                0x0000000008014cb0                pvPortMalloc
 .text.vPortFree
                0x0000000008014e34       0xb0 Middlewares/Third_Party/FreeRTOS/Source/portable/MemMang/heap_4.o
                0x0000000008014e34                vPortFree
 .text.prvHeapInit
                0x0000000008014ee4       0xc4 Middlewares/Third_Party/FreeRTOS/Source/portable/MemMang/heap_4.o
 .text.prvInsertBlockIntoFreeList
                0x0000000008014fa8       0xb4 Middlewares/Third_Party/FreeRTOS/Source/portable/MemMang/heap_4.o
 .text.MX_USB_DEVICE_Init
                0x000000000801505c       0x60 USB_DEVICE/App/usb_device.o
                0x000000000801505c                MX_USB_DEVICE_Init
 .text.CDC_Init_FS
                0x00000000080150bc       0x28 USB_DEVICE/App/usbd_cdc_if.o
 .text.CDC_DeInit_FS
                0x00000000080150e4       0x10 USB_DEVICE/App/usbd_cdc_if.o
 .text.CDC_Control_FS
                0x00000000080150f4      0x144 USB_DEVICE/App/usbd_cdc_if.o
 .text.CDC_Receive_FS
                0x0000000008015238       0x3c USB_DEVICE/App/usbd_cdc_if.o
 .text.CDC_Transmit_FS
                0x0000000008015274       0x4c USB_DEVICE/App/usbd_cdc_if.o
                0x0000000008015274                CDC_Transmit_FS
 .text.CDC_TransmitCplt_FS
                0x00000000080152c0       0x22 USB_DEVICE/App/usbd_cdc_if.o
 *fill*         0x00000000080152e2        0x2 
 .text.USBD_FS_DeviceDescriptor
                0x00000000080152e4       0x24 USB_DEVICE/App/usbd_desc.o
                0x00000000080152e4                USBD_FS_DeviceDescriptor
 .text.USBD_FS_LangIDStrDescriptor
                0x0000000008015308       0x24 USB_DEVICE/App/usbd_desc.o
                0x0000000008015308                USBD_FS_LangIDStrDescriptor
 .text.USBD_FS_ProductStrDescriptor
                0x000000000801532c       0x3c USB_DEVICE/App/usbd_desc.o
                0x000000000801532c                USBD_FS_ProductStrDescriptor
 .text.USBD_FS_ManufacturerStrDescriptor
                0x0000000008015368       0x28 USB_DEVICE/App/usbd_desc.o
                0x0000000008015368                USBD_FS_ManufacturerStrDescriptor
 .text.USBD_FS_SerialStrDescriptor
                0x0000000008015390       0x24 USB_DEVICE/App/usbd_desc.o
                0x0000000008015390                USBD_FS_SerialStrDescriptor
 .text.USBD_FS_ConfigStrDescriptor
                0x00000000080153b4       0x3c USB_DEVICE/App/usbd_desc.o
                0x00000000080153b4                USBD_FS_ConfigStrDescriptor
 .text.USBD_FS_InterfaceStrDescriptor
                0x00000000080153f0       0x3c USB_DEVICE/App/usbd_desc.o
                0x00000000080153f0                USBD_FS_InterfaceStrDescriptor
 .text.Get_SerialNum
                0x000000000801542c       0x58 USB_DEVICE/App/usbd_desc.o
 .text.IntToUnicode
                0x0000000008015484       0x7c USB_DEVICE/App/usbd_desc.o
 .text.HAL_PCD_MspInit
                0x0000000008015500       0xa8 USB_DEVICE/Target/usbd_conf.o
                0x0000000008015500                HAL_PCD_MspInit
 .text.HAL_PCD_SetupStageCallback
                0x00000000080155a8       0x24 USB_DEVICE/Target/usbd_conf.o
                0x00000000080155a8                HAL_PCD_SetupStageCallback
 .text.HAL_PCD_DataOutStageCallback
                0x00000000080155cc       0x36 USB_DEVICE/Target/usbd_conf.o
                0x00000000080155cc                HAL_PCD_DataOutStageCallback
 .text.HAL_PCD_DataInStageCallback
                0x0000000008015602       0x34 USB_DEVICE/Target/usbd_conf.o
                0x0000000008015602                HAL_PCD_DataInStageCallback
 .text.HAL_PCD_SOFCallback
                0x0000000008015636       0x1c USB_DEVICE/Target/usbd_conf.o
                0x0000000008015636                HAL_PCD_SOFCallback
 .text.HAL_PCD_ResetCallback
                0x0000000008015652       0x50 USB_DEVICE/Target/usbd_conf.o
                0x0000000008015652                HAL_PCD_ResetCallback
 *fill*         0x00000000080156a2        0x2 
 .text.HAL_PCD_SuspendCallback
                0x00000000080156a4       0x4c USB_DEVICE/Target/usbd_conf.o
                0x00000000080156a4                HAL_PCD_SuspendCallback
 .text.HAL_PCD_ResumeCallback
                0x00000000080156f0       0x1c USB_DEVICE/Target/usbd_conf.o
                0x00000000080156f0                HAL_PCD_ResumeCallback
 .text.HAL_PCD_ISOOUTIncompleteCallback
                0x000000000801570c       0x24 USB_DEVICE/Target/usbd_conf.o
                0x000000000801570c                HAL_PCD_ISOOUTIncompleteCallback
 .text.HAL_PCD_ISOINIncompleteCallback
                0x0000000008015730       0x24 USB_DEVICE/Target/usbd_conf.o
                0x0000000008015730                HAL_PCD_ISOINIncompleteCallback
 .text.HAL_PCD_ConnectCallback
                0x0000000008015754       0x1c USB_DEVICE/Target/usbd_conf.o
                0x0000000008015754                HAL_PCD_ConnectCallback
 .text.HAL_PCD_DisconnectCallback
                0x0000000008015770       0x1c USB_DEVICE/Target/usbd_conf.o
                0x0000000008015770                HAL_PCD_DisconnectCallback
 .text.USBD_LL_Init
                0x000000000801578c       0x98 USB_DEVICE/Target/usbd_conf.o
                0x000000000801578c                USBD_LL_Init
 .text.USBD_LL_Start
                0x0000000008015824       0x36 USB_DEVICE/Target/usbd_conf.o
                0x0000000008015824                USBD_LL_Start
 .text.USBD_LL_OpenEP
                0x000000000801585a       0x4c USB_DEVICE/Target/usbd_conf.o
                0x000000000801585a                USBD_LL_OpenEP
 .text.USBD_LL_CloseEP
                0x00000000080158a6       0x3e USB_DEVICE/Target/usbd_conf.o
                0x00000000080158a6                USBD_LL_CloseEP
 .text.USBD_LL_StallEP
                0x00000000080158e4       0x3e USB_DEVICE/Target/usbd_conf.o
                0x00000000080158e4                USBD_LL_StallEP
 .text.USBD_LL_ClearStallEP
                0x0000000008015922       0x3e USB_DEVICE/Target/usbd_conf.o
                0x0000000008015922                USBD_LL_ClearStallEP
 .text.USBD_LL_IsStallEP
                0x0000000008015960       0x58 USB_DEVICE/Target/usbd_conf.o
                0x0000000008015960                USBD_LL_IsStallEP
 .text.USBD_LL_SetUSBAddress
                0x00000000080159b8       0x3e USB_DEVICE/Target/usbd_conf.o
                0x00000000080159b8                USBD_LL_SetUSBAddress
 .text.USBD_LL_Transmit
                0x00000000080159f6       0x42 USB_DEVICE/Target/usbd_conf.o
                0x00000000080159f6                USBD_LL_Transmit
 .text.USBD_LL_PrepareReceive
                0x0000000008015a38       0x42 USB_DEVICE/Target/usbd_conf.o
                0x0000000008015a38                USBD_LL_PrepareReceive
 .text.USBD_LL_GetRxDataSize
                0x0000000008015a7a       0x26 USB_DEVICE/Target/usbd_conf.o
                0x0000000008015a7a                USBD_LL_GetRxDataSize
 .text.USBD_Get_USB_Status
                0x0000000008015aa0       0x58 USB_DEVICE/Target/usbd_conf.o
                0x0000000008015aa0                USBD_Get_USB_Status
 .text.calloc   0x0000000008015af8       0x10 c:/st/stm32cubeide_1.3.0/stm32cubeide/plugins/com.st.stm32cube.ide.mcu.externaltools.gnu-tools-for-stm32.7-2018-q2-update.win32_1.5.0.202011040924/tools/bin/../lib/gcc/arm-none-eabi/7.3.1/../../../../arm-none-eabi/lib/thumb/v7e-m/fpv4-sp/hard\libc_nano.a(lib_a-calloc.o)
                0x0000000008015af8                calloc
 .text.__errno  0x0000000008015b08        0xc c:/st/stm32cubeide_1.3.0/stm32cubeide/plugins/com.st.stm32cube.ide.mcu.externaltools.gnu-tools-for-stm32.7-2018-q2-update.win32_1.5.0.202011040924/tools/bin/../lib/gcc/arm-none-eabi/7.3.1/../../../../arm-none-eabi/lib/thumb/v7e-m/fpv4-sp/hard\libc_nano.a(lib_a-errno.o)
                0x0000000008015b08                __errno
 .text.__libc_init_array
                0x0000000008015b14       0x48 c:/st/stm32cubeide_1.3.0/stm32cubeide/plugins/com.st.stm32cube.ide.mcu.externaltools.gnu-tools-for-stm32.7-2018-q2-update.win32_1.5.0.202011040924/tools/bin/../lib/gcc/arm-none-eabi/7.3.1/../../../../arm-none-eabi/lib/thumb/v7e-m/fpv4-sp/hard\libc_nano.a(lib_a-init.o)
                0x0000000008015b14                __libc_init_array
 .text.malloc   0x0000000008015b5c       0x10 c:/st/stm32cubeide_1.3.0/stm32cubeide/plugins/com.st.stm32cube.ide.mcu.externaltools.gnu-tools-for-stm32.7-2018-q2-update.win32_1.5.0.202011040924/tools/bin/../lib/gcc/arm-none-eabi/7.3.1/../../../../arm-none-eabi/lib/thumb/v7e-m/fpv4-sp/hard\libc_nano.a(lib_a-malloc.o)
                0x0000000008015b5c                malloc
 .text.free     0x0000000008015b6c       0x10 c:/st/stm32cubeide_1.3.0/stm32cubeide/plugins/com.st.stm32cube.ide.mcu.externaltools.gnu-tools-for-stm32.7-2018-q2-update.win32_1.5.0.202011040924/tools/bin/../lib/gcc/arm-none-eabi/7.3.1/../../../../arm-none-eabi/lib/thumb/v7e-m/fpv4-sp/hard\libc_nano.a(lib_a-malloc.o)
                0x0000000008015b6c                free
 .text.memcpy   0x0000000008015b7c       0x16 c:/st/stm32cubeide_1.3.0/stm32cubeide/plugins/com.st.stm32cube.ide.mcu.externaltools.gnu-tools-for-stm32.7-2018-q2-update.win32_1.5.0.202011040924/tools/bin/../lib/gcc/arm-none-eabi/7.3.1/../../../../arm-none-eabi/lib/thumb/v7e-m/fpv4-sp/hard\libc_nano.a(lib_a-memcpy-stub.o)
                0x0000000008015b7c                memcpy
 .text.memmove  0x0000000008015b92       0x32 c:/st/stm32cubeide_1.3.0/stm32cubeide/plugins/com.st.stm32cube.ide.mcu.externaltools.gnu-tools-for-stm32.7-2018-q2-update.win32_1.5.0.202011040924/tools/bin/../lib/gcc/arm-none-eabi/7.3.1/../../../../arm-none-eabi/lib/thumb/v7e-m/fpv4-sp/hard\libc_nano.a(lib_a-memmove.o)
                0x0000000008015b92                memmove
 .text.memset   0x0000000008015bc4       0x10 c:/st/stm32cubeide_1.3.0/stm32cubeide/plugins/com.st.stm32cube.ide.mcu.externaltools.gnu-tools-for-stm32.7-2018-q2-update.win32_1.5.0.202011040924/tools/bin/../lib/gcc/arm-none-eabi/7.3.1/../../../../arm-none-eabi/lib/thumb/v7e-m/fpv4-sp/hard\libc_nano.a(lib_a-memset.o)
                0x0000000008015bc4                memset
 .text._calloc_r
                0x0000000008015bd4       0x1c c:/st/stm32cubeide_1.3.0/stm32cubeide/plugins/com.st.stm32cube.ide.mcu.externaltools.gnu-tools-for-stm32.7-2018-q2-update.win32_1.5.0.202011040924/tools/bin/../lib/gcc/arm-none-eabi/7.3.1/../../../../arm-none-eabi/lib/thumb/v7e-m/fpv4-sp/hard\libc_nano.a(lib_a-nano-callocr.o)
                0x0000000008015bd4                _calloc_r
 .text._free_r  0x0000000008015bf0       0x9c c:/st/stm32cubeide_1.3.0/stm32cubeide/plugins/com.st.stm32cube.ide.mcu.externaltools.gnu-tools-for-stm32.7-2018-q2-update.win32_1.5.0.202011040924/tools/bin/../lib/gcc/arm-none-eabi/7.3.1/../../../../arm-none-eabi/lib/thumb/v7e-m/fpv4-sp/hard\libc_nano.a(lib_a-nano-freer.o)
                0x0000000008015bf0                _free_r
 .text._malloc_r
                0x0000000008015c8c       0xb4 c:/st/stm32cubeide_1.3.0/stm32cubeide/plugins/com.st.stm32cube.ide.mcu.externaltools.gnu-tools-for-stm32.7-2018-q2-update.win32_1.5.0.202011040924/tools/bin/../lib/gcc/arm-none-eabi/7.3.1/../../../../arm-none-eabi/lib/thumb/v7e-m/fpv4-sp/hard\libc_nano.a(lib_a-nano-mallocr.o)
                0x0000000008015c8c                _malloc_r
 .text.__cvt    0x0000000008015d40       0xc2 c:/st/stm32cubeide_1.3.0/stm32cubeide/plugins/com.st.stm32cube.ide.mcu.externaltools.gnu-tools-for-stm32.7-2018-q2-update.win32_1.5.0.202011040924/tools/bin/../lib/gcc/arm-none-eabi/7.3.1/../../../../arm-none-eabi/lib/thumb/v7e-m/fpv4-sp/hard\libc_nano.a(lib_a-nano-vfprintf_float.o)
                0x0000000008015d40                __cvt
 .text.__exponent
                0x0000000008015e02       0x66 c:/st/stm32cubeide_1.3.0/stm32cubeide/plugins/com.st.stm32cube.ide.mcu.externaltools.gnu-tools-for-stm32.7-2018-q2-update.win32_1.5.0.202011040924/tools/bin/../lib/gcc/arm-none-eabi/7.3.1/../../../../arm-none-eabi/lib/thumb/v7e-m/fpv4-sp/hard\libc_nano.a(lib_a-nano-vfprintf_float.o)
                0x0000000008015e02                __exponent
 .text._printf_float
                0x0000000008015e68      0x480 c:/st/stm32cubeide_1.3.0/stm32cubeide/plugins/com.st.stm32cube.ide.mcu.externaltools.gnu-tools-for-stm32.7-2018-q2-update.win32_1.5.0.202011040924/tools/bin/../lib/gcc/arm-none-eabi/7.3.1/../../../../arm-none-eabi/lib/thumb/v7e-m/fpv4-sp/hard\libc_nano.a(lib_a-nano-vfprintf_float.o)
                0x0000000008015e68                _printf_float
 .text._printf_common
                0x00000000080162e8       0xea c:/st/stm32cubeide_1.3.0/stm32cubeide/plugins/com.st.stm32cube.ide.mcu.externaltools.gnu-tools-for-stm32.7-2018-q2-update.win32_1.5.0.202011040924/tools/bin/../lib/gcc/arm-none-eabi/7.3.1/../../../../arm-none-eabi/lib/thumb/v7e-m/fpv4-sp/hard\libc_nano.a(lib_a-nano-vfprintf_i.o)
                0x00000000080162e8                _printf_common
 *fill*         0x00000000080163d2        0x2 
 .text._printf_i
                0x00000000080163d4      0x224 c:/st/stm32cubeide_1.3.0/stm32cubeide/plugins/com.st.stm32cube.ide.mcu.externaltools.gnu-tools-for-stm32.7-2018-q2-update.win32_1.5.0.202011040924/tools/bin/../lib/gcc/arm-none-eabi/7.3.1/../../../../arm-none-eabi/lib/thumb/v7e-m/fpv4-sp/hard\libc_nano.a(lib_a-nano-vfprintf_i.o)
                0x00000000080163d4                _printf_i
 .text._scanf_float
                0x00000000080165f8      0x3c4 c:/st/stm32cubeide_1.3.0/stm32cubeide/plugins/com.st.stm32cube.ide.mcu.externaltools.gnu-tools-for-stm32.7-2018-q2-update.win32_1.5.0.202011040924/tools/bin/../lib/gcc/arm-none-eabi/7.3.1/../../../../arm-none-eabi/lib/thumb/v7e-m/fpv4-sp/hard\libc_nano.a(lib_a-nano-vfscanf_float.o)
                0x00000000080165f8                _scanf_float
 .text._sbrk_r  0x00000000080169bc       0x20 c:/st/stm32cubeide_1.3.0/stm32cubeide/plugins/com.st.stm32cube.ide.mcu.externaltools.gnu-tools-for-stm32.7-2018-q2-update.win32_1.5.0.202011040924/tools/bin/../lib/gcc/arm-none-eabi/7.3.1/../../../../arm-none-eabi/lib/thumb/v7e-m/fpv4-sp/hard\libc_nano.a(lib_a-sbrkr.o)
                0x00000000080169bc                _sbrk_r