robot_lowlayler.c:32:6:lowlayer_scanReset	8	static
robot_lowlayler.c:48:9:lowlayer_scanFlow	16	static
robot_lowlayler.c:91:9:lowlayer_goToSoftLimit	24	static
robot_lowlayler.c:121:6:lowlayer_readTruePosition	16	static
robot_lowlayler.c:136:6:lowlayer_readSetPosition	24	static
robot_lowlayler.c:146:9:lowlayer_computeAndWritePulse	80	static
robot_lowlayler.c:182:9:lowlayer_writePulse	40	static
robot_lowlayler.c:258:6:lowlayer_resetEncoder	16	static
robot_lowlayler.c:266:9:lowlayer_readLimitSwitch	16	static
robot_lowlayler.c:272:9:lowlayer_readEncoder	24	static
robot_lowlayler.c:285:9:lowlayer_readCapture	24	static
robot_lowlayler.c:298:6:lowlayer_updateEncoder	24	static
robot_lowlayler.c:304:6:lowlayer_updateCapture	24	static
robot_lowlayler.c:310:6:lowlayer_updateLimit	16	static
robot_lowlayler.c:317:6:lowlayer_setOutput	16	static
robot_lowlayler.c:325:6:lowlayer_CPLD_Init	8	static
robot_lowlayler.c:329:6:lowlayer_stepMotorInit	8	static
