robot_scara.c:48:9:scaraStartup	8	static
robot_scara.c:58:21:scara_test_InitDuty	608	static
robot_scara.c:110:21:scaraInitDuty	1040	static
robot_scara.c:601:21:scaraInitLine	208	static
robot_scara.c:629:21:scaraInitCircle	312	static
robot_scara.c:704:21:scaraInitLinear	32	static
robot_scara.c:728:21:scaraInitLSPB1	104	static
robot_scara.c:849:21:scaraInitLSPB	208	static
robot_scara.c:967:21:scaraInitScurve	248	static
robot_scara.c:1106:21:scaraTestFlowDuty	424	static
robot_scara.c:1126:21:scaraFlowDuty	552	static
robot_scara.c:1316:21:scaraFlowLine	32	static
robot_scara.c:1332:21:scaraFlowCircle	56	static
robot_scara.c:1341:21:scaraFlowLSPB1	64	static
robot_scara.c:1372:21:scaraFlowLSPB	64	static
robot_scara.c:1406:21:scaraFLowScurve	88	static
robot_scara.c:1494:21:scaraCheckWorkSpace4	40	static
robot_scara.c:1515:21:scaraCheckWorkSpace1	24	static
robot_scara.c:1545:21:scaraTestLinearDuty	608	static
robot_scara.c:1565:21:scaraTestDuty	608	static
robot_scara.c:1583:9:scaraSetScanFlag	4	static
robot_scara.c:1587:9:scaraSetOutput	16	static
robot_scara.c:1592:9:scaraSetDutyState	16	static
robot_scara.c:1596:9:scaraSetMode	16	static
robot_scara.c:1600:9:scaraSetMethod	16	static
robot_scara.c:1605:9:scaraGetPosition	16	static
robot_scara.c:1609:9:scaraUpdatePosition	16	static
robot_scara.c:1614:19:scaraGetMode	4	static
robot_scara.c:1618:21:scaraGetMethod	4	static
robot_scara.c:1622:24:scaraGetDutyState	4	static
robot_scara.c:1626:13:scaraIsScanLimit	4	static
robot_scara.c:1630:13:scaraIsFinish	16	static
robot_scara.c:1639:13:scaraPosition2String	192	static
robot_scara.c:1681:9:scaraPosition_packaging	24	static
robot_scara.c:1695:6:Append_Coordinate_Value	16	static
robot_scara.c:1702:22:scaraKeyInit1	920	static
robot_scara.c:1822:22:scaraKeyInit	1024	static
robot_scara.c:2124:22:scaraKeyFlow	600	static
